Archive member included to satisfy reference by file (symbol)

.\CortexM0\ARM_GCC_541\Debug\EX2_1String.a(StripLights.o)
                              .\CortexM0\ARM_GCC_541\Debug\main.o (StripLights_Trigger)
.\CortexM0\ARM_GCC_541\Debug\EX2_1String.a(StripLights_fonts.o)
                              .\CortexM0\ARM_GCC_541\Debug\EX2_1String.a(StripLights.o) (StripLights_SetFont)
.\CortexM0\ARM_GCC_541\Debug\EX2_1String.a(StripLights_cisr.o)
                              .\CortexM0\ARM_GCC_541\Debug\EX2_1String.a(StripLights.o) (StripLights_cisr_SetPriority)
.\CortexM0\ARM_GCC_541\Debug\EX2_1String.a(StripLights_fisr.o)
                              .\CortexM0\ARM_GCC_541\Debug\EX2_1String.a(StripLights.o) (StripLights_fisr_SetPriority)
.\CortexM0\ARM_GCC_541\Debug\EX2_1String.a(CyLib.o)
                              .\CortexM0\ARM_GCC_541\Debug\cyfitter_cfg.o (CyIntEnable)
.\CortexM0\ARM_GCC_541\Debug\EX2_1String.a(CyLFClk.o)
                              .\CortexM0\ARM_GCC_541\Debug\cyfitter_cfg.o (CySysWdtIsr)
.\CortexM0\ARM_GCC_541\Debug\EX2_1String.a(Pin_LED.o)
                              .\CortexM0\ARM_GCC_541\Debug\main.o (Pin_LED_Write)
.\CortexM0\ARM_GCC_541\Debug\EX2_1String.a(Pin_Flex.o)
                              .\CortexM0\ARM_GCC_541\Debug\main.o (Pin_Flex_Read)
.\CortexM0\ARM_GCC_541\Debug\EX2_1String.a(CyBootAsmGnu.o)
                              .\CortexM0\ARM_GCC_541\Debug\EX2_1String.a(CyLib.o) (CyDelayCycles)
c:/program files (x86)/cypress/psoc creator/4.1/psoc creator/import/gnu/arm/5.4.1/bin/../lib/gcc/arm-none-eabi/5.4.1/armv6-m\libgcc.a(_udivsi3.o)
                              .\CortexM0\ARM_GCC_541\Debug\main.o (__aeabi_uidiv)
c:/program files (x86)/cypress/psoc creator/4.1/psoc creator/import/gnu/arm/5.4.1/bin/../lib/gcc/arm-none-eabi/5.4.1/armv6-m\libgcc.a(_dvmd_tls.o)
                              c:/program files (x86)/cypress/psoc creator/4.1/psoc creator/import/gnu/arm/5.4.1/bin/../lib/gcc/arm-none-eabi/5.4.1/armv6-m\libgcc.a(_udivsi3.o) (__aeabi_idiv0)
c:/program files (x86)/cypress/psoc creator/4.1/psoc creator/import/gnu/arm/5.4.1/bin/../lib/gcc/arm-none-eabi/5.4.1/../../../../arm-none-eabi/lib/armv6-m\libg_nano.a(lib_a-errno.o)
                              .\CortexM0\ARM_GCC_541\Debug\Cm0Start.o (__errno)
c:/program files (x86)/cypress/psoc creator/4.1/psoc creator/import/gnu/arm/5.4.1/bin/../lib/gcc/arm-none-eabi/5.4.1/../../../../arm-none-eabi/lib/armv6-m\libg_nano.a(lib_a-exit.o)
                              c:/program files (x86)/cypress/psoc creator/4.1/psoc creator/import/gnu/arm/5.4.1/bin/../lib/gcc/arm-none-eabi/5.4.1/../../../../arm-none-eabi/lib/armv6-m/crt0.o (exit)
c:/program files (x86)/cypress/psoc creator/4.1/psoc creator/import/gnu/arm/5.4.1/bin/../lib/gcc/arm-none-eabi/5.4.1/../../../../arm-none-eabi/lib/armv6-m\libg_nano.a(lib_a-impure.o)
                              c:/program files (x86)/cypress/psoc creator/4.1/psoc creator/import/gnu/arm/5.4.1/bin/../lib/gcc/arm-none-eabi/5.4.1/../../../../arm-none-eabi/lib/armv6-m\libg_nano.a(lib_a-exit.o) (_global_impure_ptr)
c:/program files (x86)/cypress/psoc creator/4.1/psoc creator/import/gnu/arm/5.4.1/bin/../lib/gcc/arm-none-eabi/5.4.1/../../../../arm-none-eabi/lib/armv6-m\libg_nano.a(lib_a-init.o)
                              c:/program files (x86)/cypress/psoc creator/4.1/psoc creator/import/gnu/arm/5.4.1/bin/../lib/gcc/arm-none-eabi/5.4.1/../../../../arm-none-eabi/lib/armv6-m/crt0.o (__libc_init_array)
c:/program files (x86)/cypress/psoc creator/4.1/psoc creator/import/gnu/arm/5.4.1/bin/../lib/gcc/arm-none-eabi/5.4.1/../../../../arm-none-eabi/lib/armv6-m\libg_nano.a(lib_a-memset.o)
                              c:/program files (x86)/cypress/psoc creator/4.1/psoc creator/import/gnu/arm/5.4.1/bin/../lib/gcc/arm-none-eabi/5.4.1/../../../../arm-none-eabi/lib/armv6-m/crt0.o (memset)

Allocating common symbols
Common symbol       size              file

StripLights_ledArray
                    0x38              .\CortexM0\ARM_GCC_541\Debug\EX2_1String.a(StripLights.o)
StripLights_fontX   0x4               .\CortexM0\ARM_GCC_541\Debug\EX2_1String.a(StripLights_fonts.o)
StripLights_DimMask
                    0x4               .\CortexM0\ARM_GCC_541\Debug\EX2_1String.a(StripLights.o)
StripLights_DimShift
                    0x4               .\CortexM0\ARM_GCC_541\Debug\EX2_1String.a(StripLights.o)
StripLights_refreshComplete
                    0x4               .\CortexM0\ARM_GCC_541\Debug\EX2_1String.a(StripLights.o)
StripLights_fontOffset
                    0x4               .\CortexM0\ARM_GCC_541\Debug\EX2_1String.a(StripLights_fonts.o)
StripLights_fontPtr
                    0x4               .\CortexM0\ARM_GCC_541\Debug\EX2_1String.a(StripLights_fonts.o)
StripLights_fontY   0x4               .\CortexM0\ARM_GCC_541\Debug\EX2_1String.a(StripLights_fonts.o)

Discarded input sections

 .text          0x00000000        0x0 c:/program files (x86)/cypress/psoc creator/4.1/psoc creator/import/gnu/arm/5.4.1/bin/../lib/gcc/arm-none-eabi/5.4.1/armv6-m/crti.o
 .data          0x00000000        0x0 c:/program files (x86)/cypress/psoc creator/4.1/psoc creator/import/gnu/arm/5.4.1/bin/../lib/gcc/arm-none-eabi/5.4.1/armv6-m/crti.o
 .bss           0x00000000        0x0 c:/program files (x86)/cypress/psoc creator/4.1/psoc creator/import/gnu/arm/5.4.1/bin/../lib/gcc/arm-none-eabi/5.4.1/armv6-m/crti.o
 .data          0x00000000        0x4 c:/program files (x86)/cypress/psoc creator/4.1/psoc creator/import/gnu/arm/5.4.1/bin/../lib/gcc/arm-none-eabi/5.4.1/armv6-m/crtbegin.o
 .text          0x00000000       0x78 c:/program files (x86)/cypress/psoc creator/4.1/psoc creator/import/gnu/arm/5.4.1/bin/../lib/gcc/arm-none-eabi/5.4.1/../../../../arm-none-eabi/lib/armv6-m/crt0.o
 .data          0x00000000        0x0 c:/program files (x86)/cypress/psoc creator/4.1/psoc creator/import/gnu/arm/5.4.1/bin/../lib/gcc/arm-none-eabi/5.4.1/../../../../arm-none-eabi/lib/armv6-m/crt0.o
 .bss           0x00000000        0x0 c:/program files (x86)/cypress/psoc creator/4.1/psoc creator/import/gnu/arm/5.4.1/bin/../lib/gcc/arm-none-eabi/5.4.1/../../../../arm-none-eabi/lib/armv6-m/crt0.o
 .ARM.extab     0x00000000        0x0 c:/program files (x86)/cypress/psoc creator/4.1/psoc creator/import/gnu/arm/5.4.1/bin/../lib/gcc/arm-none-eabi/5.4.1/../../../../arm-none-eabi/lib/armv6-m/crt0.o
 .ARM.exidx     0x00000000        0x8 c:/program files (x86)/cypress/psoc creator/4.1/psoc creator/import/gnu/arm/5.4.1/bin/../lib/gcc/arm-none-eabi/5.4.1/../../../../arm-none-eabi/lib/armv6-m/crt0.o
 .text          0x00000000        0x0 .\CortexM0\ARM_GCC_541\Debug\main.o
 .data          0x00000000        0x0 .\CortexM0\ARM_GCC_541\Debug\main.o
 .bss           0x00000000        0x0 .\CortexM0\ARM_GCC_541\Debug\main.o
 .text.SlowColorBlend
                0x00000000       0x84 .\CortexM0\ARM_GCC_541\Debug\main.o
 .text          0x00000000        0x0 .\CortexM0\ARM_GCC_541\Debug\cyfitter_cfg.o
 .data          0x00000000        0x0 .\CortexM0\ARM_GCC_541\Debug\cyfitter_cfg.o
 .bss           0x00000000        0x0 .\CortexM0\ARM_GCC_541\Debug\cyfitter_cfg.o
 .text          0x00000000        0x0 .\CortexM0\ARM_GCC_541\Debug\cymetadata.o
 .data          0x00000000        0x0 .\CortexM0\ARM_GCC_541\Debug\cymetadata.o
 .bss           0x00000000        0x0 .\CortexM0\ARM_GCC_541\Debug\cymetadata.o
 .text          0x00000000        0x0 .\CortexM0\ARM_GCC_541\Debug\Cm0Start.o
 .data          0x00000000        0x4 .\CortexM0\ARM_GCC_541\Debug\Cm0Start.o
 .bss           0x00000000        0x0 .\CortexM0\ARM_GCC_541\Debug\Cm0Start.o
 .text._exit    0x00000000        0xc .\CortexM0\ARM_GCC_541\Debug\Cm0Start.o
 .text._sbrk    0x00000000       0x30 .\CortexM0\ARM_GCC_541\Debug\Cm0Start.o
 .text          0x00000000        0x0 .\CortexM0\ARM_GCC_541\Debug\EX2_1String.a(StripLights.o)
 .data          0x00000000        0x0 .\CortexM0\ARM_GCC_541\Debug\EX2_1String.a(StripLights.o)
 .text.StripLights_SetCriticalFuncs
                0x00000000        0xc .\CortexM0\ARM_GCC_541\Debug\EX2_1String.a(StripLights.o)
 .text.StripLights_TriggerWaitDelay
                0x00000000       0x54 .\CortexM0\ARM_GCC_541\Debug\EX2_1String.a(StripLights.o)
 .text.StripLights_TriggerWait
                0x00000000       0x2c .\CortexM0\ARM_GCC_541\Debug\EX2_1String.a(StripLights.o)
 .text.StripLights_Stop
                0x00000000        0xc .\CortexM0\ARM_GCC_541\Debug\EX2_1String.a(StripLights.o)
 .text.StripLights_ColorInc
                0x00000000       0x24 .\CortexM0\ARM_GCC_541\Debug\EX2_1String.a(StripLights.o)
 .text.StripLights_DisplayClear
                0x00000000       0x10 .\CortexM0\ARM_GCC_541\Debug\EX2_1String.a(StripLights.o)
 .text.StripLights_WriteColor
                0x00000000       0x24 .\CortexM0\ARM_GCC_541\Debug\EX2_1String.a(StripLights.o)
 .text.StripLights_GetPixel
                0x00000000       0x34 .\CortexM0\ARM_GCC_541\Debug\EX2_1String.a(StripLights.o)
 .text.StripLights_DrawCircle
                0x00000000       0xfc .\CortexM0\ARM_GCC_541\Debug\EX2_1String.a(StripLights.o)
 .text.StripLights_DrawLine
                0x00000000       0xac .\CortexM0\ARM_GCC_541\Debug\EX2_1String.a(StripLights.o)
 .text.StripLights_DrawRect
                0x00000000       0x7c .\CortexM0\ARM_GCC_541\Debug\EX2_1String.a(StripLights.o)
 .text.StripLights_Bplot8
                0x00000000       0x5c .\CortexM0\ARM_GCC_541\Debug\EX2_1String.a(StripLights.o)
 .text.StripLights_Bplot32
                0x00000000       0x64 .\CortexM0\ARM_GCC_541\Debug\EX2_1String.a(StripLights.o)
 .text.StripLights_RgbBlend
                0x00000000       0x74 .\CortexM0\ARM_GCC_541\Debug\EX2_1String.a(StripLights.o)
 .text          0x00000000        0x0 .\CortexM0\ARM_GCC_541\Debug\EX2_1String.a(StripLights_fonts.o)
 .data          0x00000000        0x0 .\CortexM0\ARM_GCC_541\Debug\EX2_1String.a(StripLights_fonts.o)
 .bss           0x00000000        0x0 .\CortexM0\ARM_GCC_541\Debug\EX2_1String.a(StripLights_fonts.o)
 .text.StripLights_PutChar
                0x00000000       0x9c .\CortexM0\ARM_GCC_541\Debug\EX2_1String.a(StripLights_fonts.o)
 .text.StripLights_PrintString
                0x00000000       0xa8 .\CortexM0\ARM_GCC_541\Debug\EX2_1String.a(StripLights_fonts.o)
 .text          0x00000000        0x0 .\CortexM0\ARM_GCC_541\Debug\EX2_1String.a(StripLights_cisr.o)
 .data          0x00000000        0x0 .\CortexM0\ARM_GCC_541\Debug\EX2_1String.a(StripLights_cisr.o)
 .bss           0x00000000        0x0 .\CortexM0\ARM_GCC_541\Debug\EX2_1String.a(StripLights_cisr.o)
 .text.StripLights_cisr_Interrupt
                0x00000000        0x4 .\CortexM0\ARM_GCC_541\Debug\EX2_1String.a(StripLights_cisr.o)
 .text.StripLights_cisr_GetVector
                0x00000000        0xc .\CortexM0\ARM_GCC_541\Debug\EX2_1String.a(StripLights_cisr.o)
 .text.StripLights_cisr_GetPriority
                0x00000000       0x10 .\CortexM0\ARM_GCC_541\Debug\EX2_1String.a(StripLights_cisr.o)
 .text.StripLights_cisr_GetState
                0x00000000       0x10 .\CortexM0\ARM_GCC_541\Debug\EX2_1String.a(StripLights_cisr.o)
 .text.StripLights_cisr_Start
                0x00000000       0x1c .\CortexM0\ARM_GCC_541\Debug\EX2_1String.a(StripLights_cisr.o)
 .text.StripLights_cisr_Stop
                0x00000000       0x14 .\CortexM0\ARM_GCC_541\Debug\EX2_1String.a(StripLights_cisr.o)
 .text.StripLights_cisr_SetPending
                0x00000000        0xc .\CortexM0\ARM_GCC_541\Debug\EX2_1String.a(StripLights_cisr.o)
 .text.StripLights_cisr_ClearPending
                0x00000000        0xc .\CortexM0\ARM_GCC_541\Debug\EX2_1String.a(StripLights_cisr.o)
 .text          0x00000000        0x0 .\CortexM0\ARM_GCC_541\Debug\EX2_1String.a(StripLights_fisr.o)
 .data          0x00000000        0x0 .\CortexM0\ARM_GCC_541\Debug\EX2_1String.a(StripLights_fisr.o)
 .bss           0x00000000        0x0 .\CortexM0\ARM_GCC_541\Debug\EX2_1String.a(StripLights_fisr.o)
 .text.StripLights_fisr_Interrupt
                0x00000000        0x4 .\CortexM0\ARM_GCC_541\Debug\EX2_1String.a(StripLights_fisr.o)
 .text.StripLights_fisr_GetVector
                0x00000000        0xc .\CortexM0\ARM_GCC_541\Debug\EX2_1String.a(StripLights_fisr.o)
 .text.StripLights_fisr_GetPriority
                0x00000000       0x10 .\CortexM0\ARM_GCC_541\Debug\EX2_1String.a(StripLights_fisr.o)
 .text.StripLights_fisr_GetState
                0x00000000       0x14 .\CortexM0\ARM_GCC_541\Debug\EX2_1String.a(StripLights_fisr.o)
 .text.StripLights_fisr_Start
                0x00000000       0x1c .\CortexM0\ARM_GCC_541\Debug\EX2_1String.a(StripLights_fisr.o)
 .text.StripLights_fisr_Stop
                0x00000000       0x14 .\CortexM0\ARM_GCC_541\Debug\EX2_1String.a(StripLights_fisr.o)
 .text.StripLights_fisr_SetPending
                0x00000000        0xc .\CortexM0\ARM_GCC_541\Debug\EX2_1String.a(StripLights_fisr.o)
 .text.StripLights_fisr_ClearPending
                0x00000000        0xc .\CortexM0\ARM_GCC_541\Debug\EX2_1String.a(StripLights_fisr.o)
 .text          0x00000000        0x0 .\CortexM0\ARM_GCC_541\Debug\EX2_1String.a(CyLib.o)
 .bss           0x00000000       0x18 .\CortexM0\ARM_GCC_541\Debug\EX2_1String.a(CyLib.o)
 .text.CySysClkImoStart
                0x00000000       0x14 .\CortexM0\ARM_GCC_541\Debug\EX2_1String.a(CyLib.o)
 .text.CySysClkImoStop
                0x00000000       0x10 .\CortexM0\ARM_GCC_541\Debug\EX2_1String.a(CyLib.o)
 .text.CySysClkWriteHfclkDirect
                0x00000000       0x20 .\CortexM0\ARM_GCC_541\Debug\EX2_1String.a(CyLib.o)
 .text.CySysEnablePumpClock
                0x00000000       0x38 .\CortexM0\ARM_GCC_541\Debug\EX2_1String.a(CyLib.o)
 .text.CySysClkGetSysclkSource
                0x00000000       0x1c .\CortexM0\ARM_GCC_541\Debug\EX2_1String.a(CyLib.o)
 .text.CySysClkWriteSysclkDiv
                0x00000000       0x30 .\CortexM0\ARM_GCC_541\Debug\EX2_1String.a(CyLib.o)
 .text.CySysLvdDisable
                0x00000000       0x20 .\CortexM0\ARM_GCC_541\Debug\EX2_1String.a(CyLib.o)
 .text.CySysLvdGetInterruptSource
                0x00000000       0x10 .\CortexM0\ARM_GCC_541\Debug\EX2_1String.a(CyLib.o)
 .text.CySysLvdClearInterrupt
                0x00000000        0xc .\CortexM0\ARM_GCC_541\Debug\EX2_1String.a(CyLib.o)
 .text.CySysGetResetReason
                0x00000000       0x14 .\CortexM0\ARM_GCC_541\Debug\EX2_1String.a(CyLib.o)
 .text.CyDisableInts
                0x00000000       0x10 .\CortexM0\ARM_GCC_541\Debug\EX2_1String.a(CyLib.o)
 .text.CyEnableInts
                0x00000000        0xc .\CortexM0\ARM_GCC_541\Debug\EX2_1String.a(CyLib.o)
 .text.CyIntGetState
                0x00000000       0x18 .\CortexM0\ARM_GCC_541\Debug\EX2_1String.a(CyLib.o)
 .text.CyIntDisable
                0x00000000       0x14 .\CortexM0\ARM_GCC_541\Debug\EX2_1String.a(CyLib.o)
 .text.CyIntSetPending
                0x00000000       0x14 .\CortexM0\ARM_GCC_541\Debug\EX2_1String.a(CyLib.o)
 .text.CyIntClearPending
                0x00000000       0x14 .\CortexM0\ARM_GCC_541\Debug\EX2_1String.a(CyLib.o)
 .text.CyIntSetSysVector
                0x00000000       0x20 .\CortexM0\ARM_GCC_541\Debug\EX2_1String.a(CyLib.o)
 .text.CyIntGetSysVector
                0x00000000       0x1c .\CortexM0\ARM_GCC_541\Debug\EX2_1String.a(CyLib.o)
 .text.CyIntGetVector
                0x00000000       0x20 .\CortexM0\ARM_GCC_541\Debug\EX2_1String.a(CyLib.o)
 .text.CyIntSetPriority
                0x00000000       0x4c .\CortexM0\ARM_GCC_541\Debug\EX2_1String.a(CyLib.o)
 .text.CyIntGetPriority
                0x00000000       0x2c .\CortexM0\ARM_GCC_541\Debug\EX2_1String.a(CyLib.o)
 .text.CySoftwareReset
                0x00000000       0x18 .\CortexM0\ARM_GCC_541\Debug\EX2_1String.a(CyLib.o)
 .text.CySysLvdEnable
                0x00000000       0x44 .\CortexM0\ARM_GCC_541\Debug\EX2_1String.a(CyLib.o)
 .text.CyDelayFreq
                0x00000000       0x4c .\CortexM0\ARM_GCC_541\Debug\EX2_1String.a(CyLib.o)
 .text.CySysTickStop
                0x00000000       0x10 .\CortexM0\ARM_GCC_541\Debug\EX2_1String.a(CyLib.o)
 .text.CySysTickEnableInterrupt
                0x00000000       0x10 .\CortexM0\ARM_GCC_541\Debug\EX2_1String.a(CyLib.o)
 .text.CySysTickEnable
                0x00000000       0x18 .\CortexM0\ARM_GCC_541\Debug\EX2_1String.a(CyLib.o)
 .text.CySysTickDisableInterrupt
                0x00000000       0x10 .\CortexM0\ARM_GCC_541\Debug\EX2_1String.a(CyLib.o)
 .text.CySysTickSetReload
                0x00000000       0x10 .\CortexM0\ARM_GCC_541\Debug\EX2_1String.a(CyLib.o)
 .text.CySysTickGetReload
                0x00000000       0x10 .\CortexM0\ARM_GCC_541\Debug\EX2_1String.a(CyLib.o)
 .text.CySysTickGetValue
                0x00000000       0x10 .\CortexM0\ARM_GCC_541\Debug\EX2_1String.a(CyLib.o)
 .text.CySysTickGetCountFlag
                0x00000000       0x10 .\CortexM0\ARM_GCC_541\Debug\EX2_1String.a(CyLib.o)
 .text.CySysTickServiceCallbacks
                0x00000000       0x28 .\CortexM0\ARM_GCC_541\Debug\EX2_1String.a(CyLib.o)
 .text.CySysTickClear
                0x00000000        0xc .\CortexM0\ARM_GCC_541\Debug\EX2_1String.a(CyLib.o)
 .text.CySysTickInit
                0x00000000       0x40 .\CortexM0\ARM_GCC_541\Debug\EX2_1String.a(CyLib.o)
 .text.CySysTickStart
                0x00000000       0x20 .\CortexM0\ARM_GCC_541\Debug\EX2_1String.a(CyLib.o)
 .text.CySysTickSetCallback
                0x00000000       0x10 .\CortexM0\ARM_GCC_541\Debug\EX2_1String.a(CyLib.o)
 .text.CySysTickGetCallback
                0x00000000        0xc .\CortexM0\ARM_GCC_541\Debug\EX2_1String.a(CyLib.o)
 .text.CyGetUniqueId
                0x00000000       0x70 .\CortexM0\ARM_GCC_541\Debug\EX2_1String.a(CyLib.o)
 .text          0x00000000        0x0 .\CortexM0\ARM_GCC_541\Debug\EX2_1String.a(CyLFClk.o)
 .text.CySysClkIloEnabled
                0x00000000       0x14 .\CortexM0\ARM_GCC_541\Debug\EX2_1String.a(CyLFClk.o)
 .text.CySysClkIloStart
                0x00000000       0x14 .\CortexM0\ARM_GCC_541\Debug\EX2_1String.a(CyLFClk.o)
 .text.CySysClkIloStartMeasurement
                0x00000000       0x34 .\CortexM0\ARM_GCC_541\Debug\EX2_1String.a(CyLFClk.o)
 .text.CySysClkIloStopMeasurement
                0x00000000       0x14 .\CortexM0\ARM_GCC_541\Debug\EX2_1String.a(CyLFClk.o)
 .text.CySysClkIloCompensate
                0x00000000      0x104 .\CortexM0\ARM_GCC_541\Debug\EX2_1String.a(CyLFClk.o)
 .text.CySysWdtGetEnabledStatus
                0x00000000       0x24 .\CortexM0\ARM_GCC_541\Debug\EX2_1String.a(CyLFClk.o)
 .text.CySysWdtSetMode
                0x00000000       0x38 .\CortexM0\ARM_GCC_541\Debug\EX2_1String.a(CyLFClk.o)
 .text.CySysClkLfclkPosedgeRestore
                0x00000000       0x2c .\CortexM0\ARM_GCC_541\Debug\EX2_1String.a(CyLFClk.o)
 .text.CySysWdtGetMode
                0x00000000       0x14 .\CortexM0\ARM_GCC_541\Debug\EX2_1String.a(CyLFClk.o)
 .text.CySysWdtSetClearOnMatch
                0x00000000       0x34 .\CortexM0\ARM_GCC_541\Debug\EX2_1String.a(CyLFClk.o)
 .text.CySysWdtGetClearOnMatch
                0x00000000       0x24 .\CortexM0\ARM_GCC_541\Debug\EX2_1String.a(CyLFClk.o)
 .text.CySysWdtEnable
                0x00000000       0x40 .\CortexM0\ARM_GCC_541\Debug\EX2_1String.a(CyLFClk.o)
 .text.CySysWdtDisable
                0x00000000       0x44 .\CortexM0\ARM_GCC_541\Debug\EX2_1String.a(CyLFClk.o)
 .text.CySysWdtSetCascade
                0x00000000       0x34 .\CortexM0\ARM_GCC_541\Debug\EX2_1String.a(CyLFClk.o)
 .text.CySysWdtGetCascade
                0x00000000       0x14 .\CortexM0\ARM_GCC_541\Debug\EX2_1String.a(CyLFClk.o)
 .text.CySysWdtSetMatch
                0x00000000       0x38 .\CortexM0\ARM_GCC_541\Debug\EX2_1String.a(CyLFClk.o)
 .text.CySysWdtSetToggleBit
                0x00000000       0x30 .\CortexM0\ARM_GCC_541\Debug\EX2_1String.a(CyLFClk.o)
 .text.CySysWdtGetToggleBit
                0x00000000       0x10 .\CortexM0\ARM_GCC_541\Debug\EX2_1String.a(CyLFClk.o)
 .text.CySysWdtGetMatch
                0x00000000       0x20 .\CortexM0\ARM_GCC_541\Debug\EX2_1String.a(CyLFClk.o)
 .text.CySysWdtGetCount
                0x00000000       0x3c .\CortexM0\ARM_GCC_541\Debug\EX2_1String.a(CyLFClk.o)
 .text.CySysClkLfclkPosedgeCatch
                0x00000000       0x74 .\CortexM0\ARM_GCC_541\Debug\EX2_1String.a(CyLFClk.o)
 .text.CySysClkIloStop
                0x00000000       0x38 .\CortexM0\ARM_GCC_541\Debug\EX2_1String.a(CyLFClk.o)
 .text.CySysWdtGetInterruptSource
                0x00000000       0x14 .\CortexM0\ARM_GCC_541\Debug\EX2_1String.a(CyLFClk.o)
 .text.CySysWdtResetCounters
                0x00000000       0x20 .\CortexM0\ARM_GCC_541\Debug\EX2_1String.a(CyLFClk.o)
 .text.CySysWdtSetInterruptCallback
                0x00000000       0x20 .\CortexM0\ARM_GCC_541\Debug\EX2_1String.a(CyLFClk.o)
 .text.CySysWdtGetInterruptCallback
                0x00000000       0x20 .\CortexM0\ARM_GCC_541\Debug\EX2_1String.a(CyLFClk.o)
 .text.CySysWdtEnableCounterIsr
                0x00000000       0x34 .\CortexM0\ARM_GCC_541\Debug\EX2_1String.a(CyLFClk.o)
 .text.CySysWdtDisableCounterIsr
                0x00000000       0x28 .\CortexM0\ARM_GCC_541\Debug\EX2_1String.a(CyLFClk.o)
 .text.CySysWatchdogFeed
                0x00000000       0x60 .\CortexM0\ARM_GCC_541\Debug\EX2_1String.a(CyLFClk.o)
 .text.CySysTimerDelayUntilMatch
                0x00000000       0x6c .\CortexM0\ARM_GCC_541\Debug\EX2_1String.a(CyLFClk.o)
 .text.CySysTimerDelay
                0x00000000       0x3c .\CortexM0\ARM_GCC_541\Debug\EX2_1String.a(CyLFClk.o)
 .rodata        0x00000000        0xc .\CortexM0\ARM_GCC_541\Debug\EX2_1String.a(CyLFClk.o)
 .text          0x00000000        0x0 .\CortexM0\ARM_GCC_541\Debug\EX2_1String.a(Pin_LED.o)
 .data          0x00000000        0x0 .\CortexM0\ARM_GCC_541\Debug\EX2_1String.a(Pin_LED.o)
 .bss           0x00000000        0x0 .\CortexM0\ARM_GCC_541\Debug\EX2_1String.a(Pin_LED.o)
 .text.Pin_LED_SetDriveMode
                0x00000000       0x18 .\CortexM0\ARM_GCC_541\Debug\EX2_1String.a(Pin_LED.o)
 .text.Pin_LED_Read
                0x00000000       0x10 .\CortexM0\ARM_GCC_541\Debug\EX2_1String.a(Pin_LED.o)
 .text.Pin_LED_ReadDataReg
                0x00000000       0x10 .\CortexM0\ARM_GCC_541\Debug\EX2_1String.a(Pin_LED.o)
 .text.Pin_LED_SetInterruptMode
                0x00000000       0x14 .\CortexM0\ARM_GCC_541\Debug\EX2_1String.a(Pin_LED.o)
 .text.Pin_LED_ClearInterrupt
                0x00000000       0x14 .\CortexM0\ARM_GCC_541\Debug\EX2_1String.a(Pin_LED.o)
 .text          0x00000000        0x0 .\CortexM0\ARM_GCC_541\Debug\EX2_1String.a(Pin_Flex.o)
 .data          0x00000000        0x0 .\CortexM0\ARM_GCC_541\Debug\EX2_1String.a(Pin_Flex.o)
 .bss           0x00000000        0x0 .\CortexM0\ARM_GCC_541\Debug\EX2_1String.a(Pin_Flex.o)
 .text.Pin_Flex_SetDriveMode
                0x00000000       0x18 .\CortexM0\ARM_GCC_541\Debug\EX2_1String.a(Pin_Flex.o)
 .text.Pin_Flex_Write
                0x00000000       0x18 .\CortexM0\ARM_GCC_541\Debug\EX2_1String.a(Pin_Flex.o)
 .text.Pin_Flex_ReadDataReg
                0x00000000       0x10 .\CortexM0\ARM_GCC_541\Debug\EX2_1String.a(Pin_Flex.o)
 .text.Pin_Flex_SetInterruptMode
                0x00000000       0x14 .\CortexM0\ARM_GCC_541\Debug\EX2_1String.a(Pin_Flex.o)
 .text.Pin_Flex_ClearInterrupt
                0x00000000       0x14 .\CortexM0\ARM_GCC_541\Debug\EX2_1String.a(Pin_Flex.o)
 .data          0x00000000        0x0 .\CortexM0\ARM_GCC_541\Debug\EX2_1String.a(CyBootAsmGnu.o)
 .bss           0x00000000        0x0 .\CortexM0\ARM_GCC_541\Debug\EX2_1String.a(CyBootAsmGnu.o)
 .text          0x00000000      0x114 c:/program files (x86)/cypress/psoc creator/4.1/psoc creator/import/gnu/arm/5.4.1/bin/../lib/gcc/arm-none-eabi/5.4.1/armv6-m\libgcc.a(_udivsi3.o)
 .data          0x00000000        0x0 c:/program files (x86)/cypress/psoc creator/4.1/psoc creator/import/gnu/arm/5.4.1/bin/../lib/gcc/arm-none-eabi/5.4.1/armv6-m\libgcc.a(_udivsi3.o)
 .bss           0x00000000        0x0 c:/program files (x86)/cypress/psoc creator/4.1/psoc creator/import/gnu/arm/5.4.1/bin/../lib/gcc/arm-none-eabi/5.4.1/armv6-m\libgcc.a(_udivsi3.o)
 .text          0x00000000        0x4 c:/program files (x86)/cypress/psoc creator/4.1/psoc creator/import/gnu/arm/5.4.1/bin/../lib/gcc/arm-none-eabi/5.4.1/armv6-m\libgcc.a(_dvmd_tls.o)
 .data          0x00000000        0x0 c:/program files (x86)/cypress/psoc creator/4.1/psoc creator/import/gnu/arm/5.4.1/bin/../lib/gcc/arm-none-eabi/5.4.1/armv6-m\libgcc.a(_dvmd_tls.o)
 .bss           0x00000000        0x0 c:/program files (x86)/cypress/psoc creator/4.1/psoc creator/import/gnu/arm/5.4.1/bin/../lib/gcc/arm-none-eabi/5.4.1/armv6-m\libgcc.a(_dvmd_tls.o)
 .text          0x00000000        0x0 c:/program files (x86)/cypress/psoc creator/4.1/psoc creator/import/gnu/arm/5.4.1/bin/../lib/gcc/arm-none-eabi/5.4.1/../../../../arm-none-eabi/lib/armv6-m\libg_nano.a(lib_a-errno.o)
 .data          0x00000000        0x0 c:/program files (x86)/cypress/psoc creator/4.1/psoc creator/import/gnu/arm/5.4.1/bin/../lib/gcc/arm-none-eabi/5.4.1/../../../../arm-none-eabi/lib/armv6-m\libg_nano.a(lib_a-errno.o)
 .bss           0x00000000        0x0 c:/program files (x86)/cypress/psoc creator/4.1/psoc creator/import/gnu/arm/5.4.1/bin/../lib/gcc/arm-none-eabi/5.4.1/../../../../arm-none-eabi/lib/armv6-m\libg_nano.a(lib_a-errno.o)
 .text          0x00000000        0x0 c:/program files (x86)/cypress/psoc creator/4.1/psoc creator/import/gnu/arm/5.4.1/bin/../lib/gcc/arm-none-eabi/5.4.1/../../../../arm-none-eabi/lib/armv6-m\libg_nano.a(lib_a-exit.o)
 .data          0x00000000        0x0 c:/program files (x86)/cypress/psoc creator/4.1/psoc creator/import/gnu/arm/5.4.1/bin/../lib/gcc/arm-none-eabi/5.4.1/../../../../arm-none-eabi/lib/armv6-m\libg_nano.a(lib_a-exit.o)
 .bss           0x00000000        0x0 c:/program files (x86)/cypress/psoc creator/4.1/psoc creator/import/gnu/arm/5.4.1/bin/../lib/gcc/arm-none-eabi/5.4.1/../../../../arm-none-eabi/lib/armv6-m\libg_nano.a(lib_a-exit.o)
 .text.exit     0x00000000       0x2c c:/program files (x86)/cypress/psoc creator/4.1/psoc creator/import/gnu/arm/5.4.1/bin/../lib/gcc/arm-none-eabi/5.4.1/../../../../arm-none-eabi/lib/armv6-m\libg_nano.a(lib_a-exit.o)
 .text          0x00000000        0x0 c:/program files (x86)/cypress/psoc creator/4.1/psoc creator/import/gnu/arm/5.4.1/bin/../lib/gcc/arm-none-eabi/5.4.1/../../../../arm-none-eabi/lib/armv6-m\libg_nano.a(lib_a-impure.o)
 .data          0x00000000        0x0 c:/program files (x86)/cypress/psoc creator/4.1/psoc creator/import/gnu/arm/5.4.1/bin/../lib/gcc/arm-none-eabi/5.4.1/../../../../arm-none-eabi/lib/armv6-m\libg_nano.a(lib_a-impure.o)
 .bss           0x00000000        0x0 c:/program files (x86)/cypress/psoc creator/4.1/psoc creator/import/gnu/arm/5.4.1/bin/../lib/gcc/arm-none-eabi/5.4.1/../../../../arm-none-eabi/lib/armv6-m\libg_nano.a(lib_a-impure.o)
 .rodata._global_impure_ptr
                0x00000000        0x4 c:/program files (x86)/cypress/psoc creator/4.1/psoc creator/import/gnu/arm/5.4.1/bin/../lib/gcc/arm-none-eabi/5.4.1/../../../../arm-none-eabi/lib/armv6-m\libg_nano.a(lib_a-impure.o)
 .text          0x00000000        0x0 c:/program files (x86)/cypress/psoc creator/4.1/psoc creator/import/gnu/arm/5.4.1/bin/../lib/gcc/arm-none-eabi/5.4.1/../../../../arm-none-eabi/lib/armv6-m\libg_nano.a(lib_a-init.o)
 .data          0x00000000        0x0 c:/program files (x86)/cypress/psoc creator/4.1/psoc creator/import/gnu/arm/5.4.1/bin/../lib/gcc/arm-none-eabi/5.4.1/../../../../arm-none-eabi/lib/armv6-m\libg_nano.a(lib_a-init.o)
 .bss           0x00000000        0x0 c:/program files (x86)/cypress/psoc creator/4.1/psoc creator/import/gnu/arm/5.4.1/bin/../lib/gcc/arm-none-eabi/5.4.1/../../../../arm-none-eabi/lib/armv6-m\libg_nano.a(lib_a-init.o)
 .text          0x00000000        0x0 c:/program files (x86)/cypress/psoc creator/4.1/psoc creator/import/gnu/arm/5.4.1/bin/../lib/gcc/arm-none-eabi/5.4.1/../../../../arm-none-eabi/lib/armv6-m\libg_nano.a(lib_a-memset.o)
 .data          0x00000000        0x0 c:/program files (x86)/cypress/psoc creator/4.1/psoc creator/import/gnu/arm/5.4.1/bin/../lib/gcc/arm-none-eabi/5.4.1/../../../../arm-none-eabi/lib/armv6-m\libg_nano.a(lib_a-memset.o)
 .bss           0x00000000        0x0 c:/program files (x86)/cypress/psoc creator/4.1/psoc creator/import/gnu/arm/5.4.1/bin/../lib/gcc/arm-none-eabi/5.4.1/../../../../arm-none-eabi/lib/armv6-m\libg_nano.a(lib_a-memset.o)
 .text          0x00000000        0x0 c:/program files (x86)/cypress/psoc creator/4.1/psoc creator/import/gnu/arm/5.4.1/bin/../lib/gcc/arm-none-eabi/5.4.1/armv6-m/crtend.o
 .data          0x00000000        0x0 c:/program files (x86)/cypress/psoc creator/4.1/psoc creator/import/gnu/arm/5.4.1/bin/../lib/gcc/arm-none-eabi/5.4.1/armv6-m/crtend.o
 .bss           0x00000000        0x0 c:/program files (x86)/cypress/psoc creator/4.1/psoc creator/import/gnu/arm/5.4.1/bin/../lib/gcc/arm-none-eabi/5.4.1/armv6-m/crtend.o
 .text          0x00000000        0x0 c:/program files (x86)/cypress/psoc creator/4.1/psoc creator/import/gnu/arm/5.4.1/bin/../lib/gcc/arm-none-eabi/5.4.1/armv6-m/crtn.o
 .data          0x00000000        0x0 c:/program files (x86)/cypress/psoc creator/4.1/psoc creator/import/gnu/arm/5.4.1/bin/../lib/gcc/arm-none-eabi/5.4.1/armv6-m/crtn.o
 .bss           0x00000000        0x0 c:/program files (x86)/cypress/psoc creator/4.1/psoc creator/import/gnu/arm/5.4.1/bin/../lib/gcc/arm-none-eabi/5.4.1/armv6-m/crtn.o

Memory Configuration

Name             Origin             Length             Attributes
rom              0x00000000         0x00008000         xr
ram              0x20000000         0x00001000         xrw
*default*        0x00000000         0xffffffff

Linker script and memory map

LOAD c:/program files (x86)/cypress/psoc creator/4.1/psoc creator/import/gnu/arm/5.4.1/bin/../lib/gcc/arm-none-eabi/5.4.1/armv6-m/crti.o
LOAD c:/program files (x86)/cypress/psoc creator/4.1/psoc creator/import/gnu/arm/5.4.1/bin/../lib/gcc/arm-none-eabi/5.4.1/armv6-m/crtbegin.o
LOAD c:/program files (x86)/cypress/psoc creator/4.1/psoc creator/import/gnu/arm/5.4.1/bin/../lib/gcc/arm-none-eabi/5.4.1/../../../../arm-none-eabi/lib/armv6-m/crt0.o
START GROUP
LOAD .\CortexM0\ARM_GCC_541\Debug\main.o
LOAD .\CortexM0\ARM_GCC_541\Debug\cyfitter_cfg.o
LOAD .\CortexM0\ARM_GCC_541\Debug\cymetadata.o
LOAD .\CortexM0\ARM_GCC_541\Debug\Cm0Start.o
LOAD .\CortexM0\ARM_GCC_541\Debug\EX2_1String.a
LOAD C:\Program Files (x86)\Cypress\PSoC Creator\4.1\PSoC Creator\psoc\content\cycomponentlibrary\CyComponentLibrary.cylib\CortexM0\ARM_GCC_541\Debug\CyComponentLibrary.a
END GROUP
START GROUP
LOAD c:/program files (x86)/cypress/psoc creator/4.1/psoc creator/import/gnu/arm/5.4.1/bin/../lib/gcc/arm-none-eabi/5.4.1/armv6-m\libgcc.a
LOAD c:/program files (x86)/cypress/psoc creator/4.1/psoc creator/import/gnu/arm/5.4.1/bin/../lib/gcc/arm-none-eabi/5.4.1/../../../../arm-none-eabi/lib/armv6-m\libg_nano.a
LOAD c:/program files (x86)/cypress/psoc creator/4.1/psoc creator/import/gnu/arm/5.4.1/bin/../lib/gcc/arm-none-eabi/5.4.1/../../../../arm-none-eabi/lib/armv6-m\libc_nano.a
END GROUP
START GROUP
LOAD c:/program files (x86)/cypress/psoc creator/4.1/psoc creator/import/gnu/arm/5.4.1/bin/../lib/gcc/arm-none-eabi/5.4.1/armv6-m\libgcc.a
LOAD c:/program files (x86)/cypress/psoc creator/4.1/psoc creator/import/gnu/arm/5.4.1/bin/../lib/gcc/arm-none-eabi/5.4.1/../../../../arm-none-eabi/lib/armv6-m\libc_nano.a
END GROUP
LOAD c:/program files (x86)/cypress/psoc creator/4.1/psoc creator/import/gnu/arm/5.4.1/bin/../lib/gcc/arm-none-eabi/5.4.1/armv6-m/crtend.o
LOAD c:/program files (x86)/cypress/psoc creator/4.1/psoc creator/import/gnu/arm/5.4.1/bin/../lib/gcc/arm-none-eabi/5.4.1/armv6-m/crtn.o
START GROUP
LOAD c:/program files (x86)/cypress/psoc creator/4.1/psoc creator/import/gnu/arm/5.4.1/bin/../lib/gcc/arm-none-eabi/5.4.1/armv6-m\libgcc.a
LOAD c:/program files (x86)/cypress/psoc creator/4.1/psoc creator/import/gnu/arm/5.4.1/bin/../lib/gcc/arm-none-eabi/5.4.1/../../../../arm-none-eabi/lib/armv6-m\libc.a
LOAD c:/program files (x86)/cypress/psoc creator/4.1/psoc creator/import/gnu/arm/5.4.1/bin/../lib/gcc/arm-none-eabi/5.4.1/../../../../arm-none-eabi/lib/armv6-m\libnosys.a
END GROUP
                0x00000000                CY_APPL_ORIGIN = 0x0
                0x00000080                CY_FLASH_ROW_SIZE = 0x80
                0x00000001                CY_APPL_NUM = 0x1
                0x00000001                CY_APPL_MAX = 0x1
                0x00000040                CY_METADATA_SIZE = 0x40
                0x00000000                CY_APPL_LOADABLE = 0x0
                0x00000000                CY_CHECKSUM_EXCLUDE_SIZE = ALIGN (0x0, CY_FLASH_ROW_SIZE)
                0x00000000                CY_APP_FOR_STACK_AND_COPIER = 0x0
                [!provide]                PROVIDE (__cy_heap_start, _end)
                0x00000001                PROVIDE (__cy_region_num, ((__cy_regions_end - __cy_regions) / 0x10))
                0x20001000                PROVIDE (__cy_stack, (ORIGIN (ram) + LENGTH (ram)))
                [!provide]                PROVIDE (__cy_heap_end, (__cy_stack - 0x400))

.cybootloader   0x00000000        0x0
 *(.cybootloader)
                0x00000000                appl1_start = CY_APPL_ORIGIN?CY_APPL_ORIGIN:ALIGN (CY_FLASH_ROW_SIZE)
                0x00003f80                appl2_start = (appl1_start + ALIGN ((((LENGTH (rom) - appl1_start) - (0x2 * CY_FLASH_ROW_SIZE)) / 0x2), CY_FLASH_ROW_SIZE))
                0x00000000                appl_start = (CY_APPL_NUM == 0x1)?appl1_start:appl2_start
                0x00000001                cy_project_type_bootloader = (appl_start == 0x0)?0x1:0x0
                0x00000000                cy_project_type_app_for_stack_and_copier = (CY_APP_FOR_STACK_AND_COPIER == 0x1)?0x1:0x0

.text           0x00000000      0xb14
 CREATE_OBJECT_SYMBOLS
                0x00000000                PROVIDE (__cy_interrupt_vector, RomVectors)
 *(.romvectors)
 .romvectors    0x00000000       0x10 .\CortexM0\ARM_GCC_541\Debug\Cm0Start.o
                0x00000000                RomVectors
                0x00000001                ASSERT ((. != __cy_interrupt_vector), No interrupt vector)
                0x00000001                ASSERT (CY_APPL_ORIGIN?(SIZEOF (.cybootloader) <= CY_APPL_ORIGIN):0x1, Wrong image location)
                0x00000010                PROVIDE (__cy_reset, Reset)
 *(.text.Reset)
 .text.Reset    0x00000010        0x8 .\CortexM0\ARM_GCC_541\Debug\Cm0Start.o
                0x00000010                Reset
                0x00000001                ASSERT ((. != __cy_reset), No reset code)
 *(.psocinit)
 .psocinit      0x00000018      0x170 .\CortexM0\ARM_GCC_541\Debug\cyfitter_cfg.o
                0x00000090                cyfitter_cfg
                0x00000188                . = MAX (., 0x100)
 *(.text .text.* .gnu.linkonce.t.*)
 .text          0x00000188       0x60 c:/program files (x86)/cypress/psoc creator/4.1/psoc creator/import/gnu/arm/5.4.1/bin/../lib/gcc/arm-none-eabi/5.4.1/armv6-m/crtbegin.o
 .text.main     0x000001e8       0x64 .\CortexM0\ARM_GCC_541\Debug\main.o
                0x000001e8                main
 .text.cfg_write_bytes32
                0x0000024c       0x34 .\CortexM0\ARM_GCC_541\Debug\cyfitter_cfg.o
 .text.CYMEMZERO
                0x00000280        0xc .\CortexM0\ARM_GCC_541\Debug\cyfitter_cfg.o
 .text.IntDefaultHandler
                0x0000028c       0x10 .\CortexM0\ARM_GCC_541\Debug\Cm0Start.o
                0x0000028c                IntDefaultHandler
 .text.Start_c  0x0000029c       0x48 .\CortexM0\ARM_GCC_541\Debug\Cm0Start.o
                0x0000029c                Start_c
 .text.initialize_psoc
                0x000002e4       0x40 .\CortexM0\ARM_GCC_541\Debug\Cm0Start.o
                0x000002e4                initialize_psoc
 .text.StripLights_FISR
                0x00000324       0x70 .\CortexM0\ARM_GCC_541\Debug\EX2_1String.a(StripLights.o)
                0x00000324                StripLights_FISR
 .text.StripLights_CISR
                0x00000394       0x8c .\CortexM0\ARM_GCC_541\Debug\EX2_1String.a(StripLights.o)
                0x00000394                StripLights_CISR
 .text.StripLights_Trigger
                0x00000420       0x80 .\CortexM0\ARM_GCC_541\Debug\EX2_1String.a(StripLights.o)
                0x00000420                StripLights_Trigger
 .text.StripLights_Ready
                0x000004a0       0x1c .\CortexM0\ARM_GCC_541\Debug\EX2_1String.a(StripLights.o)
                0x000004a0                StripLights_Ready
 .text.StripLights_getColor
                0x000004bc        0xc .\CortexM0\ARM_GCC_541\Debug\EX2_1String.a(StripLights.o)
                0x000004bc                StripLights_getColor
 .text.StripLights_MemClear
                0x000004c8       0x2c .\CortexM0\ARM_GCC_541\Debug\EX2_1String.a(StripLights.o)
                0x000004c8                StripLights_MemClear
 .text.StripLights_Pixel
                0x000004f4       0x24 .\CortexM0\ARM_GCC_541\Debug\EX2_1String.a(StripLights.o)
                0x000004f4                StripLights_Pixel
 .text.StripLights_Dim
                0x00000518       0x78 .\CortexM0\ARM_GCC_541\Debug\EX2_1String.a(StripLights.o)
                0x00000518                StripLights_Dim
 .text.StripLights_Start
                0x00000590       0x8c .\CortexM0\ARM_GCC_541\Debug\EX2_1String.a(StripLights.o)
                0x00000590                StripLights_Start
 .text.StripLights_SetFont
                0x0000061c       0x4c .\CortexM0\ARM_GCC_541\Debug\EX2_1String.a(StripLights_fonts.o)
                0x0000061c                StripLights_SetFont
 .text.StripLights_cisr_SetVector
                0x00000668        0xc .\CortexM0\ARM_GCC_541\Debug\EX2_1String.a(StripLights_cisr.o)
                0x00000668                StripLights_cisr_SetVector
 .text.StripLights_cisr_SetPriority
                0x00000674       0x20 .\CortexM0\ARM_GCC_541\Debug\EX2_1String.a(StripLights_cisr.o)
                0x00000674                StripLights_cisr_SetPriority
 .text.StripLights_cisr_Enable
                0x00000694        0xc .\CortexM0\ARM_GCC_541\Debug\EX2_1String.a(StripLights_cisr.o)
                0x00000694                StripLights_cisr_Enable
 .text.StripLights_cisr_Disable
                0x000006a0        0xc .\CortexM0\ARM_GCC_541\Debug\EX2_1String.a(StripLights_cisr.o)
                0x000006a0                StripLights_cisr_Disable
 .text.StripLights_cisr_StartEx
                0x000006ac       0x1c .\CortexM0\ARM_GCC_541\Debug\EX2_1String.a(StripLights_cisr.o)
                0x000006ac                StripLights_cisr_StartEx
 .text.StripLights_fisr_SetVector
                0x000006c8        0xc .\CortexM0\ARM_GCC_541\Debug\EX2_1String.a(StripLights_fisr.o)
                0x000006c8                StripLights_fisr_SetVector
 .text.StripLights_fisr_SetPriority
                0x000006d4       0x24 .\CortexM0\ARM_GCC_541\Debug\EX2_1String.a(StripLights_fisr.o)
                0x000006d4                StripLights_fisr_SetPriority
 .text.StripLights_fisr_Enable
                0x000006f8        0xc .\CortexM0\ARM_GCC_541\Debug\EX2_1String.a(StripLights_fisr.o)
                0x000006f8                StripLights_fisr_Enable
 .text.StripLights_fisr_Disable
                0x00000704        0xc .\CortexM0\ARM_GCC_541\Debug\EX2_1String.a(StripLights_fisr.o)
                0x00000704                StripLights_fisr_Disable
 .text.StripLights_fisr_StartEx
                0x00000710       0x1c .\CortexM0\ARM_GCC_541\Debug\EX2_1String.a(StripLights_fisr.o)
                0x00000710                StripLights_fisr_StartEx
 .text.CyIntEnable
                0x0000072c       0x14 .\CortexM0\ARM_GCC_541\Debug\EX2_1String.a(CyLib.o)
                0x0000072c                CyIntEnable
 .text.CyHalt   0x00000740        0x4 .\CortexM0\ARM_GCC_541\Debug\EX2_1String.a(CyLib.o)
                0x00000740                CyHalt
 .text.CyIntSetVector
                0x00000744       0x24 .\CortexM0\ARM_GCC_541\Debug\EX2_1String.a(CyLib.o)
                0x00000744                CyIntSetVector
 .text.CyDelay  0x00000768       0x30 .\CortexM0\ARM_GCC_541\Debug\EX2_1String.a(CyLib.o)
                0x00000768                CyDelay
 .text.CyDelayUs
                0x00000798       0x14 .\CortexM0\ARM_GCC_541\Debug\EX2_1String.a(CyLib.o)
                0x00000798                CyDelayUs
 .text.CySysClkWriteImoFreq
                0x000007ac      0x164 .\CortexM0\ARM_GCC_541\Debug\EX2_1String.a(CyLib.o)
                0x000007ac                CySysClkWriteImoFreq
 .text.CySysWdtLocked
                0x00000910       0x14 .\CortexM0\ARM_GCC_541\Debug\EX2_1String.a(CyLFClk.o)
 .text.CySysWdtLock
                0x00000924       0x1c .\CortexM0\ARM_GCC_541\Debug\EX2_1String.a(CyLFClk.o)
                0x00000924                CySysWdtLock
 .text.CySysWdtUnlock
                0x00000940       0x30 .\CortexM0\ARM_GCC_541\Debug\EX2_1String.a(CyLFClk.o)
                0x00000940                CySysWdtUnlock
 .text.CySysWdtClearInterrupt
                0x00000970       0x4c .\CortexM0\ARM_GCC_541\Debug\EX2_1String.a(CyLFClk.o)
                0x00000970                CySysWdtClearInterrupt
 .text.CySysWdtIsr
                0x000009bc       0xa4 .\CortexM0\ARM_GCC_541\Debug\EX2_1String.a(CyLFClk.o)
                0x000009bc                CySysWdtIsr
 .text.Pin_LED_Write
                0x00000a60       0x18 .\CortexM0\ARM_GCC_541\Debug\EX2_1String.a(Pin_LED.o)
                0x00000a60                Pin_LED_Write
 .text.Pin_Flex_Read
                0x00000a78       0x10 .\CortexM0\ARM_GCC_541\Debug\EX2_1String.a(Pin_Flex.o)
                0x00000a78                Pin_Flex_Read
 .text          0x00000a88       0x24 .\CortexM0\ARM_GCC_541\Debug\EX2_1String.a(CyBootAsmGnu.o)
                0x00000a88                CyDelayCycles
                0x00000a9c                CyEnterCriticalSection
                0x00000aa4                CyExitCriticalSection
 .text.__errno  0x00000aac        0xc c:/program files (x86)/cypress/psoc creator/4.1/psoc creator/import/gnu/arm/5.4.1/bin/../lib/gcc/arm-none-eabi/5.4.1/../../../../arm-none-eabi/lib/armv6-m\libg_nano.a(lib_a-errno.o)
                0x00000aac                __errno
 .text.__libc_init_array
                0x00000ab8       0x4c c:/program files (x86)/cypress/psoc creator/4.1/psoc creator/import/gnu/arm/5.4.1/bin/../lib/gcc/arm-none-eabi/5.4.1/../../../../arm-none-eabi/lib/armv6-m\libg_nano.a(lib_a-init.o)
                0x00000ab8                __libc_init_array
 .text.memset   0x00000b04       0x10 c:/program files (x86)/cypress/psoc creator/4.1/psoc creator/import/gnu/arm/5.4.1/bin/../lib/gcc/arm-none-eabi/5.4.1/../../../../arm-none-eabi/lib/armv6-m\libg_nano.a(lib_a-memset.o)
                0x00000b04                memset
 *(.plt)
 *(.gnu.warning)
 *(.glue_7t)
 .glue_7t       0x00000b14        0x0 linker stubs
 *(.glue_7)
 .glue_7        0x00000b14        0x0 linker stubs
 *(.vfp11_veneer)
 .vfp11_veneer  0x00000b14        0x0 linker stubs
 *(.bootloader)
 *(.ARM.extab* .gnu.linkonce.armextab.*)
 *(.gcc_except_table)

.v4_bx          0x00000b14        0x0
 .v4_bx         0x00000b14        0x0 linker stubs

.iplt           0x00000b14        0x0
 .iplt          0x00000b14        0x0 c:/program files (x86)/cypress/psoc creator/4.1/psoc creator/import/gnu/arm/5.4.1/bin/../lib/gcc/arm-none-eabi/5.4.1/armv6-m/crtbegin.o

.eh_frame_hdr
 *(.eh_frame_hdr)

.eh_frame       0x00000b14        0x4
 *(.eh_frame)
 .eh_frame      0x00000b14        0x0 c:/program files (x86)/cypress/psoc creator/4.1/psoc creator/import/gnu/arm/5.4.1/bin/../lib/gcc/arm-none-eabi/5.4.1/armv6-m/crtbegin.o
 .eh_frame      0x00000b14        0x4 c:/program files (x86)/cypress/psoc creator/4.1/psoc creator/import/gnu/arm/5.4.1/bin/../lib/gcc/arm-none-eabi/5.4.1/armv6-m/crtend.o
                [!provide]                PROVIDE (__exidx_start, .)

.ARM.exidx
 *(.ARM.exidx* .gnu.linkonce.armexidx.*)
                0x00000b18                __exidx_end = .

.rodata         0x00000b18      0x710
 *(.rodata .rodata.* .gnu.linkonce.r.*)
 .rodata        0x00000b18      0x1ec .\CortexM0\ARM_GCC_541\Debug\cyfitter_cfg.o
 .rodata        0x00000d04      0x2e0 .\CortexM0\ARM_GCC_541\Debug\EX2_1String.a(StripLights.o)
                0x00000d04                StripLights_gamma
                0x00000e04                StripLights_CLUT
 .rodata        0x00000fe4      0x1e0 .\CortexM0\ARM_GCC_541\Debug\EX2_1String.a(StripLights_fonts.o)
                0x00000fe4                StripLights_Font5x7
 .rodata        0x000011c4       0x2e .\CortexM0\ARM_GCC_541\Debug\EX2_1String.a(CyLib.o)
                0x000011c4                cyImoFreqMhz2Reg
 .rodata.str1.1
                0x000011f2        0x2 c:/program files (x86)/cypress/psoc creator/4.1/psoc creator/import/gnu/arm/5.4.1/bin/../lib/gcc/arm-none-eabi/5.4.1/../../../../arm-none-eabi/lib/armv6-m\libg_nano.a(lib_a-impure.o)
                0x000011f4                . = ALIGN (0x4)
 *(.init)
 .init          0x000011f4        0x4 c:/program files (x86)/cypress/psoc creator/4.1/psoc creator/import/gnu/arm/5.4.1/bin/../lib/gcc/arm-none-eabi/5.4.1/armv6-m/crti.o
                0x000011f4                _init
 .init          0x000011f8        0x8 c:/program files (x86)/cypress/psoc creator/4.1/psoc creator/import/gnu/arm/5.4.1/bin/../lib/gcc/arm-none-eabi/5.4.1/armv6-m/crtn.o
                0x00001200                . = ALIGN (0x4)
                0x00001200                __preinit_array_start = .
 *(.preinit_array)
                0x00001200                __preinit_array_end = .
                0x00001200                . = ALIGN (0x4)
                0x00001200                __init_array_start = .
 *(SORT(.init_array.*))
 *(.init_array)
 .init_array    0x00001200        0x4 c:/program files (x86)/cypress/psoc creator/4.1/psoc creator/import/gnu/arm/5.4.1/bin/../lib/gcc/arm-none-eabi/5.4.1/armv6-m/crtbegin.o
 .init_array    0x00001204        0x4 .\CortexM0\ARM_GCC_541\Debug\Cm0Start.o
                0x00001208                __init_array_end = .
                0x00001208                . = ALIGN (0x4)
 *(.fini)
 .fini          0x00001208        0x4 c:/program files (x86)/cypress/psoc creator/4.1/psoc creator/import/gnu/arm/5.4.1/bin/../lib/gcc/arm-none-eabi/5.4.1/armv6-m/crti.o
                0x00001208                _fini
 .fini          0x0000120c        0x8 c:/program files (x86)/cypress/psoc creator/4.1/psoc creator/import/gnu/arm/5.4.1/bin/../lib/gcc/arm-none-eabi/5.4.1/armv6-m/crtn.o
                0x00001214                . = ALIGN (0x4)
                0x00001214                __fini_array_start = .
 *(.fini_array)
 .fini_array    0x00001214        0x4 c:/program files (x86)/cypress/psoc creator/4.1/psoc creator/import/gnu/arm/5.4.1/bin/../lib/gcc/arm-none-eabi/5.4.1/armv6-m/crtbegin.o
 *(SORT(.fini_array.*))
                0x00001218                __fini_array_end = .
                0x00001218                . = ALIGN (0x4)
 *crtbegin.o(.ctors)
 *(EXCLUDE_FILE(*crtend.o) .ctors)
 *(SORT(.ctors.*))
 *crtend.o(.ctors)
                0x00001218                . = ALIGN (0x4)
 *crtbegin.o(.dtors)
 *(EXCLUDE_FILE(*crtend.o) .dtors)
 *(SORT(.dtors.*))
 *crtend.o(.dtors)
                0x00001218                . = ALIGN (0x4)
                0x00001218                __cy_regions = .
                0x00001218        0x4 LONG 0x1228 __cy_region_init_ram
                0x0000121c        0x4 LONG 0x200000c0 __cy_region_start_data
                0x00001220        0x4 LONG 0x80 __cy_region_init_size_ram
                0x00001224        0x4 LONG 0xb0 __cy_region_zero_size_ram
                0x00001228                __cy_regions_end = .
                0x00001228                . = ALIGN (0x8)
                0x00001228                _etext = .

.cy_checksum_exclude
                0x00001228        0x0
 *(.cy_checksum_exclude)

.ramvectors     0x20000000       0xc0
                0x20000000                __cy_region_start_ram = .
 *(.ramvectors)
 .ramvectors    0x20000000       0xc0 .\CortexM0\ARM_GCC_541\Debug\Cm0Start.o
                0x20000000                CyRamVectors

.noinit
 *(.noinit)

.data           0x200000c0       0x80 load address 0x00001228
                0x200000c0                __cy_region_start_data = .
 *(.jcr)
 .jcr           0x200000c0        0x0 c:/program files (x86)/cypress/psoc creator/4.1/psoc creator/import/gnu/arm/5.4.1/bin/../lib/gcc/arm-none-eabi/5.4.1/armv6-m/crtbegin.o
 .jcr           0x200000c0        0x4 c:/program files (x86)/cypress/psoc creator/4.1/psoc creator/import/gnu/arm/5.4.1/bin/../lib/gcc/arm-none-eabi/5.4.1/armv6-m/crtend.o
 *(.got.plt)
 *(.got)
 *(.shdata)
 *(.data .data.* .gnu.linkonce.d.*)
 .data          0x200000c4       0x14 .\CortexM0\ARM_GCC_541\Debug\EX2_1String.a(CyLib.o)
                0x200000c4                CySysClkPumpConfig
                0x200000c8                cydelay32kMs
                0x200000cc                cydelayFreqKhz
                0x200000d0                cydelayFreqMhz
                0x200000d4                cydelayFreqHz
 .data          0x200000d8        0x4 .\CortexM0\ARM_GCC_541\Debug\EX2_1String.a(CyLFClk.o)
 .data.impure_data
                0x200000dc       0x60 c:/program files (x86)/cypress/psoc creator/4.1/psoc creator/import/gnu/arm/5.4.1/bin/../lib/gcc/arm-none-eabi/5.4.1/../../../../arm-none-eabi/lib/armv6-m\libg_nano.a(lib_a-impure.o)
 .data._impure_ptr
                0x2000013c        0x4 c:/program files (x86)/cypress/psoc creator/4.1/psoc creator/import/gnu/arm/5.4.1/bin/../lib/gcc/arm-none-eabi/5.4.1/../../../../arm-none-eabi/lib/armv6-m\libg_nano.a(lib_a-impure.o)
                0x2000013c                _impure_ptr
                0x20000140                . = ALIGN (0x8)
 *(.ram)
                0x20000140                _edata = .

.igot.plt       0x20000140        0x0 load address 0x000012a8
 .igot.plt      0x20000140        0x0 c:/program files (x86)/cypress/psoc creator/4.1/psoc creator/import/gnu/arm/5.4.1/bin/../lib/gcc/arm-none-eabi/5.4.1/armv6-m/crtbegin.o

.bss            0x20000140       0xb0 load address 0x000012a8
                0x20000140                PROVIDE (__bss_start__, .)
 *(.shbss)
 *(.bss .bss.* .gnu.linkonce.b.*)
 .bss           0x20000140       0x1c c:/program files (x86)/cypress/psoc creator/4.1/psoc creator/import/gnu/arm/5.4.1/bin/../lib/gcc/arm-none-eabi/5.4.1/armv6-m/crtbegin.o
 .bss           0x2000015c       0x1d .\CortexM0\ARM_GCC_541\Debug\EX2_1String.a(StripLights.o)
                0x2000015c                StripLights_row
                0x20000160                StripLights_ledIndex
                0x2000016c                StripLights_EnterCritical
                0x20000170                StripLights_ExitCritical
                0x20000178                StripLights_initvar
 *fill*         0x20000179        0x3 
 .bss           0x2000017c       0x20 .\CortexM0\ARM_GCC_541\Debug\EX2_1String.a(CyLFClk.o)
 *(COMMON)
 COMMON         0x2000019c       0x44 .\CortexM0\ARM_GCC_541\Debug\EX2_1String.a(StripLights.o)
                0x2000019c                StripLights_ledArray
                0x200001d4                StripLights_DimMask
                0x200001d8                StripLights_DimShift
                0x200001dc                StripLights_refreshComplete
 COMMON         0x200001e0       0x10 .\CortexM0\ARM_GCC_541\Debug\EX2_1String.a(StripLights_fonts.o)
                0x200001e0                StripLights_fontX
                0x200001e4                StripLights_fontOffset
                0x200001e8                StripLights_fontPtr
                0x200001ec                StripLights_fontY
                0x200001f0                . = ALIGN (0x8)
 *(.ram.b)
                0x200001f0                _end = .
                0x200001f0                __end = .
                0x200001f0                PROVIDE (end, .)
                0x200001f0                PROVIDE (__bss_end__, .)
                0x00001228                __cy_region_init_ram = LOADADDR (.data)
                0x00000080                __cy_region_init_size_ram = (_edata - ADDR (.data))
                0x000000b0                __cy_region_zero_size_ram = (_end - _edata)

.heap           0x200001f0       0x80 load address 0x000012a8
                0x200001f0                . = _end
                0x20000270                . = (. + 0x80)
 *fill*         0x200001f0       0x80 
                0x20000270                __cy_heap_limit = .

.stack          0x20000c00      0x400
                0x20000c00                __cy_stack_limit = .
                0x20001000                . = (. + 0x400)
 *fill*         0x20000c00      0x400 
                0x00000001                ASSERT ((__cy_stack_limit >= __cy_heap_limit), region RAM overflowed with stack)
                0x00000000                cy_checksum_exclude_size = (CY_APPL_LOADABLE == 0x1)?SIZEOF (.cy_checksum_exclude):0x0
                0x00000001                ASSERT ((cy_checksum_exclude_size <= CY_CHECKSUM_EXCLUDE_SIZE), CY_BOOT: Section .cy_checksum_exclude size exceedes specified limit.)
                0x00007fc0                cyloadermeta_start = (cy_project_type_bootloader || cy_project_type_app_for_stack_and_copier)?(LENGTH (rom) - CY_METADATA_SIZE):0xf0000000

.cyloadermeta
 *(.cyloadermeta)
                0x00007fc0                cyloadablemeta_start = cy_project_type_app_for_stack_and_copier?((LENGTH (rom) - CY_FLASH_ROW_SIZE) - CY_METADATA_SIZE):((LENGTH (rom) - (CY_FLASH_ROW_SIZE * (CY_APPL_NUM - 0x1))) - CY_METADATA_SIZE)

.cyloadablemeta
 *(.cyloadablemeta)

.cyflashprotect
                0x90400000       0x20
 *(.cyflashprotect)
 .cyflashprotect
                0x90400000       0x20 .\CortexM0\ARM_GCC_541\Debug\cymetadata.o
                0x90400000                cy_meta_flashprotect

.cymeta         0x90500000        0xc
 *(.cymeta)
 .cymeta        0x90500000        0xc .\CortexM0\ARM_GCC_541\Debug\cymetadata.o
                0x90500000                cy_metadata

.cychipprotect  0x90600000        0x1
 *(.cychipprotect)
 .cychipprotect
                0x90600000        0x1 .\CortexM0\ARM_GCC_541\Debug\cymetadata.o
                0x90600000                cy_meta_chipprotect

.rel.dyn        0x000012a8        0x0 load address 0x90600004
 .rel.iplt      0x000012a8        0x0 c:/program files (x86)/cypress/psoc creator/4.1/psoc creator/import/gnu/arm/5.4.1/bin/../lib/gcc/arm-none-eabi/5.4.1/armv6-m/crtbegin.o

.stab
 *(.stab)

.stabstr
 *(.stabstr)

.debug
 *(.debug)

.line
 *(.line)

.debug_srcinfo
 *(.debug_srcinfo)

.debug_sfnames
 *(.debug_sfnames)

.debug_aranges  0x00000000      0x628
 *(.debug_aranges)
 .debug_aranges
                0x00000000       0x28 .\CortexM0\ARM_GCC_541\Debug\main.o
 .debug_aranges
                0x00000028       0x38 .\CortexM0\ARM_GCC_541\Debug\cyfitter_cfg.o
 .debug_aranges
                0x00000060       0x18 .\CortexM0\ARM_GCC_541\Debug\cymetadata.o
 .debug_aranges
                0x00000078       0x48 .\CortexM0\ARM_GCC_541\Debug\Cm0Start.o
 .debug_aranges
                0x000000c0       0xd0 .\CortexM0\ARM_GCC_541\Debug\EX2_1String.a(StripLights.o)
 .debug_aranges
                0x00000190       0x30 .\CortexM0\ARM_GCC_541\Debug\EX2_1String.a(StripLights_fonts.o)
 .debug_aranges
                0x000001c0       0x80 .\CortexM0\ARM_GCC_541\Debug\EX2_1String.a(StripLights_cisr.o)
 .debug_aranges
                0x00000240       0x80 .\CortexM0\ARM_GCC_541\Debug\EX2_1String.a(StripLights_fisr.o)
 .debug_aranges
                0x000002c0      0x180 .\CortexM0\ARM_GCC_541\Debug\EX2_1String.a(CyLib.o)
 .debug_aranges
                0x00000440      0x138 .\CortexM0\ARM_GCC_541\Debug\EX2_1String.a(CyLFClk.o)
 .debug_aranges
                0x00000578       0x48 .\CortexM0\ARM_GCC_541\Debug\EX2_1String.a(Pin_LED.o)
 .debug_aranges
                0x000005c0       0x48 .\CortexM0\ARM_GCC_541\Debug\EX2_1String.a(Pin_Flex.o)
 .debug_aranges
                0x00000608       0x20 .\CortexM0\ARM_GCC_541\Debug\EX2_1String.a(CyBootAsmGnu.o)

.debug_pubnames
 *(.debug_pubnames)

.debug_info     0x00000000     0x3e71
 *(.debug_info .gnu.linkonce.wi.*)
 .debug_info    0x00000000      0x358 .\CortexM0\ARM_GCC_541\Debug\main.o
 .debug_info    0x00000358      0x3a0 .\CortexM0\ARM_GCC_541\Debug\cyfitter_cfg.o
 .debug_info    0x000006f8       0xf8 .\CortexM0\ARM_GCC_541\Debug\cymetadata.o
 .debug_info    0x000007f0      0x3a2 .\CortexM0\ARM_GCC_541\Debug\Cm0Start.o
 .debug_info    0x00000b92      0xd86 .\CortexM0\ARM_GCC_541\Debug\EX2_1String.a(StripLights.o)
 .debug_info    0x00001918      0x394 .\CortexM0\ARM_GCC_541\Debug\EX2_1String.a(StripLights_fonts.o)
 .debug_info    0x00001cac      0x305 .\CortexM0\ARM_GCC_541\Debug\EX2_1String.a(StripLights_cisr.o)
 .debug_info    0x00001fb1      0x305 .\CortexM0\ARM_GCC_541\Debug\EX2_1String.a(StripLights_fisr.o)
 .debug_info    0x000022b6      0xafc .\CortexM0\ARM_GCC_541\Debug\EX2_1String.a(CyLib.o)
 .debug_info    0x00002db2      0xcfe .\CortexM0\ARM_GCC_541\Debug\EX2_1String.a(CyLFClk.o)
 .debug_info    0x00003ab0      0x19d .\CortexM0\ARM_GCC_541\Debug\EX2_1String.a(Pin_LED.o)
 .debug_info    0x00003c4d      0x19d .\CortexM0\ARM_GCC_541\Debug\EX2_1String.a(Pin_Flex.o)
 .debug_info    0x00003dea       0x87 .\CortexM0\ARM_GCC_541\Debug\EX2_1String.a(CyBootAsmGnu.o)

.debug_abbrev   0x00000000     0x10e9
 *(.debug_abbrev)
 .debug_abbrev  0x00000000      0x120 .\CortexM0\ARM_GCC_541\Debug\main.o
 .debug_abbrev  0x00000120      0x199 .\CortexM0\ARM_GCC_541\Debug\cyfitter_cfg.o
 .debug_abbrev  0x000002b9       0x5d .\CortexM0\ARM_GCC_541\Debug\cymetadata.o
 .debug_abbrev  0x00000316      0x1d7 .\CortexM0\ARM_GCC_541\Debug\Cm0Start.o
 .debug_abbrev  0x000004ed      0x221 .\CortexM0\ARM_GCC_541\Debug\EX2_1String.a(StripLights.o)
 .debug_abbrev  0x0000070e      0x113 .\CortexM0\ARM_GCC_541\Debug\EX2_1String.a(StripLights_fonts.o)
 .debug_abbrev  0x00000821      0x19a .\CortexM0\ARM_GCC_541\Debug\EX2_1String.a(StripLights_cisr.o)
 .debug_abbrev  0x000009bb      0x19a .\CortexM0\ARM_GCC_541\Debug\EX2_1String.a(StripLights_fisr.o)
 .debug_abbrev  0x00000b55      0x1e0 .\CortexM0\ARM_GCC_541\Debug\EX2_1String.a(CyLib.o)
 .debug_abbrev  0x00000d35      0x210 .\CortexM0\ARM_GCC_541\Debug\EX2_1String.a(CyLFClk.o)
 .debug_abbrev  0x00000f45       0xc8 .\CortexM0\ARM_GCC_541\Debug\EX2_1String.a(Pin_LED.o)
 .debug_abbrev  0x0000100d       0xc8 .\CortexM0\ARM_GCC_541\Debug\EX2_1String.a(Pin_Flex.o)
 .debug_abbrev  0x000010d5       0x14 .\CortexM0\ARM_GCC_541\Debug\EX2_1String.a(CyBootAsmGnu.o)

.debug_line     0x00000000     0x1800
 *(.debug_line)
 .debug_line    0x00000000      0x10c .\CortexM0\ARM_GCC_541\Debug\main.o
 .debug_line    0x0000010c      0x163 .\CortexM0\ARM_GCC_541\Debug\cyfitter_cfg.o
 .debug_line    0x0000026f      0x141 .\CortexM0\ARM_GCC_541\Debug\cymetadata.o
 .debug_line    0x000003b0      0x235 .\CortexM0\ARM_GCC_541\Debug\Cm0Start.o
 .debug_line    0x000005e5      0x3c7 .\CortexM0\ARM_GCC_541\Debug\EX2_1String.a(StripLights.o)
 .debug_line    0x000009ac       0xf3 .\CortexM0\ARM_GCC_541\Debug\EX2_1String.a(StripLights_fonts.o)
 .debug_line    0x00000a9f      0x158 .\CortexM0\ARM_GCC_541\Debug\EX2_1String.a(StripLights_cisr.o)
 .debug_line    0x00000bf7      0x15c .\CortexM0\ARM_GCC_541\Debug\EX2_1String.a(StripLights_fisr.o)
 .debug_line    0x00000d53      0x45f .\CortexM0\ARM_GCC_541\Debug\EX2_1String.a(CyLib.o)
 .debug_line    0x000011b2      0x466 .\CortexM0\ARM_GCC_541\Debug\EX2_1String.a(CyLFClk.o)
 .debug_line    0x00001618       0xbf .\CortexM0\ARM_GCC_541\Debug\EX2_1String.a(Pin_LED.o)
 .debug_line    0x000016d7       0xc0 .\CortexM0\ARM_GCC_541\Debug\EX2_1String.a(Pin_Flex.o)
 .debug_line    0x00001797       0x69 .\CortexM0\ARM_GCC_541\Debug\EX2_1String.a(CyBootAsmGnu.o)

.debug_frame    0x00000000     0x1018
 *(.debug_frame)
 .debug_frame   0x00000000       0x5c .\CortexM0\ARM_GCC_541\Debug\main.o
 .debug_frame   0x0000005c       0x8c .\CortexM0\ARM_GCC_541\Debug\cyfitter_cfg.o
 .debug_frame   0x000000e8       0xbc .\CortexM0\ARM_GCC_541\Debug\Cm0Start.o
 .debug_frame   0x000001a4      0x2b4 .\CortexM0\ARM_GCC_541\Debug\EX2_1String.a(StripLights.o)
 .debug_frame   0x00000458       0x84 .\CortexM0\ARM_GCC_541\Debug\EX2_1String.a(StripLights_fonts.o)
 .debug_frame   0x000004dc      0x110 .\CortexM0\ARM_GCC_541\Debug\EX2_1String.a(StripLights_cisr.o)
 .debug_frame   0x000005ec      0x110 .\CortexM0\ARM_GCC_541\Debug\EX2_1String.a(StripLights_fisr.o)
 .debug_frame   0x000006fc      0x3e0 .\CortexM0\ARM_GCC_541\Debug\EX2_1String.a(CyLib.o)
 .debug_frame   0x00000adc      0x3a8 .\CortexM0\ARM_GCC_541\Debug\EX2_1String.a(CyLFClk.o)
 .debug_frame   0x00000e84       0x70 .\CortexM0\ARM_GCC_541\Debug\EX2_1String.a(Pin_LED.o)
 .debug_frame   0x00000ef4       0x70 .\CortexM0\ARM_GCC_541\Debug\EX2_1String.a(Pin_Flex.o)
 .debug_frame   0x00000f64       0x20 c:/program files (x86)/cypress/psoc creator/4.1/psoc creator/import/gnu/arm/5.4.1/bin/../lib/gcc/arm-none-eabi/5.4.1/armv6-m\libgcc.a(_udivsi3.o)
 .debug_frame   0x00000f84       0x20 c:/program files (x86)/cypress/psoc creator/4.1/psoc creator/import/gnu/arm/5.4.1/bin/../lib/gcc/arm-none-eabi/5.4.1/../../../../arm-none-eabi/lib/armv6-m\libg_nano.a(lib_a-errno.o)
 .debug_frame   0x00000fa4       0x28 c:/program files (x86)/cypress/psoc creator/4.1/psoc creator/import/gnu/arm/5.4.1/bin/../lib/gcc/arm-none-eabi/5.4.1/../../../../arm-none-eabi/lib/armv6-m\libg_nano.a(lib_a-exit.o)
 .debug_frame   0x00000fcc       0x2c c:/program files (x86)/cypress/psoc creator/4.1/psoc creator/import/gnu/arm/5.4.1/bin/../lib/gcc/arm-none-eabi/5.4.1/../../../../arm-none-eabi/lib/armv6-m\libg_nano.a(lib_a-init.o)
 .debug_frame   0x00000ff8       0x20 c:/program files (x86)/cypress/psoc creator/4.1/psoc creator/import/gnu/arm/5.4.1/bin/../lib/gcc/arm-none-eabi/5.4.1/../../../../arm-none-eabi/lib/armv6-m\libg_nano.a(lib_a-memset.o)

.debug_str      0x00000000     0x173f
 *(.debug_str)
 .debug_str     0x00000000      0x245 .\CortexM0\ARM_GCC_541\Debug\main.o
                                0x28b (size before relaxing)
 .debug_str     0x00000245      0x11a .\CortexM0\ARM_GCC_541\Debug\cyfitter_cfg.o
                                0x2bc (size before relaxing)
 .debug_str     0x0000035f       0x63 .\CortexM0\ARM_GCC_541\Debug\cymetadata.o
                                0x1bf (size before relaxing)
 .debug_str     0x000003c2      0x13a .\CortexM0\ARM_GCC_541\Debug\Cm0Start.o
                                0x2f8 (size before relaxing)
 .debug_str     0x000004fc      0x389 .\CortexM0\ARM_GCC_541\Debug\EX2_1String.a(StripLights.o)
                                0x5c6 (size before relaxing)
 .debug_str     0x00000885       0xf3 .\CortexM0\ARM_GCC_541\Debug\EX2_1String.a(StripLights_fonts.o)
                                0x2c8 (size before relaxing)
 .debug_str     0x00000978      0x19e .\CortexM0\ARM_GCC_541\Debug\EX2_1String.a(StripLights_cisr.o)
                                0x37b (size before relaxing)
 .debug_str     0x00000b16      0x14a .\CortexM0\ARM_GCC_541\Debug\EX2_1String.a(StripLights_fisr.o)
                                0x37b (size before relaxing)
 .debug_str     0x00000c60      0x47c .\CortexM0\ARM_GCC_541\Debug\EX2_1String.a(CyLib.o)
                                0x6bb (size before relaxing)
 .debug_str     0x000010dc      0x52a .\CortexM0\ARM_GCC_541\Debug\EX2_1String.a(CyLFClk.o)
                                0x734 (size before relaxing)
 .debug_str     0x00001606       0xab .\CortexM0\ARM_GCC_541\Debug\EX2_1String.a(Pin_LED.o)
                                0x23b (size before relaxing)
 .debug_str     0x000016b1       0x8e .\CortexM0\ARM_GCC_541\Debug\EX2_1String.a(Pin_Flex.o)
                                0x242 (size before relaxing)

.debug_loc      0x00000000     0x2272
 *(.debug_loc)
 .debug_loc     0x00000000      0x197 .\CortexM0\ARM_GCC_541\Debug\main.o
 .debug_loc     0x00000197      0x118 .\CortexM0\ARM_GCC_541\Debug\cyfitter_cfg.o
 .debug_loc     0x000002af      0x14f .\CortexM0\ARM_GCC_541\Debug\Cm0Start.o
 .debug_loc     0x000003fe      0xa5a .\CortexM0\ARM_GCC_541\Debug\EX2_1String.a(StripLights.o)
 .debug_loc     0x00000e58      0x252 .\CortexM0\ARM_GCC_541\Debug\EX2_1String.a(StripLights_fonts.o)
 .debug_loc     0x000010aa       0x82 .\CortexM0\ARM_GCC_541\Debug\EX2_1String.a(StripLights_cisr.o)
 .debug_loc     0x0000112c       0x82 .\CortexM0\ARM_GCC_541\Debug\EX2_1String.a(StripLights_fisr.o)
 .debug_loc     0x000011ae      0x5cb .\CortexM0\ARM_GCC_541\Debug\EX2_1String.a(CyLib.o)
 .debug_loc     0x00001779      0x9b5 .\CortexM0\ARM_GCC_541\Debug\EX2_1String.a(CyLFClk.o)
 .debug_loc     0x0000212e       0xa2 .\CortexM0\ARM_GCC_541\Debug\EX2_1String.a(Pin_LED.o)
 .debug_loc     0x000021d0       0xa2 .\CortexM0\ARM_GCC_541\Debug\EX2_1String.a(Pin_Flex.o)

.debug_macinfo
 *(.debug_macinfo)

.debug_ranges   0x00000000      0x540
 *(.debug_ranges)
 .debug_ranges  0x00000000       0x18 .\CortexM0\ARM_GCC_541\Debug\main.o
 .debug_ranges  0x00000018       0x28 .\CortexM0\ARM_GCC_541\Debug\cyfitter_cfg.o
 .debug_ranges  0x00000040       0x38 .\CortexM0\ARM_GCC_541\Debug\Cm0Start.o
 .debug_ranges  0x00000078       0xc0 .\CortexM0\ARM_GCC_541\Debug\EX2_1String.a(StripLights.o)
 .debug_ranges  0x00000138       0x20 .\CortexM0\ARM_GCC_541\Debug\EX2_1String.a(StripLights_fonts.o)
 .debug_ranges  0x00000158       0x70 .\CortexM0\ARM_GCC_541\Debug\EX2_1String.a(StripLights_cisr.o)
 .debug_ranges  0x000001c8       0x70 .\CortexM0\ARM_GCC_541\Debug\EX2_1String.a(StripLights_fisr.o)
 .debug_ranges  0x00000238      0x170 .\CortexM0\ARM_GCC_541\Debug\EX2_1String.a(CyLib.o)
 .debug_ranges  0x000003a8      0x128 .\CortexM0\ARM_GCC_541\Debug\EX2_1String.a(CyLFClk.o)
 .debug_ranges  0x000004d0       0x38 .\CortexM0\ARM_GCC_541\Debug\EX2_1String.a(Pin_LED.o)
 .debug_ranges  0x00000508       0x38 .\CortexM0\ARM_GCC_541\Debug\EX2_1String.a(Pin_Flex.o)

.comment        0x00000000       0x6e
 .comment       0x00000000       0x6e .\CortexM0\ARM_GCC_541\Debug\main.o
                                 0x6f (size before relaxing)
 .comment       0x0000006e       0x6f .\CortexM0\ARM_GCC_541\Debug\cyfitter_cfg.o
 .comment       0x0000006e       0x6f .\CortexM0\ARM_GCC_541\Debug\cymetadata.o
 .comment       0x0000006e       0x6f .\CortexM0\ARM_GCC_541\Debug\Cm0Start.o
 .comment       0x0000006e       0x6f .\CortexM0\ARM_GCC_541\Debug\EX2_1String.a(StripLights.o)
 .comment       0x0000006e       0x6f .\CortexM0\ARM_GCC_541\Debug\EX2_1String.a(StripLights_fonts.o)
 .comment       0x0000006e       0x6f .\CortexM0\ARM_GCC_541\Debug\EX2_1String.a(StripLights_cisr.o)
 .comment       0x0000006e       0x6f .\CortexM0\ARM_GCC_541\Debug\EX2_1String.a(StripLights_fisr.o)
 .comment       0x0000006e       0x6f .\CortexM0\ARM_GCC_541\Debug\EX2_1String.a(CyLib.o)
 .comment       0x0000006e       0x6f .\CortexM0\ARM_GCC_541\Debug\EX2_1String.a(CyLFClk.o)
 .comment       0x0000006e       0x6f .\CortexM0\ARM_GCC_541\Debug\EX2_1String.a(Pin_LED.o)
 .comment       0x0000006e       0x6f .\CortexM0\ARM_GCC_541\Debug\EX2_1String.a(Pin_Flex.o)

.debug_weaknames
 *(.debug_weaknames)

.debug_funcnames
 *(.debug_funcnames)

.debug_typenames
 *(.debug_typenames)

.debug_varnames
 *(.debug_varnames)

.note.gnu.arm.ident
 *(.note.gnu.arm.ident)

.ARM.attributes
                0x00000000       0x28
 *(.ARM.attributes)
 .ARM.attributes
                0x00000000       0x1e c:/program files (x86)/cypress/psoc creator/4.1/psoc creator/import/gnu/arm/5.4.1/bin/../lib/gcc/arm-none-eabi/5.4.1/armv6-m/crti.o
 .ARM.attributes
                0x0000001e       0x2c c:/program files (x86)/cypress/psoc creator/4.1/psoc creator/import/gnu/arm/5.4.1/bin/../lib/gcc/arm-none-eabi/5.4.1/armv6-m/crtbegin.o
 .ARM.attributes
                0x0000004a       0x1b c:/program files (x86)/cypress/psoc creator/4.1/psoc creator/import/gnu/arm/5.4.1/bin/../lib/gcc/arm-none-eabi/5.4.1/../../../../arm-none-eabi/lib/armv6-m/crt0.o
 .ARM.attributes
                0x00000065       0x31 .\CortexM0\ARM_GCC_541\Debug\main.o
 .ARM.attributes
                0x00000096       0x31 .\CortexM0\ARM_GCC_541\Debug\cyfitter_cfg.o
 .ARM.attributes
                0x000000c7       0x31 .\CortexM0\ARM_GCC_541\Debug\cymetadata.o
 .ARM.attributes
                0x000000f8       0x31 .\CortexM0\ARM_GCC_541\Debug\Cm0Start.o
 .ARM.attributes
                0x00000129       0x31 .\CortexM0\ARM_GCC_541\Debug\EX2_1String.a(StripLights.o)
 .ARM.attributes
                0x0000015a       0x31 .\CortexM0\ARM_GCC_541\Debug\EX2_1String.a(StripLights_fonts.o)
 .ARM.attributes
                0x0000018b       0x31 .\CortexM0\ARM_GCC_541\Debug\EX2_1String.a(StripLights_cisr.o)
 .ARM.attributes
                0x000001bc       0x31 .\CortexM0\ARM_GCC_541\Debug\EX2_1String.a(StripLights_fisr.o)
 .ARM.attributes
                0x000001ed       0x31 .\CortexM0\ARM_GCC_541\Debug\EX2_1String.a(CyLib.o)
 .ARM.attributes
                0x0000021e       0x31 .\CortexM0\ARM_GCC_541\Debug\EX2_1String.a(CyLFClk.o)
 .ARM.attributes
                0x0000024f       0x31 .\CortexM0\ARM_GCC_541\Debug\EX2_1String.a(Pin_LED.o)
 .ARM.attributes
                0x00000280       0x31 .\CortexM0\ARM_GCC_541\Debug\EX2_1String.a(Pin_Flex.o)
 .ARM.attributes
                0x000002b1       0x21 .\CortexM0\ARM_GCC_541\Debug\EX2_1String.a(CyBootAsmGnu.o)
 .ARM.attributes
                0x000002d2       0x1e c:/program files (x86)/cypress/psoc creator/4.1/psoc creator/import/gnu/arm/5.4.1/bin/../lib/gcc/arm-none-eabi/5.4.1/armv6-m\libgcc.a(_udivsi3.o)
 .ARM.attributes
                0x000002f0       0x1e c:/program files (x86)/cypress/psoc creator/4.1/psoc creator/import/gnu/arm/5.4.1/bin/../lib/gcc/arm-none-eabi/5.4.1/armv6-m\libgcc.a(_dvmd_tls.o)
 .ARM.attributes
                0x0000030e       0x2c c:/program files (x86)/cypress/psoc creator/4.1/psoc creator/import/gnu/arm/5.4.1/bin/../lib/gcc/arm-none-eabi/5.4.1/../../../../arm-none-eabi/lib/armv6-m\libg_nano.a(lib_a-errno.o)
 .ARM.attributes
                0x0000033a       0x2c c:/program files (x86)/cypress/psoc creator/4.1/psoc creator/import/gnu/arm/5.4.1/bin/../lib/gcc/arm-none-eabi/5.4.1/../../../../arm-none-eabi/lib/armv6-m\libg_nano.a(lib_a-exit.o)
 .ARM.attributes
                0x00000366       0x2c c:/program files (x86)/cypress/psoc creator/4.1/psoc creator/import/gnu/arm/5.4.1/bin/../lib/gcc/arm-none-eabi/5.4.1/../../../../arm-none-eabi/lib/armv6-m\libg_nano.a(lib_a-impure.o)
 .ARM.attributes
                0x00000392       0x2c c:/program files (x86)/cypress/psoc creator/4.1/psoc creator/import/gnu/arm/5.4.1/bin/../lib/gcc/arm-none-eabi/5.4.1/../../../../arm-none-eabi/lib/armv6-m\libg_nano.a(lib_a-init.o)
 .ARM.attributes
                0x000003be       0x2c c:/program files (x86)/cypress/psoc creator/4.1/psoc creator/import/gnu/arm/5.4.1/bin/../lib/gcc/arm-none-eabi/5.4.1/../../../../arm-none-eabi/lib/armv6-m\libg_nano.a(lib_a-memset.o)
 .ARM.attributes
                0x000003ea       0x2c c:/program files (x86)/cypress/psoc creator/4.1/psoc creator/import/gnu/arm/5.4.1/bin/../lib/gcc/arm-none-eabi/5.4.1/armv6-m/crtend.o
 .ARM.attributes
                0x00000416       0x1e c:/program files (x86)/cypress/psoc creator/4.1/psoc creator/import/gnu/arm/5.4.1/bin/../lib/gcc/arm-none-eabi/5.4.1/armv6-m/crtn.o

/DISCARD/
 *(.note.GNU-stack)
OUTPUT(C:\Users\James Sun\Desktop\FunWithLEDs\EX2_1String.cydsn\CortexM0\ARM_GCC_541\Debug\EX2_1String.elf elf32-littlearm)
