ARM GAS  C:\Users\JAMESS~1\AppData\Local\Temp\ccYKoQwd.s 			page 1


   1              		.syntax unified
   2              		.cpu cortex-m0
   3              		.fpu softvfp
   4              		.eabi_attribute 20, 1
   5              		.eabi_attribute 21, 1
   6              		.eabi_attribute 23, 3
   7              		.eabi_attribute 24, 1
   8              		.eabi_attribute 25, 1
   9              		.eabi_attribute 26, 1
  10              		.eabi_attribute 30, 6
  11              		.eabi_attribute 34, 0
  12              		.eabi_attribute 18, 4
  13              		.thumb
  14              		.syntax unified
  15              		.file	"main.c"
  16              		.text
  17              	.Ltext0:
  18              		.cfi_sections	.debug_frame
  19              		.comm	value,4,4
  20              		.section	.text.main,"ax",%progbits
  21              		.align	2
  22              		.global	main
  23              		.code	16
  24              		.thumb_func
  25              		.type	main, %function
  26              	main:
  27              	.LFB32:
  28              		.file 1 "main.c"
   1:main.c        **** /*******************************************************************************
   2:main.c        **** MASTER
   3:main.c        **** *******************************************************************************/
   4:main.c        **** 
   5:main.c        **** #include "main.h"
   6:main.c        **** int value;
   7:main.c        **** 
   8:main.c        **** /*******************************************************************************
   9:main.c        **** * Function Name: main
  10:main.c        **** ********************************************************************************
  11:main.c        **** * Summary:
  12:main.c        **** *  The main function performs the following actions:
  13:main.c        **** *   1. Turns off the RGB LED.
  14:main.c        **** *   2. Starts the I2C master (SCB mode) component.
  15:main.c        **** *   3. Enables global interrupts.
  16:main.c        **** *   4. Sends command and status packets to the slave every 500mS.
  17:main.c        **** *
  18:main.c        **** * Parameters:
  19:main.c        **** *  None
  20:main.c        **** *
  21:main.c        **** * Return:
  22:main.c        **** *  None
  23:main.c        **** *
  24:main.c        **** *******************************************************************************/
  25:main.c        **** int main()
  26:main.c        **** {
  29              		.loc 1 26 0
  30              		.cfi_startproc
  31              		@ args = 0, pretend = 0, frame = 8
ARM GAS  C:\Users\JAMESS~1\AppData\Local\Temp\ccYKoQwd.s 			page 2


  32              		@ frame_needed = 1, uses_anonymous_args = 0
  33 0000 80B5     		push	{r7, lr}
  34              		.cfi_def_cfa_offset 8
  35              		.cfi_offset 7, -8
  36              		.cfi_offset 14, -4
  37 0002 82B0     		sub	sp, sp, #8
  38              		.cfi_def_cfa_offset 16
  39 0004 00AF     		add	r7, sp, #0
  40              		.cfi_def_cfa_register 7
  27:main.c        ****     uint8 command = CMD_SET_RED;
  41              		.loc 1 27 0
  42 0006 FB1C     		adds	r3, r7, #3
  43 0008 0122     		movs	r2, #1
  44 000a 1A70     		strb	r2, [r3]
  28:main.c        ****     int cycle = 0;
  45              		.loc 1 28 0
  46 000c 0023     		movs	r3, #0
  47 000e 7B60     		str	r3, [r7, #4]
  29:main.c        ****     LED_RED_Write(LED_ON);
  48              		.loc 1 29 0
  49 0010 0020     		movs	r0, #0
  50 0012 FFF7FEFF 		bl	LED_RED_Write
  30:main.c        ****     LED_GREEN_Write(LED_OFF);
  51              		.loc 1 30 0
  52 0016 0120     		movs	r0, #1
  53 0018 FFF7FEFF 		bl	LED_GREEN_Write
  31:main.c        **** 
  32:main.c        ****     StripLights_Start();
  54              		.loc 1 32 0
  55 001c FFF7FEFF 		bl	StripLights_Start
  33:main.c        ****     I2CM_Start();
  56              		.loc 1 33 0
  57 0020 FFF7FEFF 		bl	I2CM_Start
  34:main.c        **** 
  35:main.c        ****     CyGlobalIntEnable;
  58              		.loc 1 35 0
  59              		.syntax divided
  60              	@ 35 "main.c" 1
  61 0024 62B6     		CPSIE   i
  62              	@ 0 "" 2
  63              		.thumb
  64              		.syntax unified
  65              	.L3:
  36:main.c        **** 
  37:main.c        ****     /***************************************************************************
  38:main.c        ****     * Main polling loop
  39:main.c        ****     ***************************************************************************/
  40:main.c        ****     for(;;)
  41:main.c        ****     {
  42:main.c        ****         /* Send packet with command to the slave */
  43:main.c        ****         if (0u == WriteCommandPacket(command, cycle))
  66              		.loc 1 43 0
  67 0026 7A68     		ldr	r2, [r7, #4]
  68 0028 FB1C     		adds	r3, r7, #3
  69 002a 1B78     		ldrb	r3, [r3]
  70 002c 1100     		movs	r1, r2
  71 002e 1800     		movs	r0, r3
ARM GAS  C:\Users\JAMESS~1\AppData\Local\Temp\ccYKoQwd.s 			page 3


  72 0030 FFF7FEFF 		bl	WriteCommandPacket
  73 0034 031E     		subs	r3, r0, #0
  74 0036 03D1     		bne	.L2
  44:main.c        ****         {
  45:main.c        ****             /* Read response packet from the slave */
  46:main.c        ****             if (0u == ReadStatusPacket(cycle))
  75              		.loc 1 46 0
  76 0038 7B68     		ldr	r3, [r7, #4]
  77 003a 1800     		movs	r0, r3
  78 003c FFF7FEFF 		bl	ReadStatusPacket
  79              	.L2:
  47:main.c        ****             {
  48:main.c        ****                 /* Update game state */
  49:main.c        ****                 if(cycle % 4 == 0){
  50:main.c        ****                     //update the game state
  51:main.c        ****                     //0 green, 1 red, 2 nothing
  52:main.c        ****                     
  53:main.c        ****                     
  54:main.c        ****                 }
  55:main.c        ****             }
  56:main.c        ****         }
  57:main.c        ****         cycle++;
  80              		.loc 1 57 0
  81 0040 7B68     		ldr	r3, [r7, #4]
  82 0042 0133     		adds	r3, r3, #1
  83 0044 7B60     		str	r3, [r7, #4]
  58:main.c        ****         
  59:main.c        ****     }
  84              		.loc 1 59 0
  85 0046 EEE7     		b	.L3
  86              		.cfi_endproc
  87              	.LFE32:
  88              		.size	main, .-main
  89              		.section	.text.WriteCommandPacket,"ax",%progbits
  90              		.align	2
  91              		.global	WriteCommandPacket
  92              		.code	16
  93              		.thumb_func
  94              		.type	WriteCommandPacket, %function
  95              	WriteCommandPacket:
  96              	.LFB33:
  60:main.c        **** }
  61:main.c        **** 
  62:main.c        **** 
  63:main.c        **** /*******************************************************************************
  64:main.c        **** * Function Name: WriteCommandPacket
  65:main.c        **** ********************************************************************************
  66:main.c        **** * Summary:
  67:main.c        **** *  Master initiates the transfer to write command packet into the slave.
  68:main.c        **** *  The status of the transfer is returned.
  69:main.c        **** *
  70:main.c        **** * Parameters:
  71:main.c        **** *  cmd: command to execute. Available commands:
  72:main.c        **** *   - CMD_SET_RED:   set red color of the LED.
  73:main.c        **** *   - CMD_SET_GREEN: set green color of the LED.
  74:main.c        **** *   - CMD_SET_BLUE:  set blue color of the LED.
  75:main.c        **** *   - CMD_SET_OFF:   turn off the LED.
ARM GAS  C:\Users\JAMESS~1\AppData\Local\Temp\ccYKoQwd.s 			page 4


  76:main.c        **** *
  77:main.c        **** * Return:
  78:main.c        **** *  Returns status of the transfer. There are two statuses
  79:main.c        **** *  - TRANSFER_CMPLT: transfer completed successfully.
  80:main.c        **** *  - TRANSFER_ERROR: the error occurred while transfer.
  81:main.c        **** *
  82:main.c        **** *******************************************************************************/
  83:main.c        **** uint32 WriteCommandPacket(uint8 cmd, int cycle)
  84:main.c        **** {
  97              		.loc 1 84 0
  98              		.cfi_startproc
  99              		@ args = 0, pretend = 0, frame = 48
 100              		@ frame_needed = 1, uses_anonymous_args = 0
 101 0000 80B5     		push	{r7, lr}
 102              		.cfi_def_cfa_offset 8
 103              		.cfi_offset 7, -8
 104              		.cfi_offset 14, -4
 105 0002 8CB0     		sub	sp, sp, #48
 106              		.cfi_def_cfa_offset 56
 107 0004 00AF     		add	r7, sp, #0
 108              		.cfi_def_cfa_register 7
 109 0006 0200     		movs	r2, r0
 110 0008 3960     		str	r1, [r7]
 111 000a FB1D     		adds	r3, r7, #7
 112 000c 1A70     		strb	r2, [r3]
  85:main.c        ****     uint8  buffer[BUFFER_SIZE];
  86:main.c        ****     uint32 status = TRANSFER_ERROR;
 113              		.loc 1 86 0
 114 000e FF23     		movs	r3, #255
 115 0010 FB62     		str	r3, [r7, #44]
  87:main.c        **** 
  88:main.c        ****     /* Initialize buffer with packet */
  89:main.c        ****     buffer[PACKET_SOP_POS] = PACKET_SOP;
 116              		.loc 1 89 0
 117 0012 0823     		movs	r3, #8
 118 0014 FB18     		adds	r3, r7, r3
 119 0016 0122     		movs	r2, #1
 120 0018 1A70     		strb	r2, [r3]
  90:main.c        ****     buffer[PACKET_CMD_POS] = cmd;
 121              		.loc 1 90 0
 122 001a 0823     		movs	r3, #8
 123 001c FB18     		adds	r3, r7, r3
 124 001e FA1D     		adds	r2, r7, #7
 125 0020 1278     		ldrb	r2, [r2]
 126 0022 5A70     		strb	r2, [r3, #1]
  91:main.c        ****     buffer[PACKET_EOP_POS] = PACKET_EOP;
 127              		.loc 1 91 0
 128 0024 0823     		movs	r3, #8
 129 0026 FB18     		adds	r3, r7, r3
 130 0028 1722     		movs	r2, #23
 131 002a DA77     		strb	r2, [r3, #31]
  92:main.c        **** 
  93:main.c        ****     if(cycle % 2 == 0){
 132              		.loc 1 93 0
 133 002c 3B68     		ldr	r3, [r7]
 134 002e 0122     		movs	r2, #1
 135 0030 1340     		ands	r3, r2
ARM GAS  C:\Users\JAMESS~1\AppData\Local\Temp\ccYKoQwd.s 			page 5


 136 0032 07D1     		bne	.L5
  94:main.c        ****         (void) I2CM_I2CMasterWriteBuf(I2C_SLAVE_ADDR_0, buffer, PACKET_SIZE, \
 137              		.loc 1 94 0
 138 0034 0823     		movs	r3, #8
 139 0036 F918     		adds	r1, r7, r3
 140 0038 0023     		movs	r3, #0
 141 003a 2022     		movs	r2, #32
 142 003c 0820     		movs	r0, #8
 143 003e FFF7FEFF 		bl	I2CM_I2CMasterWriteBuf
 144 0042 11E0     		b	.L12
 145              	.L5:
  95:main.c        ****                                   I2CM_I2C_MODE_COMPLETE_XFER);
  96:main.c        ****     }
  97:main.c        ****     else if(cycle % 2 == 1){
 146              		.loc 1 97 0
 147 0044 3B68     		ldr	r3, [r7]
 148 0046 184A     		ldr	r2, .L13
 149 0048 1340     		ands	r3, r2
 150 004a 04D5     		bpl	.L7
 151 004c 013B     		subs	r3, r3, #1
 152 004e 0222     		movs	r2, #2
 153 0050 5242     		rsbs	r2, r2, #0
 154 0052 1343     		orrs	r3, r2
 155 0054 0133     		adds	r3, r3, #1
 156              	.L7:
 157 0056 012B     		cmp	r3, #1
 158 0058 06D1     		bne	.L12
  98:main.c        ****         (void) I2CM_I2CMasterWriteBuf(I2C_SLAVE_ADDR_1, buffer, PACKET_SIZE, \
 159              		.loc 1 98 0
 160 005a 0823     		movs	r3, #8
 161 005c F918     		adds	r1, r7, r3
 162 005e 0023     		movs	r3, #0
 163 0060 2022     		movs	r2, #32
 164 0062 0920     		movs	r0, #9
 165 0064 FFF7FEFF 		bl	I2CM_I2CMasterWriteBuf
 166              	.L12:
  99:main.c        ****                                   I2CM_I2C_MODE_COMPLETE_XFER);
 100:main.c        ****     }
 101:main.c        ****     /* Waits until master completes write transfer */
 102:main.c        ****     while (0u == (I2CM_I2CMasterStatus() & I2CM_I2C_MSTAT_WR_CMPLT))
 167              		.loc 1 102 0
 168 0068 C046     		nop
 169              	.L8:
 170              		.loc 1 102 0 is_stmt 0 discriminator 1
 171 006a FFF7FEFF 		bl	I2CM_I2CMasterStatus
 172 006e 0200     		movs	r2, r0
 173 0070 0223     		movs	r3, #2
 174 0072 1340     		ands	r3, r2
 175 0074 F9D0     		beq	.L8
 103:main.c        ****     {
 104:main.c        ****     }
 105:main.c        **** 
 106:main.c        ****     /* Displays transfer status */
 107:main.c        ****     unsigned int v = (I2CM_I2C_MSTAT_ERR_XFER & I2CM_I2CMasterStatus());
 176              		.loc 1 107 0 is_stmt 1
 177 0076 FFF7FEFF 		bl	I2CM_I2CMasterStatus
 178 007a 0200     		movs	r2, r0
ARM GAS  C:\Users\JAMESS~1\AppData\Local\Temp\ccYKoQwd.s 			page 6


 179 007c 8023     		movs	r3, #128
 180 007e 9B00     		lsls	r3, r3, #2
 181 0080 1340     		ands	r3, r2
 182 0082 BB62     		str	r3, [r7, #40]
 108:main.c        ****     if (0u == v)
 183              		.loc 1 108 0
 184 0084 BB6A     		ldr	r3, [r7, #40]
 185 0086 002B     		cmp	r3, #0
 186 0088 06D1     		bne	.L9
 109:main.c        ****     {
 110:main.c        ****         /* Check if all bytes was written */
 111:main.c        ****         if (I2CM_I2CMasterGetWriteBufSize() == BUFFER_SIZE)
 187              		.loc 1 111 0
 188 008a FFF7FEFF 		bl	I2CM_I2CMasterGetWriteBufSize
 189 008e 0300     		movs	r3, r0
 190 0090 202B     		cmp	r3, #32
 191 0092 01D1     		bne	.L9
 112:main.c        ****         {
 113:main.c        **** //            RGB_LED_ON_GREEN;
 114:main.c        ****             status = TRANSFER_CMPLT;
 192              		.loc 1 114 0
 193 0094 0023     		movs	r3, #0
 194 0096 FB62     		str	r3, [r7, #44]
 195              	.L9:
 115:main.c        ****         }
 116:main.c        ****     }
 117:main.c        ****     else
 118:main.c        ****     {
 119:main.c        **** //        RGB_LED_ON_RED;
 120:main.c        ****     }
 121:main.c        **** 
 122:main.c        ****     (void) I2CM_I2CMasterClearStatus();
 196              		.loc 1 122 0
 197 0098 FFF7FEFF 		bl	I2CM_I2CMasterClearStatus
 123:main.c        **** 
 124:main.c        ****     return (status);
 198              		.loc 1 124 0
 199 009c FB6A     		ldr	r3, [r7, #44]
 125:main.c        **** }
 200              		.loc 1 125 0
 201 009e 1800     		movs	r0, r3
 202 00a0 BD46     		mov	sp, r7
 203 00a2 0CB0     		add	sp, sp, #48
 204              		@ sp needed
 205 00a4 80BD     		pop	{r7, pc}
 206              	.L14:
 207 00a6 C046     		.align	2
 208              	.L13:
 209 00a8 01000080 		.word	-2147483647
 210              		.cfi_endproc
 211              	.LFE33:
 212              		.size	WriteCommandPacket, .-WriteCommandPacket
 213              		.section	.text.ReadStatusPacket,"ax",%progbits
 214              		.align	2
 215              		.global	ReadStatusPacket
 216              		.code	16
 217              		.thumb_func
ARM GAS  C:\Users\JAMESS~1\AppData\Local\Temp\ccYKoQwd.s 			page 7


 218              		.type	ReadStatusPacket, %function
 219              	ReadStatusPacket:
 220              	.LFB34:
 126:main.c        **** 
 127:main.c        **** 
 128:main.c        **** /*******************************************************************************
 129:main.c        **** * Function Name: ReadStatusPacket
 130:main.c        **** ********************************************************************************
 131:main.c        **** * Summary:
 132:main.c        **** *  Master initiates the transfer to read status packet from the slave.
 133:main.c        **** *  The status of the transfer is returned.
 134:main.c        **** *
 135:main.c        **** * Parameters:
 136:main.c        **** *  None
 137:main.c        **** *
 138:main.c        **** * Return:
 139:main.c        **** *  Returns status of the transfer. There are two statuses
 140:main.c        **** *  - TRANSFER_CMPLT: transfer completed successfully.
 141:main.c        **** *  - TRANSFER_ERROR: the error occurred while transfer.
 142:main.c        **** *
 143:main.c        **** *******************************************************************************/
 144:main.c        **** uint32 ReadStatusPacket(int cycle)
 145:main.c        **** {
 221              		.loc 1 145 0
 222              		.cfi_startproc
 223              		@ args = 0, pretend = 0, frame = 48
 224              		@ frame_needed = 1, uses_anonymous_args = 0
 225 0000 80B5     		push	{r7, lr}
 226              		.cfi_def_cfa_offset 8
 227              		.cfi_offset 7, -8
 228              		.cfi_offset 14, -4
 229 0002 8CB0     		sub	sp, sp, #48
 230              		.cfi_def_cfa_offset 56
 231 0004 00AF     		add	r7, sp, #0
 232              		.cfi_def_cfa_register 7
 233 0006 7860     		str	r0, [r7, #4]
 146:main.c        ****     uint8  buffer[BUFFER_SIZE];
 147:main.c        ****     uint32 status = TRANSFER_ERROR;
 234              		.loc 1 147 0
 235 0008 FF23     		movs	r3, #255
 236 000a FB62     		str	r3, [r7, #44]
 148:main.c        **** 
 149:main.c        ****     if(cycle % 2 == 0){
 237              		.loc 1 149 0
 238 000c 7B68     		ldr	r3, [r7, #4]
 239 000e 0122     		movs	r2, #1
 240 0010 1340     		ands	r3, r2
 241 0012 07D1     		bne	.L16
 150:main.c        ****         (void) I2CM_I2CMasterReadBuf(I2C_SLAVE_ADDR_0, buffer, PACKET_SIZE, \
 242              		.loc 1 150 0
 243 0014 0C23     		movs	r3, #12
 244 0016 F918     		adds	r1, r7, r3
 245 0018 0023     		movs	r3, #0
 246 001a 2022     		movs	r2, #32
 247 001c 0820     		movs	r0, #8
 248 001e FFF7FEFF 		bl	I2CM_I2CMasterReadBuf
 249 0022 11E0     		b	.L26
ARM GAS  C:\Users\JAMESS~1\AppData\Local\Temp\ccYKoQwd.s 			page 8


 250              	.L16:
 151:main.c        ****                                      I2CM_I2C_MODE_COMPLETE_XFER);
 152:main.c        ****     }
 153:main.c        ****     else if(cycle % 2 == 1){
 251              		.loc 1 153 0
 252 0024 7B68     		ldr	r3, [r7, #4]
 253 0026 2B4A     		ldr	r2, .L27
 254 0028 1340     		ands	r3, r2
 255 002a 04D5     		bpl	.L18
 256 002c 013B     		subs	r3, r3, #1
 257 002e 0222     		movs	r2, #2
 258 0030 5242     		rsbs	r2, r2, #0
 259 0032 1343     		orrs	r3, r2
 260 0034 0133     		adds	r3, r3, #1
 261              	.L18:
 262 0036 012B     		cmp	r3, #1
 263 0038 06D1     		bne	.L26
 154:main.c        ****         (void) I2CM_I2CMasterReadBuf(I2C_SLAVE_ADDR_1, buffer, PACKET_SIZE, \
 264              		.loc 1 154 0
 265 003a 0C23     		movs	r3, #12
 266 003c F918     		adds	r1, r7, r3
 267 003e 0023     		movs	r3, #0
 268 0040 2022     		movs	r2, #32
 269 0042 0920     		movs	r0, #9
 270 0044 FFF7FEFF 		bl	I2CM_I2CMasterReadBuf
 271              	.L26:
 155:main.c        ****                                      I2CM_I2C_MODE_COMPLETE_XFER);    
 156:main.c        ****     }
 157:main.c        ****     /* Waits until master complete read transfer */
 158:main.c        ****     while (0u == (I2CM_I2CMasterStatus() & I2CM_I2C_MSTAT_RD_CMPLT))
 272              		.loc 1 158 0
 273 0048 C046     		nop
 274              	.L19:
 275              		.loc 1 158 0 is_stmt 0 discriminator 1
 276 004a FFF7FEFF 		bl	I2CM_I2CMasterStatus
 277 004e 0200     		movs	r2, r0
 278 0050 0123     		movs	r3, #1
 279 0052 1340     		ands	r3, r2
 280 0054 F9D0     		beq	.L19
 159:main.c        ****     {
 160:main.c        ****     }
 161:main.c        **** 
 162:main.c        ****     /* Displays transfer status */
 163:main.c        ****     if (0u == (I2CM_I2C_MSTAT_ERR_XFER & I2CM_I2CMasterStatus()))
 281              		.loc 1 163 0 is_stmt 1
 282 0056 FFF7FEFF 		bl	I2CM_I2CMasterStatus
 283 005a 0200     		movs	r2, r0
 284 005c 8023     		movs	r3, #128
 285 005e 9B00     		lsls	r3, r3, #2
 286 0060 1340     		ands	r3, r2
 287 0062 27D1     		bne	.L20
 164:main.c        ****     {
 165:main.c        ****         /* Check packet structure */
 166:main.c        ****         if ((I2CM_I2CMasterGetReadBufSize() == BUFFER_SIZE) &&
 288              		.loc 1 166 0
 289 0064 FFF7FEFF 		bl	I2CM_I2CMasterGetReadBufSize
 290 0068 0300     		movs	r3, r0
ARM GAS  C:\Users\JAMESS~1\AppData\Local\Temp\ccYKoQwd.s 			page 9


 291 006a 202B     		cmp	r3, #32
 292 006c 2AD1     		bne	.L24
 167:main.c        ****             (PACKET_SOP == buffer[PACKET_SOP_POS]) &&
 293              		.loc 1 167 0 discriminator 1
 294 006e 0C23     		movs	r3, #12
 295 0070 FB18     		adds	r3, r7, r3
 296 0072 1B78     		ldrb	r3, [r3]
 166:main.c        ****             (PACKET_SOP == buffer[PACKET_SOP_POS]) &&
 297              		.loc 1 166 0 discriminator 1
 298 0074 012B     		cmp	r3, #1
 299 0076 25D1     		bne	.L24
 168:main.c        ****             (PACKET_EOP == buffer[PACKET_EOP_POS]))
 300              		.loc 1 168 0
 301 0078 0C23     		movs	r3, #12
 302 007a FB18     		adds	r3, r7, r3
 303 007c DB7F     		ldrb	r3, [r3, #31]
 167:main.c        ****             (PACKET_SOP == buffer[PACKET_SOP_POS]) &&
 304              		.loc 1 167 0
 305 007e 172B     		cmp	r3, #23
 306 0080 20D1     		bne	.L24
 169:main.c        ****         {
 170:main.c        ****             /* Check packet status */
 171:main.c        ****             /*if (100 == buffer[PACKET_STS_POS]) // STS_CMD_DONE
 172:main.c        ****             {
 173:main.c        ****                 RGB_LED_ON_GREEN;
 174:main.c        ****                 status = TRANSFER_CMPLT;
 175:main.c        ****             }
 176:main.c        ****             else{
 177:main.c        ****                 RGB_LED_OFF;
 178:main.c        ****             }*/
 179:main.c        ****             
 180:main.c        ****             //CHANGED VERSION
 181:main.c        ****             value = value + buffer[2];
 307              		.loc 1 181 0
 308 0082 0C23     		movs	r3, #12
 309 0084 FB18     		adds	r3, r7, r3
 310 0086 9B78     		ldrb	r3, [r3, #2]
 311 0088 1A00     		movs	r2, r3
 312 008a 134B     		ldr	r3, .L27+4
 313 008c 1B68     		ldr	r3, [r3]
 314 008e D218     		adds	r2, r2, r3
 315 0090 114B     		ldr	r3, .L27+4
 316 0092 1A60     		str	r2, [r3]
 182:main.c        ****             if(value % 2 == 0){
 317              		.loc 1 182 0
 318 0094 104B     		ldr	r3, .L27+4
 319 0096 1B68     		ldr	r3, [r3]
 320 0098 1A00     		movs	r2, r3
 321 009a 0123     		movs	r3, #1
 322 009c 1340     		ands	r3, r2
 323 009e 03D1     		bne	.L22
 183:main.c        ****                 LED_GREEN_Write(LED_ON);
 324              		.loc 1 183 0
 325 00a0 0020     		movs	r0, #0
 326 00a2 FFF7FEFF 		bl	LED_GREEN_Write
 327 00a6 02E0     		b	.L23
 328              	.L22:
ARM GAS  C:\Users\JAMESS~1\AppData\Local\Temp\ccYKoQwd.s 			page 10


 184:main.c        ****             }
 185:main.c        ****             else{
 186:main.c        ****                 LED_GREEN_Write(LED_OFF);
 329              		.loc 1 186 0
 330 00a8 0120     		movs	r0, #1
 331 00aa FFF7FEFF 		bl	LED_GREEN_Write
 332              	.L23:
 187:main.c        ****             }
 188:main.c        ****             status = TRANSFER_CMPLT;
 333              		.loc 1 188 0
 334 00ae 0023     		movs	r3, #0
 335 00b0 FB62     		str	r3, [r7, #44]
 336 00b2 07E0     		b	.L24
 337              	.L20:
 189:main.c        ****         }
 190:main.c        ****     }
 191:main.c        ****     else
 192:main.c        ****     {
 193:main.c        ****         RGB_LED_ON_RED;
 338              		.loc 1 193 0
 339 00b4 0020     		movs	r0, #0
 340 00b6 FFF7FEFF 		bl	LED_RED_Write
 341 00ba 0120     		movs	r0, #1
 342 00bc FFF7FEFF 		bl	LED_GREEN_Write
 194:main.c        ****         status = TRANSFER_ERROR;
 343              		.loc 1 194 0
 344 00c0 FF23     		movs	r3, #255
 345 00c2 FB62     		str	r3, [r7, #44]
 346              	.L24:
 195:main.c        ****     }
 196:main.c        **** 
 197:main.c        ****     (void) I2CM_I2CMasterClearStatus();
 347              		.loc 1 197 0
 348 00c4 FFF7FEFF 		bl	I2CM_I2CMasterClearStatus
 198:main.c        **** 
 199:main.c        ****     return (status);
 349              		.loc 1 199 0
 350 00c8 FB6A     		ldr	r3, [r7, #44]
 200:main.c        **** }
 351              		.loc 1 200 0
 352 00ca 1800     		movs	r0, r3
 353 00cc BD46     		mov	sp, r7
 354 00ce 0CB0     		add	sp, sp, #48
 355              		@ sp needed
 356 00d0 80BD     		pop	{r7, pc}
 357              	.L28:
 358 00d2 C046     		.align	2
 359              	.L27:
 360 00d4 01000080 		.word	-2147483647
 361 00d8 00000000 		.word	value
 362              		.cfi_endproc
 363              	.LFE34:
 364              		.size	ReadStatusPacket, .-ReadStatusPacket
 365              		.text
 366              	.Letext0:
 367              		.file 2 "Generated_Source\\PSoC4/cytypes.h"
 368              		.file 3 "main.h"
ARM GAS  C:\Users\JAMESS~1\AppData\Local\Temp\ccYKoQwd.s 			page 11


 369              		.section	.debug_info,"",%progbits
 370              	.Ldebug_info0:
 371 0000 EB010000 		.4byte	0x1eb
 372 0004 0400     		.2byte	0x4
 373 0006 00000000 		.4byte	.Ldebug_abbrev0
 374 000a 04       		.byte	0x4
 375 000b 01       		.uleb128 0x1
 376 000c 56010000 		.4byte	.LASF32
 377 0010 0C       		.byte	0xc
 378 0011 12020000 		.4byte	.LASF33
 379 0015 BF000000 		.4byte	.LASF34
 380 0019 00000000 		.4byte	.Ldebug_ranges0+0
 381 001d 00000000 		.4byte	0
 382 0021 00000000 		.4byte	.Ldebug_line0
 383 0025 02       		.uleb128 0x2
 384 0026 01       		.byte	0x1
 385 0027 06       		.byte	0x6
 386 0028 62020000 		.4byte	.LASF0
 387 002c 02       		.uleb128 0x2
 388 002d 01       		.byte	0x1
 389 002e 08       		.byte	0x8
 390 002f 2A010000 		.4byte	.LASF1
 391 0033 02       		.uleb128 0x2
 392 0034 02       		.byte	0x2
 393 0035 05       		.byte	0x5
 394 0036 24020000 		.4byte	.LASF2
 395 003a 02       		.uleb128 0x2
 396 003b 02       		.byte	0x2
 397 003c 07       		.byte	0x7
 398 003d 31000000 		.4byte	.LASF3
 399 0041 02       		.uleb128 0x2
 400 0042 04       		.byte	0x4
 401 0043 05       		.byte	0x5
 402 0044 46020000 		.4byte	.LASF4
 403 0048 02       		.uleb128 0x2
 404 0049 04       		.byte	0x4
 405 004a 07       		.byte	0x7
 406 004b A7000000 		.4byte	.LASF5
 407 004f 02       		.uleb128 0x2
 408 0050 08       		.byte	0x8
 409 0051 05       		.byte	0x5
 410 0052 04020000 		.4byte	.LASF6
 411 0056 02       		.uleb128 0x2
 412 0057 08       		.byte	0x8
 413 0058 07       		.byte	0x7
 414 0059 E4010000 		.4byte	.LASF7
 415 005d 03       		.uleb128 0x3
 416 005e 04       		.byte	0x4
 417 005f 05       		.byte	0x5
 418 0060 696E7400 		.ascii	"int\000"
 419 0064 02       		.uleb128 0x2
 420 0065 04       		.byte	0x4
 421 0066 07       		.byte	0x7
 422 0067 38010000 		.4byte	.LASF8
 423 006b 04       		.uleb128 0x4
 424 006c B9000000 		.4byte	.LASF9
 425 0070 02       		.byte	0x2
ARM GAS  C:\Users\JAMESS~1\AppData\Local\Temp\ccYKoQwd.s 			page 12


 426 0071 D201     		.2byte	0x1d2
 427 0073 2C000000 		.4byte	0x2c
 428 0077 04       		.uleb128 0x4
 429 0078 1C010000 		.4byte	.LASF10
 430 007c 02       		.byte	0x2
 431 007d D301     		.2byte	0x1d3
 432 007f 3A000000 		.4byte	0x3a
 433 0083 04       		.uleb128 0x4
 434 0084 23010000 		.4byte	.LASF11
 435 0088 02       		.byte	0x2
 436 0089 D401     		.2byte	0x1d4
 437 008b 48000000 		.4byte	0x48
 438 008f 02       		.uleb128 0x2
 439 0090 04       		.byte	0x4
 440 0091 04       		.byte	0x4
 441 0092 82000000 		.4byte	.LASF12
 442 0096 02       		.uleb128 0x2
 443 0097 08       		.byte	0x8
 444 0098 04       		.byte	0x4
 445 0099 10010000 		.4byte	.LASF13
 446 009d 02       		.uleb128 0x2
 447 009e 01       		.byte	0x1
 448 009f 08       		.byte	0x8
 449 00a0 19020000 		.4byte	.LASF14
 450 00a4 02       		.uleb128 0x2
 451 00a5 08       		.byte	0x8
 452 00a6 04       		.byte	0x4
 453 00a7 56020000 		.4byte	.LASF15
 454 00ab 02       		.uleb128 0x2
 455 00ac 04       		.byte	0x4
 456 00ad 07       		.byte	0x7
 457 00ae FB010000 		.4byte	.LASF16
 458 00b2 05       		.uleb128 0x5
 459 00b3 01       		.byte	0x1
 460 00b4 2C000000 		.4byte	0x2c
 461 00b8 03       		.byte	0x3
 462 00b9 48       		.byte	0x48
 463 00ba F5000000 		.4byte	0xf5
 464 00be 06       		.uleb128 0x6
 465 00bf 25000000 		.4byte	.LASF17
 466 00c3 00       		.byte	0
 467 00c4 06       		.uleb128 0x6
 468 00c5 88000000 		.4byte	.LASF18
 469 00c9 01       		.byte	0x1
 470 00ca 06       		.uleb128 0x6
 471 00cb 44000000 		.4byte	.LASF19
 472 00cf 02       		.byte	0x2
 473 00d0 06       		.uleb128 0x6
 474 00d1 03010000 		.4byte	.LASF20
 475 00d5 03       		.byte	0x3
 476 00d6 06       		.uleb128 0x6
 477 00d7 00000000 		.4byte	.LASF21
 478 00db 04       		.byte	0x4
 479 00dc 06       		.uleb128 0x6
 480 00dd 45010000 		.4byte	.LASF22
 481 00e1 05       		.byte	0x5
 482 00e2 06       		.uleb128 0x6
ARM GAS  C:\Users\JAMESS~1\AppData\Local\Temp\ccYKoQwd.s 			page 13


 483 00e3 12000000 		.4byte	.LASF23
 484 00e7 06       		.byte	0x6
 485 00e8 06       		.uleb128 0x6
 486 00e9 5A000000 		.4byte	.LASF24
 487 00ed 07       		.byte	0x7
 488 00ee 06       		.uleb128 0x6
 489 00ef 3B020000 		.4byte	.LASF25
 490 00f3 08       		.byte	0x8
 491 00f4 00       		.byte	0
 492 00f5 07       		.uleb128 0x7
 493 00f6 17010000 		.4byte	.LASF35
 494 00fa 01       		.byte	0x1
 495 00fb 19       		.byte	0x19
 496 00fc 5D000000 		.4byte	0x5d
 497 0100 00000000 		.4byte	.LFB32
 498 0104 48000000 		.4byte	.LFE32-.LFB32
 499 0108 01       		.uleb128 0x1
 500 0109 9C       		.byte	0x9c
 501 010a 2B010000 		.4byte	0x12b
 502 010e 08       		.uleb128 0x8
 503 010f 52000000 		.4byte	.LASF26
 504 0113 01       		.byte	0x1
 505 0114 1B       		.byte	0x1b
 506 0115 6B000000 		.4byte	0x6b
 507 0119 02       		.uleb128 0x2
 508 011a 91       		.byte	0x91
 509 011b 73       		.sleb128 -13
 510 011c 08       		.uleb128 0x8
 511 011d 35020000 		.4byte	.LASF27
 512 0121 01       		.byte	0x1
 513 0122 1C       		.byte	0x1c
 514 0123 5D000000 		.4byte	0x5d
 515 0127 02       		.uleb128 0x2
 516 0128 91       		.byte	0x91
 517 0129 74       		.sleb128 -12
 518 012a 00       		.byte	0
 519 012b 09       		.uleb128 0x9
 520 012c 94000000 		.4byte	.LASF30
 521 0130 01       		.byte	0x1
 522 0131 53       		.byte	0x53
 523 0132 83000000 		.4byte	0x83
 524 0136 00000000 		.4byte	.LFB33
 525 013a AC000000 		.4byte	.LFE33-.LFB33
 526 013e 01       		.uleb128 0x1
 527 013f 9C       		.byte	0x9c
 528 0140 89010000 		.4byte	0x189
 529 0144 0A       		.uleb128 0xa
 530 0145 636D6400 		.ascii	"cmd\000"
 531 0149 01       		.byte	0x1
 532 014a 53       		.byte	0x53
 533 014b 6B000000 		.4byte	0x6b
 534 014f 02       		.uleb128 0x2
 535 0150 91       		.byte	0x91
 536 0151 4F       		.sleb128 -49
 537 0152 0B       		.uleb128 0xb
 538 0153 35020000 		.4byte	.LASF27
 539 0157 01       		.byte	0x1
ARM GAS  C:\Users\JAMESS~1\AppData\Local\Temp\ccYKoQwd.s 			page 14


 540 0158 53       		.byte	0x53
 541 0159 5D000000 		.4byte	0x5d
 542 015d 02       		.uleb128 0x2
 543 015e 91       		.byte	0x91
 544 015f 48       		.sleb128 -56
 545 0160 08       		.uleb128 0x8
 546 0161 2E020000 		.4byte	.LASF28
 547 0165 01       		.byte	0x1
 548 0166 55       		.byte	0x55
 549 0167 89010000 		.4byte	0x189
 550 016b 02       		.uleb128 0x2
 551 016c 91       		.byte	0x91
 552 016d 50       		.sleb128 -48
 553 016e 08       		.uleb128 0x8
 554 016f 4F020000 		.4byte	.LASF29
 555 0173 01       		.byte	0x1
 556 0174 56       		.byte	0x56
 557 0175 83000000 		.4byte	0x83
 558 0179 02       		.uleb128 0x2
 559 017a 91       		.byte	0x91
 560 017b 74       		.sleb128 -12
 561 017c 0C       		.uleb128 0xc
 562 017d 7600     		.ascii	"v\000"
 563 017f 01       		.byte	0x1
 564 0180 6B       		.byte	0x6b
 565 0181 64000000 		.4byte	0x64
 566 0185 02       		.uleb128 0x2
 567 0186 91       		.byte	0x91
 568 0187 70       		.sleb128 -16
 569 0188 00       		.byte	0
 570 0189 0D       		.uleb128 0xd
 571 018a 6B000000 		.4byte	0x6b
 572 018e 99010000 		.4byte	0x199
 573 0192 0E       		.uleb128 0xe
 574 0193 AB000000 		.4byte	0xab
 575 0197 1F       		.byte	0x1f
 576 0198 00       		.byte	0
 577 0199 09       		.uleb128 0x9
 578 019a 71000000 		.4byte	.LASF31
 579 019e 01       		.byte	0x1
 580 019f 90       		.byte	0x90
 581 01a0 83000000 		.4byte	0x83
 582 01a4 00000000 		.4byte	.LFB34
 583 01a8 DC000000 		.4byte	.LFE34-.LFB34
 584 01ac 01       		.uleb128 0x1
 585 01ad 9C       		.byte	0x9c
 586 01ae DD010000 		.4byte	0x1dd
 587 01b2 0B       		.uleb128 0xb
 588 01b3 35020000 		.4byte	.LASF27
 589 01b7 01       		.byte	0x1
 590 01b8 90       		.byte	0x90
 591 01b9 5D000000 		.4byte	0x5d
 592 01bd 02       		.uleb128 0x2
 593 01be 91       		.byte	0x91
 594 01bf 4C       		.sleb128 -52
 595 01c0 08       		.uleb128 0x8
 596 01c1 2E020000 		.4byte	.LASF28
ARM GAS  C:\Users\JAMESS~1\AppData\Local\Temp\ccYKoQwd.s 			page 15


 597 01c5 01       		.byte	0x1
 598 01c6 92       		.byte	0x92
 599 01c7 89010000 		.4byte	0x189
 600 01cb 02       		.uleb128 0x2
 601 01cc 91       		.byte	0x91
 602 01cd 54       		.sleb128 -44
 603 01ce 08       		.uleb128 0x8
 604 01cf 4F020000 		.4byte	.LASF29
 605 01d3 01       		.byte	0x1
 606 01d4 93       		.byte	0x93
 607 01d5 83000000 		.4byte	0x83
 608 01d9 02       		.uleb128 0x2
 609 01da 91       		.byte	0x91
 610 01db 74       		.sleb128 -12
 611 01dc 00       		.byte	0
 612 01dd 0F       		.uleb128 0xf
 613 01de 1E020000 		.4byte	.LASF36
 614 01e2 01       		.byte	0x1
 615 01e3 06       		.byte	0x6
 616 01e4 5D000000 		.4byte	0x5d
 617 01e8 05       		.uleb128 0x5
 618 01e9 03       		.byte	0x3
 619 01ea 00000000 		.4byte	value
 620 01ee 00       		.byte	0
 621              		.section	.debug_abbrev,"",%progbits
 622              	.Ldebug_abbrev0:
 623 0000 01       		.uleb128 0x1
 624 0001 11       		.uleb128 0x11
 625 0002 01       		.byte	0x1
 626 0003 25       		.uleb128 0x25
 627 0004 0E       		.uleb128 0xe
 628 0005 13       		.uleb128 0x13
 629 0006 0B       		.uleb128 0xb
 630 0007 03       		.uleb128 0x3
 631 0008 0E       		.uleb128 0xe
 632 0009 1B       		.uleb128 0x1b
 633 000a 0E       		.uleb128 0xe
 634 000b 55       		.uleb128 0x55
 635 000c 17       		.uleb128 0x17
 636 000d 11       		.uleb128 0x11
 637 000e 01       		.uleb128 0x1
 638 000f 10       		.uleb128 0x10
 639 0010 17       		.uleb128 0x17
 640 0011 00       		.byte	0
 641 0012 00       		.byte	0
 642 0013 02       		.uleb128 0x2
 643 0014 24       		.uleb128 0x24
 644 0015 00       		.byte	0
 645 0016 0B       		.uleb128 0xb
 646 0017 0B       		.uleb128 0xb
 647 0018 3E       		.uleb128 0x3e
 648 0019 0B       		.uleb128 0xb
 649 001a 03       		.uleb128 0x3
 650 001b 0E       		.uleb128 0xe
 651 001c 00       		.byte	0
 652 001d 00       		.byte	0
 653 001e 03       		.uleb128 0x3
ARM GAS  C:\Users\JAMESS~1\AppData\Local\Temp\ccYKoQwd.s 			page 16


 654 001f 24       		.uleb128 0x24
 655 0020 00       		.byte	0
 656 0021 0B       		.uleb128 0xb
 657 0022 0B       		.uleb128 0xb
 658 0023 3E       		.uleb128 0x3e
 659 0024 0B       		.uleb128 0xb
 660 0025 03       		.uleb128 0x3
 661 0026 08       		.uleb128 0x8
 662 0027 00       		.byte	0
 663 0028 00       		.byte	0
 664 0029 04       		.uleb128 0x4
 665 002a 16       		.uleb128 0x16
 666 002b 00       		.byte	0
 667 002c 03       		.uleb128 0x3
 668 002d 0E       		.uleb128 0xe
 669 002e 3A       		.uleb128 0x3a
 670 002f 0B       		.uleb128 0xb
 671 0030 3B       		.uleb128 0x3b
 672 0031 05       		.uleb128 0x5
 673 0032 49       		.uleb128 0x49
 674 0033 13       		.uleb128 0x13
 675 0034 00       		.byte	0
 676 0035 00       		.byte	0
 677 0036 05       		.uleb128 0x5
 678 0037 04       		.uleb128 0x4
 679 0038 01       		.byte	0x1
 680 0039 0B       		.uleb128 0xb
 681 003a 0B       		.uleb128 0xb
 682 003b 49       		.uleb128 0x49
 683 003c 13       		.uleb128 0x13
 684 003d 3A       		.uleb128 0x3a
 685 003e 0B       		.uleb128 0xb
 686 003f 3B       		.uleb128 0x3b
 687 0040 0B       		.uleb128 0xb
 688 0041 01       		.uleb128 0x1
 689 0042 13       		.uleb128 0x13
 690 0043 00       		.byte	0
 691 0044 00       		.byte	0
 692 0045 06       		.uleb128 0x6
 693 0046 28       		.uleb128 0x28
 694 0047 00       		.byte	0
 695 0048 03       		.uleb128 0x3
 696 0049 0E       		.uleb128 0xe
 697 004a 1C       		.uleb128 0x1c
 698 004b 0B       		.uleb128 0xb
 699 004c 00       		.byte	0
 700 004d 00       		.byte	0
 701 004e 07       		.uleb128 0x7
 702 004f 2E       		.uleb128 0x2e
 703 0050 01       		.byte	0x1
 704 0051 3F       		.uleb128 0x3f
 705 0052 19       		.uleb128 0x19
 706 0053 03       		.uleb128 0x3
 707 0054 0E       		.uleb128 0xe
 708 0055 3A       		.uleb128 0x3a
 709 0056 0B       		.uleb128 0xb
 710 0057 3B       		.uleb128 0x3b
ARM GAS  C:\Users\JAMESS~1\AppData\Local\Temp\ccYKoQwd.s 			page 17


 711 0058 0B       		.uleb128 0xb
 712 0059 49       		.uleb128 0x49
 713 005a 13       		.uleb128 0x13
 714 005b 11       		.uleb128 0x11
 715 005c 01       		.uleb128 0x1
 716 005d 12       		.uleb128 0x12
 717 005e 06       		.uleb128 0x6
 718 005f 40       		.uleb128 0x40
 719 0060 18       		.uleb128 0x18
 720 0061 9642     		.uleb128 0x2116
 721 0063 19       		.uleb128 0x19
 722 0064 01       		.uleb128 0x1
 723 0065 13       		.uleb128 0x13
 724 0066 00       		.byte	0
 725 0067 00       		.byte	0
 726 0068 08       		.uleb128 0x8
 727 0069 34       		.uleb128 0x34
 728 006a 00       		.byte	0
 729 006b 03       		.uleb128 0x3
 730 006c 0E       		.uleb128 0xe
 731 006d 3A       		.uleb128 0x3a
 732 006e 0B       		.uleb128 0xb
 733 006f 3B       		.uleb128 0x3b
 734 0070 0B       		.uleb128 0xb
 735 0071 49       		.uleb128 0x49
 736 0072 13       		.uleb128 0x13
 737 0073 02       		.uleb128 0x2
 738 0074 18       		.uleb128 0x18
 739 0075 00       		.byte	0
 740 0076 00       		.byte	0
 741 0077 09       		.uleb128 0x9
 742 0078 2E       		.uleb128 0x2e
 743 0079 01       		.byte	0x1
 744 007a 3F       		.uleb128 0x3f
 745 007b 19       		.uleb128 0x19
 746 007c 03       		.uleb128 0x3
 747 007d 0E       		.uleb128 0xe
 748 007e 3A       		.uleb128 0x3a
 749 007f 0B       		.uleb128 0xb
 750 0080 3B       		.uleb128 0x3b
 751 0081 0B       		.uleb128 0xb
 752 0082 27       		.uleb128 0x27
 753 0083 19       		.uleb128 0x19
 754 0084 49       		.uleb128 0x49
 755 0085 13       		.uleb128 0x13
 756 0086 11       		.uleb128 0x11
 757 0087 01       		.uleb128 0x1
 758 0088 12       		.uleb128 0x12
 759 0089 06       		.uleb128 0x6
 760 008a 40       		.uleb128 0x40
 761 008b 18       		.uleb128 0x18
 762 008c 9642     		.uleb128 0x2116
 763 008e 19       		.uleb128 0x19
 764 008f 01       		.uleb128 0x1
 765 0090 13       		.uleb128 0x13
 766 0091 00       		.byte	0
 767 0092 00       		.byte	0
ARM GAS  C:\Users\JAMESS~1\AppData\Local\Temp\ccYKoQwd.s 			page 18


 768 0093 0A       		.uleb128 0xa
 769 0094 05       		.uleb128 0x5
 770 0095 00       		.byte	0
 771 0096 03       		.uleb128 0x3
 772 0097 08       		.uleb128 0x8
 773 0098 3A       		.uleb128 0x3a
 774 0099 0B       		.uleb128 0xb
 775 009a 3B       		.uleb128 0x3b
 776 009b 0B       		.uleb128 0xb
 777 009c 49       		.uleb128 0x49
 778 009d 13       		.uleb128 0x13
 779 009e 02       		.uleb128 0x2
 780 009f 18       		.uleb128 0x18
 781 00a0 00       		.byte	0
 782 00a1 00       		.byte	0
 783 00a2 0B       		.uleb128 0xb
 784 00a3 05       		.uleb128 0x5
 785 00a4 00       		.byte	0
 786 00a5 03       		.uleb128 0x3
 787 00a6 0E       		.uleb128 0xe
 788 00a7 3A       		.uleb128 0x3a
 789 00a8 0B       		.uleb128 0xb
 790 00a9 3B       		.uleb128 0x3b
 791 00aa 0B       		.uleb128 0xb
 792 00ab 49       		.uleb128 0x49
 793 00ac 13       		.uleb128 0x13
 794 00ad 02       		.uleb128 0x2
 795 00ae 18       		.uleb128 0x18
 796 00af 00       		.byte	0
 797 00b0 00       		.byte	0
 798 00b1 0C       		.uleb128 0xc
 799 00b2 34       		.uleb128 0x34
 800 00b3 00       		.byte	0
 801 00b4 03       		.uleb128 0x3
 802 00b5 08       		.uleb128 0x8
 803 00b6 3A       		.uleb128 0x3a
 804 00b7 0B       		.uleb128 0xb
 805 00b8 3B       		.uleb128 0x3b
 806 00b9 0B       		.uleb128 0xb
 807 00ba 49       		.uleb128 0x49
 808 00bb 13       		.uleb128 0x13
 809 00bc 02       		.uleb128 0x2
 810 00bd 18       		.uleb128 0x18
 811 00be 00       		.byte	0
 812 00bf 00       		.byte	0
 813 00c0 0D       		.uleb128 0xd
 814 00c1 01       		.uleb128 0x1
 815 00c2 01       		.byte	0x1
 816 00c3 49       		.uleb128 0x49
 817 00c4 13       		.uleb128 0x13
 818 00c5 01       		.uleb128 0x1
 819 00c6 13       		.uleb128 0x13
 820 00c7 00       		.byte	0
 821 00c8 00       		.byte	0
 822 00c9 0E       		.uleb128 0xe
 823 00ca 21       		.uleb128 0x21
 824 00cb 00       		.byte	0
ARM GAS  C:\Users\JAMESS~1\AppData\Local\Temp\ccYKoQwd.s 			page 19


 825 00cc 49       		.uleb128 0x49
 826 00cd 13       		.uleb128 0x13
 827 00ce 2F       		.uleb128 0x2f
 828 00cf 0B       		.uleb128 0xb
 829 00d0 00       		.byte	0
 830 00d1 00       		.byte	0
 831 00d2 0F       		.uleb128 0xf
 832 00d3 34       		.uleb128 0x34
 833 00d4 00       		.byte	0
 834 00d5 03       		.uleb128 0x3
 835 00d6 0E       		.uleb128 0xe
 836 00d7 3A       		.uleb128 0x3a
 837 00d8 0B       		.uleb128 0xb
 838 00d9 3B       		.uleb128 0x3b
 839 00da 0B       		.uleb128 0xb
 840 00db 49       		.uleb128 0x49
 841 00dc 13       		.uleb128 0x13
 842 00dd 3F       		.uleb128 0x3f
 843 00de 19       		.uleb128 0x19
 844 00df 02       		.uleb128 0x2
 845 00e0 18       		.uleb128 0x18
 846 00e1 00       		.byte	0
 847 00e2 00       		.byte	0
 848 00e3 00       		.byte	0
 849              		.section	.debug_aranges,"",%progbits
 850 0000 2C000000 		.4byte	0x2c
 851 0004 0200     		.2byte	0x2
 852 0006 00000000 		.4byte	.Ldebug_info0
 853 000a 04       		.byte	0x4
 854 000b 00       		.byte	0
 855 000c 0000     		.2byte	0
 856 000e 0000     		.2byte	0
 857 0010 00000000 		.4byte	.LFB32
 858 0014 48000000 		.4byte	.LFE32-.LFB32
 859 0018 00000000 		.4byte	.LFB33
 860 001c AC000000 		.4byte	.LFE33-.LFB33
 861 0020 00000000 		.4byte	.LFB34
 862 0024 DC000000 		.4byte	.LFE34-.LFB34
 863 0028 00000000 		.4byte	0
 864 002c 00000000 		.4byte	0
 865              		.section	.debug_ranges,"",%progbits
 866              	.Ldebug_ranges0:
 867 0000 00000000 		.4byte	.LFB32
 868 0004 48000000 		.4byte	.LFE32
 869 0008 00000000 		.4byte	.LFB33
 870 000c AC000000 		.4byte	.LFE33
 871 0010 00000000 		.4byte	.LFB34
 872 0014 DC000000 		.4byte	.LFE34
 873 0018 00000000 		.4byte	0
 874 001c 00000000 		.4byte	0
 875              		.section	.debug_line,"",%progbits
 876              	.Ldebug_line0:
 877 0000 CB000000 		.section	.debug_str,"MS",%progbits,1
 877      02004B00 
 877      00000201 
 877      FB0E0D00 
 877      01010101 
ARM GAS  C:\Users\JAMESS~1\AppData\Local\Temp\ccYKoQwd.s 			page 20


 878              	.LASF21:
 879 0000 434D445F 		.ascii	"CMD_SET_RED_GREEN\000"
 879      5345545F 
 879      5245445F 
 879      47524545 
 879      4E00
 880              	.LASF23:
 881 0012 434D445F 		.ascii	"CMD_SET_GREEN_BLUE\000"
 881      5345545F 
 881      47524545 
 881      4E5F424C 
 881      554500
 882              	.LASF17:
 883 0025 434D445F 		.ascii	"CMD_SET_OFF\000"
 883      5345545F 
 883      4F464600 
 884              	.LASF3:
 885 0031 73686F72 		.ascii	"short unsigned int\000"
 885      7420756E 
 885      7369676E 
 885      65642069 
 885      6E7400
 886              	.LASF19:
 887 0044 434D445F 		.ascii	"CMD_SET_GREEN\000"
 887      5345545F 
 887      47524545 
 887      4E00
 888              	.LASF26:
 889 0052 636F6D6D 		.ascii	"command\000"
 889      616E6400 
 890              	.LASF24:
 891 005a 434D445F 		.ascii	"CMD_SET_RED_GREEN_BLUE\000"
 891      5345545F 
 891      5245445F 
 891      47524545 
 891      4E5F424C 
 892              	.LASF31:
 893 0071 52656164 		.ascii	"ReadStatusPacket\000"
 893      53746174 
 893      75735061 
 893      636B6574 
 893      00
 894              	.LASF12:
 895 0082 666C6F61 		.ascii	"float\000"
 895      7400
 896              	.LASF18:
 897 0088 434D445F 		.ascii	"CMD_SET_RED\000"
 897      5345545F 
 897      52454400 
 898              	.LASF30:
 899 0094 57726974 		.ascii	"WriteCommandPacket\000"
 899      65436F6D 
 899      6D616E64 
 899      5061636B 
 899      657400
 900              	.LASF5:
 901 00a7 6C6F6E67 		.ascii	"long unsigned int\000"
ARM GAS  C:\Users\JAMESS~1\AppData\Local\Temp\ccYKoQwd.s 			page 21


 901      20756E73 
 901      69676E65 
 901      6420696E 
 901      7400
 902              	.LASF9:
 903 00b9 75696E74 		.ascii	"uint8\000"
 903      3800
 904              	.LASF34:
 905 00bf 433A5C55 		.ascii	"C:\\Users\\James Sun\\Documents\\Git\\Whackamole\\W"
 905      73657273 
 905      5C4A616D 
 905      65732053 
 905      756E5C44 
 906 00ec 6861636B 		.ascii	"hackamole\\Master.cydsn\000"
 906      616D6F6C 
 906      655C4D61 
 906      73746572 
 906      2E637964 
 907              	.LASF20:
 908 0103 434D445F 		.ascii	"CMD_SET_BLUE\000"
 908      5345545F 
 908      424C5545 
 908      00
 909              	.LASF13:
 910 0110 646F7562 		.ascii	"double\000"
 910      6C6500
 911              	.LASF35:
 912 0117 6D61696E 		.ascii	"main\000"
 912      00
 913              	.LASF10:
 914 011c 75696E74 		.ascii	"uint16\000"
 914      313600
 915              	.LASF11:
 916 0123 75696E74 		.ascii	"uint32\000"
 916      333200
 917              	.LASF1:
 918 012a 756E7369 		.ascii	"unsigned char\000"
 918      676E6564 
 918      20636861 
 918      7200
 919              	.LASF8:
 920 0138 756E7369 		.ascii	"unsigned int\000"
 920      676E6564 
 920      20696E74 
 920      00
 921              	.LASF22:
 922 0145 434D445F 		.ascii	"CMD_SET_RED_BLUE\000"
 922      5345545F 
 922      5245445F 
 922      424C5545 
 922      00
 923              	.LASF32:
 924 0156 474E5520 		.ascii	"GNU C11 5.4.1 20160609 (release) [ARM/embedded-5-br"
 924      43313120 
 924      352E342E 
 924      31203230 
 924      31363036 
ARM GAS  C:\Users\JAMESS~1\AppData\Local\Temp\ccYKoQwd.s 			page 22


 925 0189 616E6368 		.ascii	"anch revision 237715] -mcpu=cortex-m0 -mthumb -g -O"
 925      20726576 
 925      6973696F 
 925      6E203233 
 925      37373135 
 926 01bc 30202D66 		.ascii	"0 -ffunction-sections -ffat-lto-objects\000"
 926      66756E63 
 926      74696F6E 
 926      2D736563 
 926      74696F6E 
 927              	.LASF7:
 928 01e4 6C6F6E67 		.ascii	"long long unsigned int\000"
 928      206C6F6E 
 928      6720756E 
 928      7369676E 
 928      65642069 
 929              	.LASF16:
 930 01fb 73697A65 		.ascii	"sizetype\000"
 930      74797065 
 930      00
 931              	.LASF6:
 932 0204 6C6F6E67 		.ascii	"long long int\000"
 932      206C6F6E 
 932      6720696E 
 932      7400
 933              	.LASF33:
 934 0212 6D61696E 		.ascii	"main.c\000"
 934      2E6300
 935              	.LASF14:
 936 0219 63686172 		.ascii	"char\000"
 936      00
 937              	.LASF36:
 938 021e 76616C75 		.ascii	"value\000"
 938      6500
 939              	.LASF2:
 940 0224 73686F72 		.ascii	"short int\000"
 940      7420696E 
 940      7400
 941              	.LASF28:
 942 022e 62756666 		.ascii	"buffer\000"
 942      657200
 943              	.LASF27:
 944 0235 6379636C 		.ascii	"cycle\000"
 944      6500
 945              	.LASF25:
 946 023b 4E554D5F 		.ascii	"NUM_COLORS\000"
 946      434F4C4F 
 946      525300
 947              	.LASF4:
 948 0246 6C6F6E67 		.ascii	"long int\000"
 948      20696E74 
 948      00
 949              	.LASF29:
 950 024f 73746174 		.ascii	"status\000"
 950      757300
 951              	.LASF15:
 952 0256 6C6F6E67 		.ascii	"long double\000"
ARM GAS  C:\Users\JAMESS~1\AppData\Local\Temp\ccYKoQwd.s 			page 23


 952      20646F75 
 952      626C6500 
 953              	.LASF0:
 954 0262 7369676E 		.ascii	"signed char\000"
 954      65642063 
 954      68617200 
 955              		.ident	"GCC: (GNU Tools for ARM Embedded Processors) 5.4.1 20160609 (release) [ARM/embedded-5-bran
