ARM GAS  C:\Users\JAMESS~1\AppData\Local\Temp\ccAHCHAF.s 			page 1


   1              		.syntax unified
   2              		.cpu cortex-m0
   3              		.fpu softvfp
   4              		.eabi_attribute 20, 1
   5              		.eabi_attribute 21, 1
   6              		.eabi_attribute 23, 3
   7              		.eabi_attribute 24, 1
   8              		.eabi_attribute 25, 1
   9              		.eabi_attribute 26, 1
  10              		.eabi_attribute 30, 6
  11              		.eabi_attribute 34, 0
  12              		.eabi_attribute 18, 4
  13              		.thumb
  14              		.syntax unified
  15              		.file	"main.c"
  16              		.text
  17              	.Ltext0:
  18              		.cfi_sections	.debug_frame
  19              		.global	i2cReadBuffer
  20              		.data
  21              		.align	2
  22              		.type	i2cReadBuffer, %object
  23              		.size	i2cReadBuffer, 3
  24              	i2cReadBuffer:
  25 0000 01       		.byte	1
  26 0001 FF       		.byte	-1
  27 0002 17       		.byte	23
  28              		.comm	i2cWriteBuffer,3,4
  29              		.section	.text.main,"ax",%progbits
  30              		.align	2
  31              		.global	main
  32              		.code	16
  33              		.thumb_func
  34              		.type	main, %function
  35              	main:
  36              	.LFB32:
  37              		.file 1 "main.c"
   1:main.c        **** /*******************************************************************************
   2:main.c        **** SLAVE
   3:main.c        **** *******************************************************************************/
   4:main.c        **** 
   5:main.c        **** #include <main.h>
   6:main.c        **** 
   7:main.c        **** /* I2C slave read and write buffers */
   8:main.c        **** uint8 i2cReadBuffer [BUFFER_SIZE] = {PACKET_SOP, STS_CMD_FAIL, PACKET_EOP};
   9:main.c        **** uint8 i2cWriteBuffer[BUFFER_SIZE];
  10:main.c        **** void SetBlockColor(int block_number, uint32 color);
  11:main.c        **** 
  12:main.c        **** 
  13:main.c        **** /*******************************************************************************
  14:main.c        **** * Function Name: main
  15:main.c        **** ********************************************************************************
  16:main.c        **** * Summary:
  17:main.c        **** *  Main function performs following actions:
  18:main.c        **** *   1. Turns off status RGB LED
  19:main.c        **** *   2. Sets up I2C slave write and read buffers.
  20:main.c        **** *   3. Starts I2C slave (SCB mode) component.
ARM GAS  C:\Users\JAMESS~1\AppData\Local\Temp\ccAHCHAF.s 			page 2


  21:main.c        **** *   4. Enables global interrupts.
  22:main.c        **** *   5. Waits for command from the I2C master to control the RGB LED.
  23:main.c        **** *
  24:main.c        **** * Parameters:
  25:main.c        **** *  None
  26:main.c        **** *
  27:main.c        **** * Return:
  28:main.c        **** *  None
  29:main.c        **** *
  30:main.c        **** *******************************************************************************/
  31:main.c        **** int main()
  32:main.c        **** {
  38              		.loc 1 32 0
  39              		.cfi_startproc
  40              		@ args = 0, pretend = 0, frame = 8
  41              		@ frame_needed = 1, uses_anonymous_args = 0
  42 0000 90B5     		push	{r4, r7, lr}
  43              		.cfi_def_cfa_offset 12
  44              		.cfi_offset 4, -12
  45              		.cfi_offset 7, -8
  46              		.cfi_offset 14, -4
  47 0002 83B0     		sub	sp, sp, #12
  48              		.cfi_def_cfa_offset 24
  49 0004 00AF     		add	r7, sp, #0
  50              		.cfi_def_cfa_register 7
  33:main.c        ****     StripLights_Start();
  51              		.loc 1 33 0
  52 0006 FFF7FEFF 		bl	StripLights_Start
  34:main.c        ****     StripLights_Dim(1);
  53              		.loc 1 34 0
  54 000a 0120     		movs	r0, #1
  55 000c FFF7FEFF 		bl	StripLights_Dim
  35:main.c        ****     uint8 status = STS_CMD_FAIL;
  56              		.loc 1 35 0
  57 0010 BB1D     		adds	r3, r7, #6
  58 0012 FF22     		movs	r2, #255
  59 0014 1A70     		strb	r2, [r3]
  36:main.c        ****                     LED_RED_Write  (LED_OFF);
  60              		.loc 1 36 0
  61 0016 0120     		movs	r0, #1
  62 0018 FFF7FEFF 		bl	LED_RED_Write
  37:main.c        ****                     LED_GREEN_Write(LED_OFF);
  63              		.loc 1 37 0
  64 001c 0120     		movs	r0, #1
  65 001e FFF7FEFF 		bl	LED_GREEN_Write
  38:main.c        ****                     LED_BLUE_Write (LED_OFF);
  66              		.loc 1 38 0
  67 0022 0120     		movs	r0, #1
  68 0024 FFF7FEFF 		bl	LED_BLUE_Write
  39:main.c        **** 
  40:main.c        **** 
  41:main.c        ****     /* Start I2C slave (SCB mode) */
  42:main.c        ****     I2CS_I2CSlaveInitReadBuf (i2cReadBuffer,  BUFFER_SIZE);
  69              		.loc 1 42 0
  70 0028 284B     		ldr	r3, .L8
  71 002a 0321     		movs	r1, #3
  72 002c 1800     		movs	r0, r3
ARM GAS  C:\Users\JAMESS~1\AppData\Local\Temp\ccAHCHAF.s 			page 3


  73 002e FFF7FEFF 		bl	I2CS_I2CSlaveInitReadBuf
  43:main.c        ****     I2CS_I2CSlaveInitWriteBuf(i2cWriteBuffer, BUFFER_SIZE);
  74              		.loc 1 43 0
  75 0032 274B     		ldr	r3, .L8+4
  76 0034 0321     		movs	r1, #3
  77 0036 1800     		movs	r0, r3
  78 0038 FFF7FEFF 		bl	I2CS_I2CSlaveInitWriteBuf
  44:main.c        ****     I2CS_Start();
  79              		.loc 1 44 0
  80 003c FFF7FEFF 		bl	I2CS_Start
  45:main.c        **** 
  46:main.c        ****     CyGlobalIntEnable;
  81              		.loc 1 46 0
  82              		.syntax divided
  83              	@ 46 "main.c" 1
  84 0040 62B6     		CPSIE   i
  85              	@ 0 "" 2
  47:main.c        ****     uint8 buttonStatus = 0;
  86              		.loc 1 47 0
  87              		.thumb
  88              		.syntax unified
  89 0042 FB1D     		adds	r3, r7, #7
  90 0044 0022     		movs	r2, #0
  91 0046 1A70     		strb	r2, [r3]
  92              	.L7:
  48:main.c        ****     /***************************************************************************
  49:main.c        ****     * Main polling loop
  50:main.c        ****     ***************************************************************************/
  51:main.c        ****     for (;;)
  52:main.c        ****     {
  53:main.c        ****         buttonStatus = Button_Read();
  93              		.loc 1 53 0
  94 0048 FC1D     		adds	r4, r7, #7
  95 004a FFF7FEFF 		bl	Button_Read
  96 004e 0300     		movs	r3, r0
  97 0050 2370     		strb	r3, [r4]
  54:main.c        ****         if(buttonStatus == 0) buttonStatus = 100;
  98              		.loc 1 54 0
  99 0052 FB1D     		adds	r3, r7, #7
 100 0054 1B78     		ldrb	r3, [r3]
 101 0056 002B     		cmp	r3, #0
 102 0058 03D1     		bne	.L2
 103              		.loc 1 54 0 is_stmt 0 discriminator 1
 104 005a FB1D     		adds	r3, r7, #7
 105 005c 6422     		movs	r2, #100
 106 005e 1A70     		strb	r2, [r3]
 107 0060 02E0     		b	.L3
 108              	.L2:
  55:main.c        ****         else buttonStatus = 99;
 109              		.loc 1 55 0 is_stmt 1
 110 0062 FB1D     		adds	r3, r7, #7
 111 0064 6322     		movs	r2, #99
 112 0066 1A70     		strb	r2, [r3]
 113              	.L3:
  56:main.c        ****         /* Write complete: parse command packet */
  57:main.c        ****         if (0u != (I2CS_I2CSlaveStatus() & I2CS_I2C_SSTAT_WR_CMPLT))
 114              		.loc 1 57 0
ARM GAS  C:\Users\JAMESS~1\AppData\Local\Temp\ccAHCHAF.s 			page 4


 115 0068 FFF7FEFF 		bl	I2CS_I2CSlaveStatus
 116 006c 0200     		movs	r2, r0
 117 006e 1023     		movs	r3, #16
 118 0070 1340     		ands	r3, r2
 119 0072 1FD0     		beq	.L4
  58:main.c        ****         {
  59:main.c        ****             /* Check packet length */
  60:main.c        ****             if (PACKET_SIZE == I2CS_I2CSlaveGetWriteBufSize())
 120              		.loc 1 60 0
 121 0074 FFF7FEFF 		bl	I2CS_I2CSlaveGetWriteBufSize
 122 0078 0300     		movs	r3, r0
 123 007a 032B     		cmp	r3, #3
 124 007c 0FD1     		bne	.L5
  61:main.c        ****             {
  62:main.c        ****                 /* Check start and end of packet markers */
  63:main.c        ****                 if ((i2cWriteBuffer[PACKET_SOP_POS] == PACKET_SOP) &&
 125              		.loc 1 63 0
 126 007e 144B     		ldr	r3, .L8+4
 127 0080 1B78     		ldrb	r3, [r3]
 128 0082 012B     		cmp	r3, #1
 129 0084 0BD1     		bne	.L5
  64:main.c        ****                     (i2cWriteBuffer[PACKET_EOP_POS] == PACKET_EOP))
 130              		.loc 1 64 0 discriminator 1
 131 0086 124B     		ldr	r3, .L8+4
 132 0088 9B78     		ldrb	r3, [r3, #2]
  63:main.c        ****                     (i2cWriteBuffer[PACKET_EOP_POS] == PACKET_EOP))
 133              		.loc 1 63 0 discriminator 1
 134 008a 172B     		cmp	r3, #23
 135 008c 07D1     		bne	.L5
  65:main.c        ****                 {
  66:main.c        ****                     status = ExecuteCommand(i2cWriteBuffer[PACKET_CMD_POS]);
 136              		.loc 1 66 0
 137 008e 104B     		ldr	r3, .L8+4
 138 0090 5B78     		ldrb	r3, [r3, #1]
 139 0092 BC1D     		adds	r4, r7, #6
 140 0094 1800     		movs	r0, r3
 141 0096 FFF7FEFF 		bl	ExecuteCommand
 142 009a 0300     		movs	r3, r0
 143 009c 2370     		strb	r3, [r4]
 144              	.L5:
  67:main.c        ****                 }
  68:main.c        ****             }
  69:main.c        **** 
  70:main.c        ****             /* Clear slave write buffer and status */
  71:main.c        ****             I2CS_I2CSlaveClearWriteBuf();
 145              		.loc 1 71 0
 146 009e FFF7FEFF 		bl	I2CS_I2CSlaveClearWriteBuf
  72:main.c        ****             (void) I2CS_I2CSlaveClearWriteStatus();
 147              		.loc 1 72 0
 148 00a2 FFF7FEFF 		bl	I2CS_I2CSlaveClearWriteStatus
  73:main.c        **** 
  74:main.c        ****             /* Update read buffer */
  75:main.c        ****             i2cReadBuffer[PACKET_STS_POS] = buttonStatus;  //used to be status
 149              		.loc 1 75 0
 150 00a6 094B     		ldr	r3, .L8
 151 00a8 FA1D     		adds	r2, r7, #7
 152 00aa 1278     		ldrb	r2, [r2]
ARM GAS  C:\Users\JAMESS~1\AppData\Local\Temp\ccAHCHAF.s 			page 5


 153 00ac 5A70     		strb	r2, [r3, #1]
  76:main.c        ****             status = STS_CMD_FAIL;
 154              		.loc 1 76 0
 155 00ae BB1D     		adds	r3, r7, #6
 156 00b0 FF22     		movs	r2, #255
 157 00b2 1A70     		strb	r2, [r3]
 158              	.L4:
  77:main.c        ****         }
  78:main.c        **** 
  79:main.c        ****         /* Read complete: expose buffer to master */
  80:main.c        ****         if (0u != (I2CS_I2CSlaveStatus() & I2CS_I2C_SSTAT_RD_CMPLT))
 159              		.loc 1 80 0
 160 00b4 FFF7FEFF 		bl	I2CS_I2CSlaveStatus
 161 00b8 0200     		movs	r2, r0
 162 00ba 0123     		movs	r3, #1
 163 00bc 1340     		ands	r3, r2
 164 00be C3D0     		beq	.L7
  81:main.c        ****         {
  82:main.c        ****             /* Clear slave read buffer and status */
  83:main.c        ****             I2CS_I2CSlaveClearReadBuf();
 165              		.loc 1 83 0
 166 00c0 FFF7FEFF 		bl	I2CS_I2CSlaveClearReadBuf
  84:main.c        ****             (void) I2CS_I2CSlaveClearReadStatus();
 167              		.loc 1 84 0
 168 00c4 FFF7FEFF 		bl	I2CS_I2CSlaveClearReadStatus
  85:main.c        ****         }
  86:main.c        ****     }
 169              		.loc 1 86 0
 170 00c8 BEE7     		b	.L7
 171              	.L9:
 172 00ca C046     		.align	2
 173              	.L8:
 174 00cc 00000000 		.word	i2cReadBuffer
 175 00d0 00000000 		.word	i2cWriteBuffer
 176              		.cfi_endproc
 177              	.LFE32:
 178              		.size	main, .-main
 179              		.section	.text.ExecuteCommand,"ax",%progbits
 180              		.align	2
 181              		.global	ExecuteCommand
 182              		.code	16
 183              		.thumb_func
 184              		.type	ExecuteCommand, %function
 185              	ExecuteCommand:
 186              	.LFB33:
  87:main.c        **** }
  88:main.c        **** 
  89:main.c        **** 
  90:main.c        **** /*******************************************************************************
  91:main.c        **** * Function Name: ExecuteCommand
  92:main.c        **** ********************************************************************************
  93:main.c        **** * Summary:
  94:main.c        **** *  Executes received command to control the LED color and returns status.
  95:main.c        **** *  If the command is unknown, the LED color is not changed.
  96:main.c        **** *
  97:main.c        **** * Parameters:
  98:main.c        **** *  cmd: command to execute. Available commands:
ARM GAS  C:\Users\JAMESS~1\AppData\Local\Temp\ccAHCHAF.s 			page 6


  99:main.c        **** *   - CMD_SET_RED:   set red color of the LED.
 100:main.c        **** *   - CMD_SET_GREEN: set green color of the LED.
 101:main.c        **** *   - CMD_SET_BLUE:  set blue color of the LED.
 102:main.c        **** *   - CMD_SET_OFF:   turn off the LED.
 103:main.c        **** *
 104:main.c        **** * Return:
 105:main.c        **** *  Returns status of command execution. There are two statuses
 106:main.c        **** *  - STS_CMD_DONE: command is executed successfully.
 107:main.c        **** *  - STS_CMD_FAIL: unknown command
 108:main.c        **** *
 109:main.c        **** *******************************************************************************/
 110:main.c        **** uint8 ExecuteCommand(uint32 cmd)
 111:main.c        **** {
 187              		.loc 1 111 0
 188              		.cfi_startproc
 189              		@ args = 0, pretend = 0, frame = 16
 190              		@ frame_needed = 1, uses_anonymous_args = 0
 191 0000 80B5     		push	{r7, lr}
 192              		.cfi_def_cfa_offset 8
 193              		.cfi_offset 7, -8
 194              		.cfi_offset 14, -4
 195 0002 84B0     		sub	sp, sp, #16
 196              		.cfi_def_cfa_offset 24
 197 0004 00AF     		add	r7, sp, #0
 198              		.cfi_def_cfa_register 7
 199 0006 7860     		str	r0, [r7, #4]
 112:main.c        ****     uint8 status;
 113:main.c        **** 
 114:main.c        ****     status = STS_CMD_DONE;
 200              		.loc 1 114 0
 201 0008 0F23     		movs	r3, #15
 202 000a FB18     		adds	r3, r7, r3
 203 000c 0022     		movs	r2, #0
 204 000e 1A70     		strb	r2, [r3]
 115:main.c        **** 
 116:main.c        ****     /* Execute received command */
 117:main.c        ****     switch (cmd)
 205              		.loc 1 117 0
 206 0010 7B68     		ldr	r3, [r7, #4]
 207 0012 072B     		cmp	r3, #7
 208 0014 00D9     		bls	.LCB135
 209 0016 91E0     		b	.L11	@long jump
 210              	.LCB135:
 211 0018 7B68     		ldr	r3, [r7, #4]
 212 001a 9A00     		lsls	r2, r3, #2
 213 001c 4D4B     		ldr	r3, .L23
 214 001e D318     		adds	r3, r2, r3
 215 0020 1B68     		ldr	r3, [r3]
 216 0022 9F46     		mov	pc, r3
 217              		.section	.rodata
 218              		.align	2
 219              	.L13:
 220 0000 20010000 		.word	.L12
 221 0004 24000000 		.word	.L14
 222 0008 48000000 		.word	.L15
 223 000c 6C000000 		.word	.L16
 224 0010 90000000 		.word	.L17
ARM GAS  C:\Users\JAMESS~1\AppData\Local\Temp\ccAHCHAF.s 			page 7


 225 0014 B4000000 		.word	.L18
 226 0018 D8000000 		.word	.L19
 227 001c FC000000 		.word	.L20
 228              		.section	.text.ExecuteCommand
 229              	.L14:
 118:main.c        ****     {
 119:main.c        ****         case CMD_SET_RED:
 120:main.c        ****             LED_RED_Write  (LED_ON);
 230              		.loc 1 120 0
 231 0024 0020     		movs	r0, #0
 232 0026 FFF7FEFF 		bl	LED_RED_Write
 121:main.c        ****             LED_GREEN_Write(LED_OFF);
 233              		.loc 1 121 0
 234 002a 0120     		movs	r0, #1
 235 002c FFF7FEFF 		bl	LED_GREEN_Write
 122:main.c        ****             LED_BLUE_Write (LED_OFF);
 236              		.loc 1 122 0
 237 0030 0120     		movs	r0, #1
 238 0032 FFF7FEFF 		bl	LED_BLUE_Write
 123:main.c        ****             SetBlockColor(0, StripLights_RED);
 239              		.loc 1 123 0
 240 0036 4820     		movs	r0, #72
 241 0038 FFF7FEFF 		bl	StripLights_getColor
 242 003c 0300     		movs	r3, r0
 243 003e 1900     		movs	r1, r3
 244 0040 0020     		movs	r0, #0
 245 0042 FFF7FEFF 		bl	SetBlockColor
 124:main.c        ****             break;
 246              		.loc 1 124 0
 247 0046 7EE0     		b	.L21
 248              	.L15:
 125:main.c        **** 
 126:main.c        ****         case CMD_SET_GREEN:
 127:main.c        ****             LED_RED_Write  (LED_OFF);
 249              		.loc 1 127 0
 250 0048 0120     		movs	r0, #1
 251 004a FFF7FEFF 		bl	LED_RED_Write
 128:main.c        ****             LED_GREEN_Write(LED_ON);
 252              		.loc 1 128 0
 253 004e 0020     		movs	r0, #0
 254 0050 FFF7FEFF 		bl	LED_GREEN_Write
 129:main.c        ****             LED_BLUE_Write (LED_OFF);
 255              		.loc 1 129 0
 256 0054 0120     		movs	r0, #1
 257 0056 FFF7FEFF 		bl	LED_BLUE_Write
 130:main.c        ****             SetBlockColor(0, StripLights_GREEN);
 258              		.loc 1 130 0
 259 005a 5E20     		movs	r0, #94
 260 005c FFF7FEFF 		bl	StripLights_getColor
 261 0060 0300     		movs	r3, r0
 262 0062 1900     		movs	r1, r3
 263 0064 0020     		movs	r0, #0
 264 0066 FFF7FEFF 		bl	SetBlockColor
 131:main.c        ****             break;
 265              		.loc 1 131 0
 266 006a 6CE0     		b	.L21
 267              	.L16:
ARM GAS  C:\Users\JAMESS~1\AppData\Local\Temp\ccAHCHAF.s 			page 8


 132:main.c        **** 
 133:main.c        ****         case CMD_SET_BLUE:
 134:main.c        ****             LED_RED_Write  (LED_OFF);
 268              		.loc 1 134 0
 269 006c 0120     		movs	r0, #1
 270 006e FFF7FEFF 		bl	LED_RED_Write
 135:main.c        ****             LED_GREEN_Write(LED_OFF);
 271              		.loc 1 135 0
 272 0072 0120     		movs	r0, #1
 273 0074 FFF7FEFF 		bl	LED_GREEN_Write
 136:main.c        ****             LED_BLUE_Write (LED_ON);
 274              		.loc 1 136 0
 275 0078 0020     		movs	r0, #0
 276 007a FFF7FEFF 		bl	LED_BLUE_Write
 137:main.c        ****             SetBlockColor(0, StripLights_BLUE);
 277              		.loc 1 137 0
 278 007e 1B20     		movs	r0, #27
 279 0080 FFF7FEFF 		bl	StripLights_getColor
 280 0084 0300     		movs	r3, r0
 281 0086 1900     		movs	r1, r3
 282 0088 0020     		movs	r0, #0
 283 008a FFF7FEFF 		bl	SetBlockColor
 138:main.c        ****             break;
 284              		.loc 1 138 0
 285 008e 5AE0     		b	.L21
 286              	.L17:
 139:main.c        ****         case CMD_SET_RED_GREEN:
 140:main.c        ****             LED_RED_Write  (LED_ON);
 287              		.loc 1 140 0
 288 0090 0020     		movs	r0, #0
 289 0092 FFF7FEFF 		bl	LED_RED_Write
 141:main.c        ****             LED_GREEN_Write(LED_ON);
 290              		.loc 1 141 0
 291 0096 0020     		movs	r0, #0
 292 0098 FFF7FEFF 		bl	LED_GREEN_Write
 142:main.c        ****             LED_BLUE_Write (LED_OFF);
 293              		.loc 1 142 0
 294 009c 0120     		movs	r0, #1
 295 009e FFF7FEFF 		bl	LED_BLUE_Write
 143:main.c        ****             SetBlockColor(0, StripLights_YELLOW);
 296              		.loc 1 143 0
 297 00a2 0120     		movs	r0, #1
 298 00a4 FFF7FEFF 		bl	StripLights_getColor
 299 00a8 0300     		movs	r3, r0
 300 00aa 1900     		movs	r1, r3
 301 00ac 0020     		movs	r0, #0
 302 00ae FFF7FEFF 		bl	SetBlockColor
 144:main.c        ****             break;
 303              		.loc 1 144 0
 304 00b2 48E0     		b	.L21
 305              	.L18:
 145:main.c        ****         case CMD_SET_RED_BLUE:
 146:main.c        ****             LED_RED_Write  (LED_ON);
 306              		.loc 1 146 0
 307 00b4 0020     		movs	r0, #0
 308 00b6 FFF7FEFF 		bl	LED_RED_Write
 147:main.c        ****             LED_GREEN_Write(LED_OFF);
ARM GAS  C:\Users\JAMESS~1\AppData\Local\Temp\ccAHCHAF.s 			page 9


 309              		.loc 1 147 0
 310 00ba 0120     		movs	r0, #1
 311 00bc FFF7FEFF 		bl	LED_GREEN_Write
 148:main.c        ****             LED_BLUE_Write (LED_ON);
 312              		.loc 1 148 0
 313 00c0 0020     		movs	r0, #0
 314 00c2 FFF7FEFF 		bl	LED_BLUE_Write
 149:main.c        ****             SetBlockColor(0, StripLights_VIOLET);
 315              		.loc 1 149 0
 316 00c6 5C20     		movs	r0, #92
 317 00c8 FFF7FEFF 		bl	StripLights_getColor
 318 00cc 0300     		movs	r3, r0
 319 00ce 1900     		movs	r1, r3
 320 00d0 0020     		movs	r0, #0
 321 00d2 FFF7FEFF 		bl	SetBlockColor
 150:main.c        ****             break;
 322              		.loc 1 150 0
 323 00d6 36E0     		b	.L21
 324              	.L19:
 151:main.c        ****         case CMD_SET_GREEN_BLUE:
 152:main.c        ****             LED_RED_Write  (LED_OFF);
 325              		.loc 1 152 0
 326 00d8 0120     		movs	r0, #1
 327 00da FFF7FEFF 		bl	LED_RED_Write
 153:main.c        ****             LED_GREEN_Write(LED_ON);
 328              		.loc 1 153 0
 329 00de 0020     		movs	r0, #0
 330 00e0 FFF7FEFF 		bl	LED_GREEN_Write
 154:main.c        ****             LED_BLUE_Write (LED_ON);
 331              		.loc 1 154 0
 332 00e4 0020     		movs	r0, #0
 333 00e6 FFF7FEFF 		bl	LED_BLUE_Write
 155:main.c        ****             SetBlockColor(0, StripLights_TURQUOSE);
 334              		.loc 1 155 0
 335 00ea 5920     		movs	r0, #89
 336 00ec FFF7FEFF 		bl	StripLights_getColor
 337 00f0 0300     		movs	r3, r0
 338 00f2 1900     		movs	r1, r3
 339 00f4 0020     		movs	r0, #0
 340 00f6 FFF7FEFF 		bl	SetBlockColor
 156:main.c        ****             break;
 341              		.loc 1 156 0
 342 00fa 24E0     		b	.L21
 343              	.L20:
 157:main.c        ****         case CMD_SET_RED_GREEN_BLUE:
 158:main.c        ****             LED_RED_Write  (LED_ON);
 344              		.loc 1 158 0
 345 00fc 0020     		movs	r0, #0
 346 00fe FFF7FEFF 		bl	LED_RED_Write
 159:main.c        ****             LED_GREEN_Write(LED_ON);
 347              		.loc 1 159 0
 348 0102 0020     		movs	r0, #0
 349 0104 FFF7FEFF 		bl	LED_GREEN_Write
 160:main.c        ****             LED_BLUE_Write (LED_ON);
 350              		.loc 1 160 0
 351 0108 0020     		movs	r0, #0
 352 010a FFF7FEFF 		bl	LED_BLUE_Write
ARM GAS  C:\Users\JAMESS~1\AppData\Local\Temp\ccAHCHAF.s 			page 10


 161:main.c        ****             SetBlockColor(0, StripLights_DIM_WHITE);
 353              		.loc 1 161 0
 354 010e 5F20     		movs	r0, #95
 355 0110 FFF7FEFF 		bl	StripLights_getColor
 356 0114 0300     		movs	r3, r0
 357 0116 1900     		movs	r1, r3
 358 0118 0020     		movs	r0, #0
 359 011a FFF7FEFF 		bl	SetBlockColor
 162:main.c        ****             break;
 360              		.loc 1 162 0
 361 011e 12E0     		b	.L21
 362              	.L12:
 163:main.c        **** 
 164:main.c        ****         case CMD_SET_OFF:
 165:main.c        ****                     LED_RED_Write  (LED_OFF);
 363              		.loc 1 165 0
 364 0120 0120     		movs	r0, #1
 365 0122 FFF7FEFF 		bl	LED_RED_Write
 166:main.c        ****                     LED_GREEN_Write(LED_OFF);
 366              		.loc 1 166 0
 367 0126 0120     		movs	r0, #1
 368 0128 FFF7FEFF 		bl	LED_GREEN_Write
 167:main.c        ****                     LED_BLUE_Write (LED_OFF);
 369              		.loc 1 167 0
 370 012c 0120     		movs	r0, #1
 371 012e FFF7FEFF 		bl	LED_BLUE_Write
 168:main.c        ****                     SetBlockColor(0, 0);
 372              		.loc 1 168 0
 373 0132 0021     		movs	r1, #0
 374 0134 0020     		movs	r0, #0
 375 0136 FFF7FEFF 		bl	SetBlockColor
 169:main.c        ****             break;
 376              		.loc 1 169 0
 377 013a 04E0     		b	.L21
 378              	.L11:
 170:main.c        **** 
 171:main.c        ****         default:
 172:main.c        ****             status = STS_CMD_FAIL;
 379              		.loc 1 172 0
 380 013c 0F23     		movs	r3, #15
 381 013e FB18     		adds	r3, r7, r3
 382 0140 FF22     		movs	r2, #255
 383 0142 1A70     		strb	r2, [r3]
 173:main.c        ****             break;
 384              		.loc 1 173 0
 385 0144 C046     		nop
 386              	.L21:
 174:main.c        ****     }
 175:main.c        ****   
 176:main.c        ****     return (status);
 387              		.loc 1 176 0
 388 0146 0F23     		movs	r3, #15
 389 0148 FB18     		adds	r3, r7, r3
 390 014a 1B78     		ldrb	r3, [r3]
 177:main.c        **** }
 391              		.loc 1 177 0
 392 014c 1800     		movs	r0, r3
ARM GAS  C:\Users\JAMESS~1\AppData\Local\Temp\ccAHCHAF.s 			page 11


 393 014e BD46     		mov	sp, r7
 394 0150 04B0     		add	sp, sp, #16
 395              		@ sp needed
 396 0152 80BD     		pop	{r7, pc}
 397              	.L24:
 398              		.align	2
 399              	.L23:
 400 0154 00000000 		.word	.L13
 401              		.cfi_endproc
 402              	.LFE33:
 403              		.size	ExecuteCommand, .-ExecuteCommand
 404              		.section	.text.SetBlockColor,"ax",%progbits
 405              		.align	2
 406              		.global	SetBlockColor
 407              		.code	16
 408              		.thumb_func
 409              		.type	SetBlockColor, %function
 410              	SetBlockColor:
 411              	.LFB34:
 178:main.c        **** 
 179:main.c        **** 
 180:main.c        **** 
 181:main.c        **** void SetBlockColor(int block_number, uint32 color) {
 412              		.loc 1 181 0
 413              		.cfi_startproc
 414              		@ args = 0, pretend = 0, frame = 16
 415              		@ frame_needed = 1, uses_anonymous_args = 0
 416 0000 80B5     		push	{r7, lr}
 417              		.cfi_def_cfa_offset 8
 418              		.cfi_offset 7, -8
 419              		.cfi_offset 14, -4
 420 0002 84B0     		sub	sp, sp, #16
 421              		.cfi_def_cfa_offset 24
 422 0004 00AF     		add	r7, sp, #0
 423              		.cfi_def_cfa_register 7
 424 0006 7860     		str	r0, [r7, #4]
 425 0008 3960     		str	r1, [r7]
 426              	.LBB2:
 182:main.c        **** 	for (uint32 led = 0; led < 15; led++) {
 427              		.loc 1 182 0
 428 000a 0023     		movs	r3, #0
 429 000c FB60     		str	r3, [r7, #12]
 430 000e 08E0     		b	.L26
 431              	.L27:
 183:main.c        **** 		StripLights_Pixel(led, block_number, color);
 432              		.loc 1 183 0 discriminator 3
 433 0010 FB68     		ldr	r3, [r7, #12]
 434 0012 3A68     		ldr	r2, [r7]
 435 0014 7968     		ldr	r1, [r7, #4]
 436 0016 1800     		movs	r0, r3
 437 0018 FFF7FEFF 		bl	StripLights_Pixel
 182:main.c        **** 	for (uint32 led = 0; led < 15; led++) {
 438              		.loc 1 182 0 discriminator 3
 439 001c FB68     		ldr	r3, [r7, #12]
 440 001e 0133     		adds	r3, r3, #1
 441 0020 FB60     		str	r3, [r7, #12]
 442              	.L26:
ARM GAS  C:\Users\JAMESS~1\AppData\Local\Temp\ccAHCHAF.s 			page 12


 182:main.c        **** 	for (uint32 led = 0; led < 15; led++) {
 443              		.loc 1 182 0 is_stmt 0 discriminator 1
 444 0022 FB68     		ldr	r3, [r7, #12]
 445 0024 0E2B     		cmp	r3, #14
 446 0026 F3D9     		bls	.L27
 447              	.LBE2:
 184:main.c        **** 	}
 185:main.c        ****     while (StripLights_Ready() == 0);
 448              		.loc 1 185 0 is_stmt 1
 449 0028 C046     		nop
 450              	.L28:
 451              		.loc 1 185 0 is_stmt 0 discriminator 1
 452 002a FFF7FEFF 		bl	StripLights_Ready
 453 002e 031E     		subs	r3, r0, #0
 454 0030 FBD0     		beq	.L28
 186:main.c        **** 	StripLights_Trigger(1);
 455              		.loc 1 186 0 is_stmt 1
 456 0032 0120     		movs	r0, #1
 457 0034 FFF7FEFF 		bl	StripLights_Trigger
 187:main.c        **** 	CyDelay(10);
 458              		.loc 1 187 0
 459 0038 0A20     		movs	r0, #10
 460 003a FFF7FEFF 		bl	CyDelay
 188:main.c        **** }
 461              		.loc 1 188 0
 462 003e C046     		nop
 463 0040 BD46     		mov	sp, r7
 464 0042 04B0     		add	sp, sp, #16
 465              		@ sp needed
 466 0044 80BD     		pop	{r7, pc}
 467              		.cfi_endproc
 468              	.LFE34:
 469              		.size	SetBlockColor, .-SetBlockColor
 470 0046 C046     		.text
 471              	.Letext0:
 472              		.file 2 "Generated_Source\\PSoC4/cytypes.h"
 473              		.file 3 "./main.h"
 474              		.section	.debug_info,"",%progbits
 475              	.Ldebug_info0:
 476 0000 CE010000 		.4byte	0x1ce
 477 0004 0400     		.2byte	0x4
 478 0006 00000000 		.4byte	.Ldebug_abbrev0
 479 000a 04       		.byte	0x4
 480 000b 01       		.uleb128 0x1
 481 000c FF000000 		.4byte	.LASF33
 482 0010 0C       		.byte	0xc
 483 0011 1C020000 		.4byte	.LASF34
 484 0015 5E000000 		.4byte	.LASF35
 485 0019 00000000 		.4byte	.Ldebug_ranges0+0
 486 001d 00000000 		.4byte	0
 487 0021 00000000 		.4byte	.Ldebug_line0
 488 0025 02       		.uleb128 0x2
 489 0026 01       		.byte	0x1
 490 0027 06       		.byte	0x6
 491 0028 75020000 		.4byte	.LASF0
 492 002c 02       		.uleb128 0x2
 493 002d 01       		.byte	0x1
ARM GAS  C:\Users\JAMESS~1\AppData\Local\Temp\ccAHCHAF.s 			page 13


 494 002e 08       		.byte	0x8
 495 002f B3010000 		.4byte	.LASF1
 496 0033 02       		.uleb128 0x2
 497 0034 02       		.byte	0x2
 498 0035 05       		.byte	0x5
 499 0036 36020000 		.4byte	.LASF2
 500 003a 02       		.uleb128 0x2
 501 003b 02       		.byte	0x2
 502 003c 07       		.byte	0x7
 503 003d 4B000000 		.4byte	.LASF3
 504 0041 02       		.uleb128 0x2
 505 0042 04       		.byte	0x4
 506 0043 05       		.byte	0x5
 507 0044 4B020000 		.4byte	.LASF4
 508 0048 02       		.uleb128 0x2
 509 0049 04       		.byte	0x4
 510 004a 07       		.byte	0x7
 511 004b E7000000 		.4byte	.LASF5
 512 004f 02       		.uleb128 0x2
 513 0050 08       		.byte	0x8
 514 0051 05       		.byte	0x5
 515 0052 0E020000 		.4byte	.LASF6
 516 0056 02       		.uleb128 0x2
 517 0057 08       		.byte	0x8
 518 0058 07       		.byte	0x7
 519 0059 DF010000 		.4byte	.LASF7
 520 005d 03       		.uleb128 0x3
 521 005e 04       		.byte	0x4
 522 005f 05       		.byte	0x5
 523 0060 696E7400 		.ascii	"int\000"
 524 0064 02       		.uleb128 0x2
 525 0065 04       		.byte	0x4
 526 0066 07       		.byte	0x7
 527 0067 C1010000 		.4byte	.LASF8
 528 006b 04       		.uleb128 0x4
 529 006c F9000000 		.4byte	.LASF9
 530 0070 02       		.byte	0x2
 531 0071 D201     		.2byte	0x1d2
 532 0073 2C000000 		.4byte	0x2c
 533 0077 04       		.uleb128 0x4
 534 0078 AC010000 		.4byte	.LASF10
 535 007c 02       		.byte	0x2
 536 007d D401     		.2byte	0x1d4
 537 007f 48000000 		.4byte	0x48
 538 0083 02       		.uleb128 0x2
 539 0084 04       		.byte	0x4
 540 0085 04       		.byte	0x4
 541 0086 B8000000 		.4byte	.LASF11
 542 008a 02       		.uleb128 0x2
 543 008b 08       		.byte	0x8
 544 008c 04       		.byte	0x4
 545 008d 9A010000 		.4byte	.LASF12
 546 0091 02       		.uleb128 0x2
 547 0092 01       		.byte	0x1
 548 0093 08       		.byte	0x8
 549 0094 23020000 		.4byte	.LASF13
 550 0098 02       		.uleb128 0x2
ARM GAS  C:\Users\JAMESS~1\AppData\Local\Temp\ccAHCHAF.s 			page 14


 551 0099 08       		.byte	0x8
 552 009a 04       		.byte	0x4
 553 009b 5B020000 		.4byte	.LASF14
 554 009f 02       		.uleb128 0x2
 555 00a0 04       		.byte	0x4
 556 00a1 07       		.byte	0x7
 557 00a2 05020000 		.4byte	.LASF15
 558 00a6 05       		.uleb128 0x5
 559 00a7 01       		.byte	0x1
 560 00a8 2C000000 		.4byte	0x2c
 561 00ac 03       		.byte	0x3
 562 00ad 3A       		.byte	0x3a
 563 00ae E9000000 		.4byte	0xe9
 564 00b2 06       		.uleb128 0x6
 565 00b3 32000000 		.4byte	.LASF16
 566 00b7 00       		.byte	0
 567 00b8 06       		.uleb128 0x6
 568 00b9 BE000000 		.4byte	.LASF17
 569 00bd 01       		.byte	0x1
 570 00be 06       		.uleb128 0x6
 571 00bf 28020000 		.4byte	.LASF18
 572 00c3 02       		.byte	0x2
 573 00c4 06       		.uleb128 0x6
 574 00c5 8D010000 		.4byte	.LASF19
 575 00c9 03       		.byte	0x3
 576 00ca 06       		.uleb128 0x6
 577 00cb 0D000000 		.4byte	.LASF20
 578 00cf 04       		.byte	0x4
 579 00d0 06       		.uleb128 0x6
 580 00d1 CE010000 		.4byte	.LASF21
 581 00d5 05       		.byte	0x5
 582 00d6 06       		.uleb128 0x6
 583 00d7 1F000000 		.4byte	.LASF22
 584 00db 06       		.byte	0x6
 585 00dc 06       		.uleb128 0x6
 586 00dd A1000000 		.4byte	.LASF23
 587 00e1 07       		.byte	0x7
 588 00e2 06       		.uleb128 0x6
 589 00e3 40020000 		.4byte	.LASF24
 590 00e7 08       		.byte	0x8
 591 00e8 00       		.byte	0
 592 00e9 07       		.uleb128 0x7
 593 00ea A1010000 		.4byte	.LASF27
 594 00ee 01       		.byte	0x1
 595 00ef 1F       		.byte	0x1f
 596 00f0 5D000000 		.4byte	0x5d
 597 00f4 00000000 		.4byte	.LFB32
 598 00f8 D4000000 		.4byte	.LFE32-.LFB32
 599 00fc 01       		.uleb128 0x1
 600 00fd 9C       		.byte	0x9c
 601 00fe 1F010000 		.4byte	0x11f
 602 0102 08       		.uleb128 0x8
 603 0103 54020000 		.4byte	.LASF25
 604 0107 01       		.byte	0x1
 605 0108 23       		.byte	0x23
 606 0109 6B000000 		.4byte	0x6b
 607 010d 02       		.uleb128 0x2
ARM GAS  C:\Users\JAMESS~1\AppData\Local\Temp\ccAHCHAF.s 			page 15


 608 010e 91       		.byte	0x91
 609 010f 6E       		.sleb128 -18
 610 0110 08       		.uleb128 0x8
 611 0111 00000000 		.4byte	.LASF26
 612 0115 01       		.byte	0x1
 613 0116 2F       		.byte	0x2f
 614 0117 6B000000 		.4byte	0x6b
 615 011b 02       		.uleb128 0x2
 616 011c 91       		.byte	0x91
 617 011d 6F       		.sleb128 -17
 618 011e 00       		.byte	0
 619 011f 09       		.uleb128 0x9
 620 0120 CA000000 		.4byte	.LASF36
 621 0124 01       		.byte	0x1
 622 0125 6E       		.byte	0x6e
 623 0126 6B000000 		.4byte	0x6b
 624 012a 00000000 		.4byte	.LFB33
 625 012e 58010000 		.4byte	.LFE33-.LFB33
 626 0132 01       		.uleb128 0x1
 627 0133 9C       		.byte	0x9c
 628 0134 55010000 		.4byte	0x155
 629 0138 0A       		.uleb128 0xa
 630 0139 636D6400 		.ascii	"cmd\000"
 631 013d 01       		.byte	0x1
 632 013e 6E       		.byte	0x6e
 633 013f 77000000 		.4byte	0x77
 634 0143 02       		.uleb128 0x2
 635 0144 91       		.byte	0x91
 636 0145 6C       		.sleb128 -20
 637 0146 08       		.uleb128 0x8
 638 0147 54020000 		.4byte	.LASF25
 639 014b 01       		.byte	0x1
 640 014c 70       		.byte	0x70
 641 014d 6B000000 		.4byte	0x6b
 642 0151 02       		.uleb128 0x2
 643 0152 91       		.byte	0x91
 644 0153 77       		.sleb128 -9
 645 0154 00       		.byte	0
 646 0155 0B       		.uleb128 0xb
 647 0156 67020000 		.4byte	.LASF28
 648 015a 01       		.byte	0x1
 649 015b B5       		.byte	0xb5
 650 015c 00000000 		.4byte	.LFB34
 651 0160 46000000 		.4byte	.LFE34-.LFB34
 652 0164 01       		.uleb128 0x1
 653 0165 9C       		.byte	0x9c
 654 0166 9F010000 		.4byte	0x19f
 655 016a 0C       		.uleb128 0xc
 656 016b 3E000000 		.4byte	.LASF29
 657 016f 01       		.byte	0x1
 658 0170 B5       		.byte	0xb5
 659 0171 5D000000 		.4byte	0x5d
 660 0175 02       		.uleb128 0x2
 661 0176 91       		.byte	0x91
 662 0177 6C       		.sleb128 -20
 663 0178 0C       		.uleb128 0xc
 664 0179 A6010000 		.4byte	.LASF30
ARM GAS  C:\Users\JAMESS~1\AppData\Local\Temp\ccAHCHAF.s 			page 16


 665 017d 01       		.byte	0x1
 666 017e B5       		.byte	0xb5
 667 017f 77000000 		.4byte	0x77
 668 0183 02       		.uleb128 0x2
 669 0184 91       		.byte	0x91
 670 0185 68       		.sleb128 -24
 671 0186 0D       		.uleb128 0xd
 672 0187 0A000000 		.4byte	.LBB2
 673 018b 1E000000 		.4byte	.LBE2-.LBB2
 674 018f 0E       		.uleb128 0xe
 675 0190 6C656400 		.ascii	"led\000"
 676 0194 01       		.byte	0x1
 677 0195 B6       		.byte	0xb6
 678 0196 77000000 		.4byte	0x77
 679 019a 02       		.uleb128 0x2
 680 019b 91       		.byte	0x91
 681 019c 74       		.sleb128 -12
 682 019d 00       		.byte	0
 683 019e 00       		.byte	0
 684 019f 0F       		.uleb128 0xf
 685 01a0 6B000000 		.4byte	0x6b
 686 01a4 AF010000 		.4byte	0x1af
 687 01a8 10       		.uleb128 0x10
 688 01a9 9F000000 		.4byte	0x9f
 689 01ad 02       		.byte	0x2
 690 01ae 00       		.byte	0
 691 01af 11       		.uleb128 0x11
 692 01b0 D9000000 		.4byte	.LASF31
 693 01b4 01       		.byte	0x1
 694 01b5 08       		.byte	0x8
 695 01b6 9F010000 		.4byte	0x19f
 696 01ba 05       		.uleb128 0x5
 697 01bb 03       		.byte	0x3
 698 01bc 00000000 		.4byte	i2cReadBuffer
 699 01c0 11       		.uleb128 0x11
 700 01c1 F6010000 		.4byte	.LASF32
 701 01c5 01       		.byte	0x1
 702 01c6 09       		.byte	0x9
 703 01c7 9F010000 		.4byte	0x19f
 704 01cb 05       		.uleb128 0x5
 705 01cc 03       		.byte	0x3
 706 01cd 00000000 		.4byte	i2cWriteBuffer
 707 01d1 00       		.byte	0
 708              		.section	.debug_abbrev,"",%progbits
 709              	.Ldebug_abbrev0:
 710 0000 01       		.uleb128 0x1
 711 0001 11       		.uleb128 0x11
 712 0002 01       		.byte	0x1
 713 0003 25       		.uleb128 0x25
 714 0004 0E       		.uleb128 0xe
 715 0005 13       		.uleb128 0x13
 716 0006 0B       		.uleb128 0xb
 717 0007 03       		.uleb128 0x3
 718 0008 0E       		.uleb128 0xe
 719 0009 1B       		.uleb128 0x1b
 720 000a 0E       		.uleb128 0xe
 721 000b 55       		.uleb128 0x55
ARM GAS  C:\Users\JAMESS~1\AppData\Local\Temp\ccAHCHAF.s 			page 17


 722 000c 17       		.uleb128 0x17
 723 000d 11       		.uleb128 0x11
 724 000e 01       		.uleb128 0x1
 725 000f 10       		.uleb128 0x10
 726 0010 17       		.uleb128 0x17
 727 0011 00       		.byte	0
 728 0012 00       		.byte	0
 729 0013 02       		.uleb128 0x2
 730 0014 24       		.uleb128 0x24
 731 0015 00       		.byte	0
 732 0016 0B       		.uleb128 0xb
 733 0017 0B       		.uleb128 0xb
 734 0018 3E       		.uleb128 0x3e
 735 0019 0B       		.uleb128 0xb
 736 001a 03       		.uleb128 0x3
 737 001b 0E       		.uleb128 0xe
 738 001c 00       		.byte	0
 739 001d 00       		.byte	0
 740 001e 03       		.uleb128 0x3
 741 001f 24       		.uleb128 0x24
 742 0020 00       		.byte	0
 743 0021 0B       		.uleb128 0xb
 744 0022 0B       		.uleb128 0xb
 745 0023 3E       		.uleb128 0x3e
 746 0024 0B       		.uleb128 0xb
 747 0025 03       		.uleb128 0x3
 748 0026 08       		.uleb128 0x8
 749 0027 00       		.byte	0
 750 0028 00       		.byte	0
 751 0029 04       		.uleb128 0x4
 752 002a 16       		.uleb128 0x16
 753 002b 00       		.byte	0
 754 002c 03       		.uleb128 0x3
 755 002d 0E       		.uleb128 0xe
 756 002e 3A       		.uleb128 0x3a
 757 002f 0B       		.uleb128 0xb
 758 0030 3B       		.uleb128 0x3b
 759 0031 05       		.uleb128 0x5
 760 0032 49       		.uleb128 0x49
 761 0033 13       		.uleb128 0x13
 762 0034 00       		.byte	0
 763 0035 00       		.byte	0
 764 0036 05       		.uleb128 0x5
 765 0037 04       		.uleb128 0x4
 766 0038 01       		.byte	0x1
 767 0039 0B       		.uleb128 0xb
 768 003a 0B       		.uleb128 0xb
 769 003b 49       		.uleb128 0x49
 770 003c 13       		.uleb128 0x13
 771 003d 3A       		.uleb128 0x3a
 772 003e 0B       		.uleb128 0xb
 773 003f 3B       		.uleb128 0x3b
 774 0040 0B       		.uleb128 0xb
 775 0041 01       		.uleb128 0x1
 776 0042 13       		.uleb128 0x13
 777 0043 00       		.byte	0
 778 0044 00       		.byte	0
ARM GAS  C:\Users\JAMESS~1\AppData\Local\Temp\ccAHCHAF.s 			page 18


 779 0045 06       		.uleb128 0x6
 780 0046 28       		.uleb128 0x28
 781 0047 00       		.byte	0
 782 0048 03       		.uleb128 0x3
 783 0049 0E       		.uleb128 0xe
 784 004a 1C       		.uleb128 0x1c
 785 004b 0B       		.uleb128 0xb
 786 004c 00       		.byte	0
 787 004d 00       		.byte	0
 788 004e 07       		.uleb128 0x7
 789 004f 2E       		.uleb128 0x2e
 790 0050 01       		.byte	0x1
 791 0051 3F       		.uleb128 0x3f
 792 0052 19       		.uleb128 0x19
 793 0053 03       		.uleb128 0x3
 794 0054 0E       		.uleb128 0xe
 795 0055 3A       		.uleb128 0x3a
 796 0056 0B       		.uleb128 0xb
 797 0057 3B       		.uleb128 0x3b
 798 0058 0B       		.uleb128 0xb
 799 0059 49       		.uleb128 0x49
 800 005a 13       		.uleb128 0x13
 801 005b 11       		.uleb128 0x11
 802 005c 01       		.uleb128 0x1
 803 005d 12       		.uleb128 0x12
 804 005e 06       		.uleb128 0x6
 805 005f 40       		.uleb128 0x40
 806 0060 18       		.uleb128 0x18
 807 0061 9642     		.uleb128 0x2116
 808 0063 19       		.uleb128 0x19
 809 0064 01       		.uleb128 0x1
 810 0065 13       		.uleb128 0x13
 811 0066 00       		.byte	0
 812 0067 00       		.byte	0
 813 0068 08       		.uleb128 0x8
 814 0069 34       		.uleb128 0x34
 815 006a 00       		.byte	0
 816 006b 03       		.uleb128 0x3
 817 006c 0E       		.uleb128 0xe
 818 006d 3A       		.uleb128 0x3a
 819 006e 0B       		.uleb128 0xb
 820 006f 3B       		.uleb128 0x3b
 821 0070 0B       		.uleb128 0xb
 822 0071 49       		.uleb128 0x49
 823 0072 13       		.uleb128 0x13
 824 0073 02       		.uleb128 0x2
 825 0074 18       		.uleb128 0x18
 826 0075 00       		.byte	0
 827 0076 00       		.byte	0
 828 0077 09       		.uleb128 0x9
 829 0078 2E       		.uleb128 0x2e
 830 0079 01       		.byte	0x1
 831 007a 3F       		.uleb128 0x3f
 832 007b 19       		.uleb128 0x19
 833 007c 03       		.uleb128 0x3
 834 007d 0E       		.uleb128 0xe
 835 007e 3A       		.uleb128 0x3a
ARM GAS  C:\Users\JAMESS~1\AppData\Local\Temp\ccAHCHAF.s 			page 19


 836 007f 0B       		.uleb128 0xb
 837 0080 3B       		.uleb128 0x3b
 838 0081 0B       		.uleb128 0xb
 839 0082 27       		.uleb128 0x27
 840 0083 19       		.uleb128 0x19
 841 0084 49       		.uleb128 0x49
 842 0085 13       		.uleb128 0x13
 843 0086 11       		.uleb128 0x11
 844 0087 01       		.uleb128 0x1
 845 0088 12       		.uleb128 0x12
 846 0089 06       		.uleb128 0x6
 847 008a 40       		.uleb128 0x40
 848 008b 18       		.uleb128 0x18
 849 008c 9642     		.uleb128 0x2116
 850 008e 19       		.uleb128 0x19
 851 008f 01       		.uleb128 0x1
 852 0090 13       		.uleb128 0x13
 853 0091 00       		.byte	0
 854 0092 00       		.byte	0
 855 0093 0A       		.uleb128 0xa
 856 0094 05       		.uleb128 0x5
 857 0095 00       		.byte	0
 858 0096 03       		.uleb128 0x3
 859 0097 08       		.uleb128 0x8
 860 0098 3A       		.uleb128 0x3a
 861 0099 0B       		.uleb128 0xb
 862 009a 3B       		.uleb128 0x3b
 863 009b 0B       		.uleb128 0xb
 864 009c 49       		.uleb128 0x49
 865 009d 13       		.uleb128 0x13
 866 009e 02       		.uleb128 0x2
 867 009f 18       		.uleb128 0x18
 868 00a0 00       		.byte	0
 869 00a1 00       		.byte	0
 870 00a2 0B       		.uleb128 0xb
 871 00a3 2E       		.uleb128 0x2e
 872 00a4 01       		.byte	0x1
 873 00a5 3F       		.uleb128 0x3f
 874 00a6 19       		.uleb128 0x19
 875 00a7 03       		.uleb128 0x3
 876 00a8 0E       		.uleb128 0xe
 877 00a9 3A       		.uleb128 0x3a
 878 00aa 0B       		.uleb128 0xb
 879 00ab 3B       		.uleb128 0x3b
 880 00ac 0B       		.uleb128 0xb
 881 00ad 27       		.uleb128 0x27
 882 00ae 19       		.uleb128 0x19
 883 00af 11       		.uleb128 0x11
 884 00b0 01       		.uleb128 0x1
 885 00b1 12       		.uleb128 0x12
 886 00b2 06       		.uleb128 0x6
 887 00b3 40       		.uleb128 0x40
 888 00b4 18       		.uleb128 0x18
 889 00b5 9642     		.uleb128 0x2116
 890 00b7 19       		.uleb128 0x19
 891 00b8 01       		.uleb128 0x1
 892 00b9 13       		.uleb128 0x13
ARM GAS  C:\Users\JAMESS~1\AppData\Local\Temp\ccAHCHAF.s 			page 20


 893 00ba 00       		.byte	0
 894 00bb 00       		.byte	0
 895 00bc 0C       		.uleb128 0xc
 896 00bd 05       		.uleb128 0x5
 897 00be 00       		.byte	0
 898 00bf 03       		.uleb128 0x3
 899 00c0 0E       		.uleb128 0xe
 900 00c1 3A       		.uleb128 0x3a
 901 00c2 0B       		.uleb128 0xb
 902 00c3 3B       		.uleb128 0x3b
 903 00c4 0B       		.uleb128 0xb
 904 00c5 49       		.uleb128 0x49
 905 00c6 13       		.uleb128 0x13
 906 00c7 02       		.uleb128 0x2
 907 00c8 18       		.uleb128 0x18
 908 00c9 00       		.byte	0
 909 00ca 00       		.byte	0
 910 00cb 0D       		.uleb128 0xd
 911 00cc 0B       		.uleb128 0xb
 912 00cd 01       		.byte	0x1
 913 00ce 11       		.uleb128 0x11
 914 00cf 01       		.uleb128 0x1
 915 00d0 12       		.uleb128 0x12
 916 00d1 06       		.uleb128 0x6
 917 00d2 00       		.byte	0
 918 00d3 00       		.byte	0
 919 00d4 0E       		.uleb128 0xe
 920 00d5 34       		.uleb128 0x34
 921 00d6 00       		.byte	0
 922 00d7 03       		.uleb128 0x3
 923 00d8 08       		.uleb128 0x8
 924 00d9 3A       		.uleb128 0x3a
 925 00da 0B       		.uleb128 0xb
 926 00db 3B       		.uleb128 0x3b
 927 00dc 0B       		.uleb128 0xb
 928 00dd 49       		.uleb128 0x49
 929 00de 13       		.uleb128 0x13
 930 00df 02       		.uleb128 0x2
 931 00e0 18       		.uleb128 0x18
 932 00e1 00       		.byte	0
 933 00e2 00       		.byte	0
 934 00e3 0F       		.uleb128 0xf
 935 00e4 01       		.uleb128 0x1
 936 00e5 01       		.byte	0x1
 937 00e6 49       		.uleb128 0x49
 938 00e7 13       		.uleb128 0x13
 939 00e8 01       		.uleb128 0x1
 940 00e9 13       		.uleb128 0x13
 941 00ea 00       		.byte	0
 942 00eb 00       		.byte	0
 943 00ec 10       		.uleb128 0x10
 944 00ed 21       		.uleb128 0x21
 945 00ee 00       		.byte	0
 946 00ef 49       		.uleb128 0x49
 947 00f0 13       		.uleb128 0x13
 948 00f1 2F       		.uleb128 0x2f
 949 00f2 0B       		.uleb128 0xb
ARM GAS  C:\Users\JAMESS~1\AppData\Local\Temp\ccAHCHAF.s 			page 21


 950 00f3 00       		.byte	0
 951 00f4 00       		.byte	0
 952 00f5 11       		.uleb128 0x11
 953 00f6 34       		.uleb128 0x34
 954 00f7 00       		.byte	0
 955 00f8 03       		.uleb128 0x3
 956 00f9 0E       		.uleb128 0xe
 957 00fa 3A       		.uleb128 0x3a
 958 00fb 0B       		.uleb128 0xb
 959 00fc 3B       		.uleb128 0x3b
 960 00fd 0B       		.uleb128 0xb
 961 00fe 49       		.uleb128 0x49
 962 00ff 13       		.uleb128 0x13
 963 0100 3F       		.uleb128 0x3f
 964 0101 19       		.uleb128 0x19
 965 0102 02       		.uleb128 0x2
 966 0103 18       		.uleb128 0x18
 967 0104 00       		.byte	0
 968 0105 00       		.byte	0
 969 0106 00       		.byte	0
 970              		.section	.debug_aranges,"",%progbits
 971 0000 2C000000 		.4byte	0x2c
 972 0004 0200     		.2byte	0x2
 973 0006 00000000 		.4byte	.Ldebug_info0
 974 000a 04       		.byte	0x4
 975 000b 00       		.byte	0
 976 000c 0000     		.2byte	0
 977 000e 0000     		.2byte	0
 978 0010 00000000 		.4byte	.LFB32
 979 0014 D4000000 		.4byte	.LFE32-.LFB32
 980 0018 00000000 		.4byte	.LFB33
 981 001c 58010000 		.4byte	.LFE33-.LFB33
 982 0020 00000000 		.4byte	.LFB34
 983 0024 46000000 		.4byte	.LFE34-.LFB34
 984 0028 00000000 		.4byte	0
 985 002c 00000000 		.4byte	0
 986              		.section	.debug_ranges,"",%progbits
 987              	.Ldebug_ranges0:
 988 0000 00000000 		.4byte	.LFB32
 989 0004 D4000000 		.4byte	.LFE32
 990 0008 00000000 		.4byte	.LFB33
 991 000c 58010000 		.4byte	.LFE33
 992 0010 00000000 		.4byte	.LFB34
 993 0014 46000000 		.4byte	.LFE34
 994 0018 00000000 		.4byte	0
 995 001c 00000000 		.4byte	0
 996              		.section	.debug_line,"",%progbits
 997              	.Ldebug_line0:
 998 0000 F8000000 		.section	.debug_str,"MS",%progbits,1
 998      02004D00 
 998      00000201 
 998      FB0E0D00 
 998      01010101 
 999              	.LASF26:
 1000 0000 62757474 		.ascii	"buttonStatus\000"
 1000      6F6E5374 
 1000      61747573 
ARM GAS  C:\Users\JAMESS~1\AppData\Local\Temp\ccAHCHAF.s 			page 22


 1000      00
 1001              	.LASF20:
 1002 000d 434D445F 		.ascii	"CMD_SET_RED_GREEN\000"
 1002      5345545F 
 1002      5245445F 
 1002      47524545 
 1002      4E00
 1003              	.LASF22:
 1004 001f 434D445F 		.ascii	"CMD_SET_GREEN_BLUE\000"
 1004      5345545F 
 1004      47524545 
 1004      4E5F424C 
 1004      554500
 1005              	.LASF16:
 1006 0032 434D445F 		.ascii	"CMD_SET_OFF\000"
 1006      5345545F 
 1006      4F464600 
 1007              	.LASF29:
 1008 003e 626C6F63 		.ascii	"block_number\000"
 1008      6B5F6E75 
 1008      6D626572 
 1008      00
 1009              	.LASF3:
 1010 004b 73686F72 		.ascii	"short unsigned int\000"
 1010      7420756E 
 1010      7369676E 
 1010      65642069 
 1010      6E7400
 1011              	.LASF35:
 1012 005e 433A5C55 		.ascii	"C:\\Users\\James Sun\\Documents\\Git\\Whackamole\\W"
 1012      73657273 
 1012      5C4A616D 
 1012      65732053 
 1012      756E5C44 
 1013 008b 6861636B 		.ascii	"hackamole\\Slave.cydsn\000"
 1013      616D6F6C 
 1013      655C536C 
 1013      6176652E 
 1013      63796473 
 1014              	.LASF23:
 1015 00a1 434D445F 		.ascii	"CMD_SET_RED_GREEN_BLUE\000"
 1015      5345545F 
 1015      5245445F 
 1015      47524545 
 1015      4E5F424C 
 1016              	.LASF11:
 1017 00b8 666C6F61 		.ascii	"float\000"
 1017      7400
 1018              	.LASF17:
 1019 00be 434D445F 		.ascii	"CMD_SET_RED\000"
 1019      5345545F 
 1019      52454400 
 1020              	.LASF36:
 1021 00ca 45786563 		.ascii	"ExecuteCommand\000"
 1021      75746543 
 1021      6F6D6D61 
 1021      6E6400
ARM GAS  C:\Users\JAMESS~1\AppData\Local\Temp\ccAHCHAF.s 			page 23


 1022              	.LASF31:
 1023 00d9 69326352 		.ascii	"i2cReadBuffer\000"
 1023      65616442 
 1023      75666665 
 1023      7200
 1024              	.LASF5:
 1025 00e7 6C6F6E67 		.ascii	"long unsigned int\000"
 1025      20756E73 
 1025      69676E65 
 1025      6420696E 
 1025      7400
 1026              	.LASF9:
 1027 00f9 75696E74 		.ascii	"uint8\000"
 1027      3800
 1028              	.LASF33:
 1029 00ff 474E5520 		.ascii	"GNU C11 5.4.1 20160609 (release) [ARM/embedded-5-br"
 1029      43313120 
 1029      352E342E 
 1029      31203230 
 1029      31363036 
 1030 0132 616E6368 		.ascii	"anch revision 237715] -mcpu=cortex-m0 -mthumb -g -O"
 1030      20726576 
 1030      6973696F 
 1030      6E203233 
 1030      37373135 
 1031 0165 30202D66 		.ascii	"0 -ffunction-sections -ffat-lto-objects\000"
 1031      66756E63 
 1031      74696F6E 
 1031      2D736563 
 1031      74696F6E 
 1032              	.LASF19:
 1033 018d 434D445F 		.ascii	"CMD_SET_BLUE\000"
 1033      5345545F 
 1033      424C5545 
 1033      00
 1034              	.LASF12:
 1035 019a 646F7562 		.ascii	"double\000"
 1035      6C6500
 1036              	.LASF27:
 1037 01a1 6D61696E 		.ascii	"main\000"
 1037      00
 1038              	.LASF30:
 1039 01a6 636F6C6F 		.ascii	"color\000"
 1039      7200
 1040              	.LASF10:
 1041 01ac 75696E74 		.ascii	"uint32\000"
 1041      333200
 1042              	.LASF1:
 1043 01b3 756E7369 		.ascii	"unsigned char\000"
 1043      676E6564 
 1043      20636861 
 1043      7200
 1044              	.LASF8:
 1045 01c1 756E7369 		.ascii	"unsigned int\000"
 1045      676E6564 
 1045      20696E74 
 1045      00
ARM GAS  C:\Users\JAMESS~1\AppData\Local\Temp\ccAHCHAF.s 			page 24


 1046              	.LASF21:
 1047 01ce 434D445F 		.ascii	"CMD_SET_RED_BLUE\000"
 1047      5345545F 
 1047      5245445F 
 1047      424C5545 
 1047      00
 1048              	.LASF7:
 1049 01df 6C6F6E67 		.ascii	"long long unsigned int\000"
 1049      206C6F6E 
 1049      6720756E 
 1049      7369676E 
 1049      65642069 
 1050              	.LASF32:
 1051 01f6 69326357 		.ascii	"i2cWriteBuffer\000"
 1051      72697465 
 1051      42756666 
 1051      657200
 1052              	.LASF15:
 1053 0205 73697A65 		.ascii	"sizetype\000"
 1053      74797065 
 1053      00
 1054              	.LASF6:
 1055 020e 6C6F6E67 		.ascii	"long long int\000"
 1055      206C6F6E 
 1055      6720696E 
 1055      7400
 1056              	.LASF34:
 1057 021c 6D61696E 		.ascii	"main.c\000"
 1057      2E6300
 1058              	.LASF13:
 1059 0223 63686172 		.ascii	"char\000"
 1059      00
 1060              	.LASF18:
 1061 0228 434D445F 		.ascii	"CMD_SET_GREEN\000"
 1061      5345545F 
 1061      47524545 
 1061      4E00
 1062              	.LASF2:
 1063 0236 73686F72 		.ascii	"short int\000"
 1063      7420696E 
 1063      7400
 1064              	.LASF24:
 1065 0240 4E554D5F 		.ascii	"NUM_COLORS\000"
 1065      434F4C4F 
 1065      525300
 1066              	.LASF4:
 1067 024b 6C6F6E67 		.ascii	"long int\000"
 1067      20696E74 
 1067      00
 1068              	.LASF25:
 1069 0254 73746174 		.ascii	"status\000"
 1069      757300
 1070              	.LASF14:
 1071 025b 6C6F6E67 		.ascii	"long double\000"
 1071      20646F75 
 1071      626C6500 
 1072              	.LASF28:
ARM GAS  C:\Users\JAMESS~1\AppData\Local\Temp\ccAHCHAF.s 			page 25


 1073 0267 53657442 		.ascii	"SetBlockColor\000"
 1073      6C6F636B 
 1073      436F6C6F 
 1073      7200
 1074              	.LASF0:
 1075 0275 7369676E 		.ascii	"signed char\000"
 1075      65642063 
 1075      68617200 
 1076              		.ident	"GCC: (GNU Tools for ARM Embedded Processors) 5.4.1 20160609 (release) [ARM/embedded-5-bran
