Archive member included to satisfy reference by file (symbol)

.\CortexM0\ARM_GCC_541\Debug\Slave.a(LED_RED.o)
                              .\CortexM0\ARM_GCC_541\Debug\main.o (LED_RED_Write)
.\CortexM0\ARM_GCC_541\Debug\Slave.a(LED_GREEN.o)
                              .\CortexM0\ARM_GCC_541\Debug\main.o (LED_GREEN_Write)
.\CortexM0\ARM_GCC_541\Debug\Slave.a(LED_BLUE.o)
                              .\CortexM0\ARM_GCC_541\Debug\main.o (LED_BLUE_Write)
.\CortexM0\ARM_GCC_541\Debug\Slave.a(I2CS.o)
                              .\CortexM0\ARM_GCC_541\Debug\main.o (I2CS_Start)
.\CortexM0\ARM_GCC_541\Debug\Slave.a(I2CS_I2C.o)
                              .\CortexM0\ARM_GCC_541\Debug\Slave.a(I2CS.o) (I2CS_I2CInit)
.\CortexM0\ARM_GCC_541\Debug\Slave.a(I2CS_I2C_SLAVE.o)
                              .\CortexM0\ARM_GCC_541\Debug\Slave.a(I2CS_I2C.o) (I2CS_slStatus)
.\CortexM0\ARM_GCC_541\Debug\Slave.a(CyLib.o)
                              .\CortexM0\ARM_GCC_541\Debug\cyfitter_cfg.o (CySysClkWriteImoFreq)
.\CortexM0\ARM_GCC_541\Debug\Slave.a(StripLights.o)
                              .\CortexM0\ARM_GCC_541\Debug\main.o (StripLights_Trigger)
.\CortexM0\ARM_GCC_541\Debug\Slave.a(StripLights_fonts.o)
                              .\CortexM0\ARM_GCC_541\Debug\Slave.a(StripLights.o) (StripLights_SetFont)
.\CortexM0\ARM_GCC_541\Debug\Slave.a(StripLights_cisr.o)
                              .\CortexM0\ARM_GCC_541\Debug\Slave.a(StripLights.o) (StripLights_cisr_SetPriority)
.\CortexM0\ARM_GCC_541\Debug\Slave.a(StripLights_fisr.o)
                              .\CortexM0\ARM_GCC_541\Debug\Slave.a(StripLights.o) (StripLights_fisr_SetPriority)
.\CortexM0\ARM_GCC_541\Debug\Slave.a(Button.o)
                              .\CortexM0\ARM_GCC_541\Debug\main.o (Button_Read)
.\CortexM0\ARM_GCC_541\Debug\Slave.a(CyBootAsmGnu.o)
                              .\CortexM0\ARM_GCC_541\Debug\Slave.a(CyLib.o) (CyDelayCycles)
.\CortexM0\ARM_GCC_541\Debug\Slave.a(I2CS_I2C_INT.o)
                              .\CortexM0\ARM_GCC_541\Debug\Slave.a(I2CS_I2C.o) (I2CS_I2C_ISR)
c:/program files (x86)/cypress/psoc creator/4.1/psoc creator/import/gnu/arm/5.4.1/bin/../lib/gcc/arm-none-eabi/5.4.1/armv6-m\libgcc.a(_udivsi3.o)
                              .\CortexM0\ARM_GCC_541\Debug\Slave.a(CyLib.o) (__aeabi_uidiv)
c:/program files (x86)/cypress/psoc creator/4.1/psoc creator/import/gnu/arm/5.4.1/bin/../lib/gcc/arm-none-eabi/5.4.1/armv6-m\libgcc.a(_dvmd_tls.o)
                              c:/program files (x86)/cypress/psoc creator/4.1/psoc creator/import/gnu/arm/5.4.1/bin/../lib/gcc/arm-none-eabi/5.4.1/armv6-m\libgcc.a(_udivsi3.o) (__aeabi_idiv0)
c:/program files (x86)/cypress/psoc creator/4.1/psoc creator/import/gnu/arm/5.4.1/bin/../lib/gcc/arm-none-eabi/5.4.1/../../../../arm-none-eabi/lib/armv6-m\libg_nano.a(lib_a-errno.o)
                              .\CortexM0\ARM_GCC_541\Debug\Cm0Start.o (__errno)
c:/program files (x86)/cypress/psoc creator/4.1/psoc creator/import/gnu/arm/5.4.1/bin/../lib/gcc/arm-none-eabi/5.4.1/../../../../arm-none-eabi/lib/armv6-m\libg_nano.a(lib_a-exit.o)
                              c:/program files (x86)/cypress/psoc creator/4.1/psoc creator/import/gnu/arm/5.4.1/bin/../lib/gcc/arm-none-eabi/5.4.1/../../../../arm-none-eabi/lib/armv6-m/crt0.o (exit)
c:/program files (x86)/cypress/psoc creator/4.1/psoc creator/import/gnu/arm/5.4.1/bin/../lib/gcc/arm-none-eabi/5.4.1/../../../../arm-none-eabi/lib/armv6-m\libg_nano.a(lib_a-impure.o)
                              c:/program files (x86)/cypress/psoc creator/4.1/psoc creator/import/gnu/arm/5.4.1/bin/../lib/gcc/arm-none-eabi/5.4.1/../../../../arm-none-eabi/lib/armv6-m\libg_nano.a(lib_a-exit.o) (_global_impure_ptr)
c:/program files (x86)/cypress/psoc creator/4.1/psoc creator/import/gnu/arm/5.4.1/bin/../lib/gcc/arm-none-eabi/5.4.1/../../../../arm-none-eabi/lib/armv6-m\libg_nano.a(lib_a-init.o)
                              c:/program files (x86)/cypress/psoc creator/4.1/psoc creator/import/gnu/arm/5.4.1/bin/../lib/gcc/arm-none-eabi/5.4.1/../../../../arm-none-eabi/lib/armv6-m/crt0.o (__libc_init_array)
c:/program files (x86)/cypress/psoc creator/4.1/psoc creator/import/gnu/arm/5.4.1/bin/../lib/gcc/arm-none-eabi/5.4.1/../../../../arm-none-eabi/lib/armv6-m\libg_nano.a(lib_a-memcpy-stub.o)
                              .\CortexM0\ARM_GCC_541\Debug\cyfitter_cfg.o (memcpy)
c:/program files (x86)/cypress/psoc creator/4.1/psoc creator/import/gnu/arm/5.4.1/bin/../lib/gcc/arm-none-eabi/5.4.1/../../../../arm-none-eabi/lib/armv6-m\libg_nano.a(lib_a-memset.o)
                              c:/program files (x86)/cypress/psoc creator/4.1/psoc creator/import/gnu/arm/5.4.1/bin/../lib/gcc/arm-none-eabi/5.4.1/../../../../arm-none-eabi/lib/armv6-m/crt0.o (memset)

Allocating common symbols
Common symbol       size              file

StripLights_ledArray
                    0xb4              .\CortexM0\ARM_GCC_541\Debug\Slave.a(StripLights.o)
I2CS_state          0x1               .\CortexM0\ARM_GCC_541\Debug\Slave.a(I2CS_I2C.o)
I2CS_slRdBufIndex   0x4               .\CortexM0\ARM_GCC_541\Debug\Slave.a(I2CS_I2C_SLAVE.o)
i2cWriteBuffer      0x20              .\CortexM0\ARM_GCC_541\Debug\main.o
I2CS_slWrBufIndex   0x4               .\CortexM0\ARM_GCC_541\Debug\Slave.a(I2CS_I2C_SLAVE.o)
StripLights_fontX   0x4               .\CortexM0\ARM_GCC_541\Debug\Slave.a(StripLights_fonts.o)
I2CS_slWrBufSize    0x4               .\CortexM0\ARM_GCC_541\Debug\Slave.a(I2CS_I2C_SLAVE.o)
StripLights_DimMask
                    0x4               .\CortexM0\ARM_GCC_541\Debug\Slave.a(StripLights.o)
StripLights_DimShift
                    0x4               .\CortexM0\ARM_GCC_541\Debug\Slave.a(StripLights.o)
I2CS_slRdBufSize    0x4               .\CortexM0\ARM_GCC_541\Debug\Slave.a(I2CS_I2C_SLAVE.o)
I2CS_slRdBufPtr     0x4               .\CortexM0\ARM_GCC_541\Debug\Slave.a(I2CS_I2C_SLAVE.o)
I2CS_slStatus       0x1               .\CortexM0\ARM_GCC_541\Debug\Slave.a(I2CS_I2C_SLAVE.o)
StripLights_refreshComplete
                    0x4               .\CortexM0\ARM_GCC_541\Debug\Slave.a(StripLights.o)
StripLights_fontOffset
                    0x4               .\CortexM0\ARM_GCC_541\Debug\Slave.a(StripLights_fonts.o)
I2CS_slRdBufIndexTmp
                    0x4               .\CortexM0\ARM_GCC_541\Debug\Slave.a(I2CS_I2C_SLAVE.o)
StripLights_fontPtr
                    0x4               .\CortexM0\ARM_GCC_541\Debug\Slave.a(StripLights_fonts.o)
I2CS_slWrBufPtr     0x4               .\CortexM0\ARM_GCC_541\Debug\Slave.a(I2CS_I2C_SLAVE.o)
I2CS_slOverFlowCount
                    0x1               .\CortexM0\ARM_GCC_541\Debug\Slave.a(I2CS_I2C_SLAVE.o)
StripLights_fontY   0x4               .\CortexM0\ARM_GCC_541\Debug\Slave.a(StripLights_fonts.o)

Discarded input sections

 .text          0x00000000        0x0 c:/program files (x86)/cypress/psoc creator/4.1/psoc creator/import/gnu/arm/5.4.1/bin/../lib/gcc/arm-none-eabi/5.4.1/armv6-m/crti.o
 .data          0x00000000        0x0 c:/program files (x86)/cypress/psoc creator/4.1/psoc creator/import/gnu/arm/5.4.1/bin/../lib/gcc/arm-none-eabi/5.4.1/armv6-m/crti.o
 .bss           0x00000000        0x0 c:/program files (x86)/cypress/psoc creator/4.1/psoc creator/import/gnu/arm/5.4.1/bin/../lib/gcc/arm-none-eabi/5.4.1/armv6-m/crti.o
 .data          0x00000000        0x4 c:/program files (x86)/cypress/psoc creator/4.1/psoc creator/import/gnu/arm/5.4.1/bin/../lib/gcc/arm-none-eabi/5.4.1/armv6-m/crtbegin.o
 .text          0x00000000       0x78 c:/program files (x86)/cypress/psoc creator/4.1/psoc creator/import/gnu/arm/5.4.1/bin/../lib/gcc/arm-none-eabi/5.4.1/../../../../arm-none-eabi/lib/armv6-m/crt0.o
 .data          0x00000000        0x0 c:/program files (x86)/cypress/psoc creator/4.1/psoc creator/import/gnu/arm/5.4.1/bin/../lib/gcc/arm-none-eabi/5.4.1/../../../../arm-none-eabi/lib/armv6-m/crt0.o
 .bss           0x00000000        0x0 c:/program files (x86)/cypress/psoc creator/4.1/psoc creator/import/gnu/arm/5.4.1/bin/../lib/gcc/arm-none-eabi/5.4.1/../../../../arm-none-eabi/lib/armv6-m/crt0.o
 .ARM.extab     0x00000000        0x0 c:/program files (x86)/cypress/psoc creator/4.1/psoc creator/import/gnu/arm/5.4.1/bin/../lib/gcc/arm-none-eabi/5.4.1/../../../../arm-none-eabi/lib/armv6-m/crt0.o
 .ARM.exidx     0x00000000        0x8 c:/program files (x86)/cypress/psoc creator/4.1/psoc creator/import/gnu/arm/5.4.1/bin/../lib/gcc/arm-none-eabi/5.4.1/../../../../arm-none-eabi/lib/armv6-m/crt0.o
 .text          0x00000000        0x0 .\CortexM0\ARM_GCC_541\Debug\main.o
 .text.SetTileColor
                0x00000000       0x48 .\CortexM0\ARM_GCC_541\Debug\main.o
 .text          0x00000000        0x0 .\CortexM0\ARM_GCC_541\Debug\cyfitter_cfg.o
 .data          0x00000000        0x0 .\CortexM0\ARM_GCC_541\Debug\cyfitter_cfg.o
 .bss           0x00000000        0x0 .\CortexM0\ARM_GCC_541\Debug\cyfitter_cfg.o
 .text.CYCONFIGCPY
                0x00000000       0x20 .\CortexM0\ARM_GCC_541\Debug\cyfitter_cfg.o
 .text.CYCONFIGCPYCODE
                0x00000000       0x20 .\CortexM0\ARM_GCC_541\Debug\cyfitter_cfg.o
 .text          0x00000000        0x0 .\CortexM0\ARM_GCC_541\Debug\cymetadata.o
 .data          0x00000000        0x0 .\CortexM0\ARM_GCC_541\Debug\cymetadata.o
 .bss           0x00000000        0x0 .\CortexM0\ARM_GCC_541\Debug\cymetadata.o
 .text          0x00000000        0x0 .\CortexM0\ARM_GCC_541\Debug\Cm0Start.o
 .data          0x00000000        0x4 .\CortexM0\ARM_GCC_541\Debug\Cm0Start.o
 .bss           0x00000000        0x0 .\CortexM0\ARM_GCC_541\Debug\Cm0Start.o
 .text._exit    0x00000000       0x14 .\CortexM0\ARM_GCC_541\Debug\Cm0Start.o
 .text._sbrk    0x00000000       0x54 .\CortexM0\ARM_GCC_541\Debug\Cm0Start.o
 .text          0x00000000        0x0 .\CortexM0\ARM_GCC_541\Debug\Slave.a(LED_RED.o)
 .data          0x00000000        0x0 .\CortexM0\ARM_GCC_541\Debug\Slave.a(LED_RED.o)
 .bss           0x00000000        0x0 .\CortexM0\ARM_GCC_541\Debug\Slave.a(LED_RED.o)
 .text.LED_RED_SetDriveMode
                0x00000000       0x30 .\CortexM0\ARM_GCC_541\Debug\Slave.a(LED_RED.o)
 .text.LED_RED_Read
                0x00000000       0x1c .\CortexM0\ARM_GCC_541\Debug\Slave.a(LED_RED.o)
 .text.LED_RED_ReadDataReg
                0x00000000       0x1c .\CortexM0\ARM_GCC_541\Debug\Slave.a(LED_RED.o)
 .text.LED_RED_SetInterruptMode
                0x00000000       0x44 .\CortexM0\ARM_GCC_541\Debug\Slave.a(LED_RED.o)
 .text.LED_RED_ClearInterrupt
                0x00000000       0x30 .\CortexM0\ARM_GCC_541\Debug\Slave.a(LED_RED.o)
 .text          0x00000000        0x0 .\CortexM0\ARM_GCC_541\Debug\Slave.a(LED_GREEN.o)
 .data          0x00000000        0x0 .\CortexM0\ARM_GCC_541\Debug\Slave.a(LED_GREEN.o)
 .bss           0x00000000        0x0 .\CortexM0\ARM_GCC_541\Debug\Slave.a(LED_GREEN.o)
 .text.LED_GREEN_SetDriveMode
                0x00000000       0x30 .\CortexM0\ARM_GCC_541\Debug\Slave.a(LED_GREEN.o)
 .text.LED_GREEN_Read
                0x00000000       0x1c .\CortexM0\ARM_GCC_541\Debug\Slave.a(LED_GREEN.o)
 .text.LED_GREEN_ReadDataReg
                0x00000000       0x1c .\CortexM0\ARM_GCC_541\Debug\Slave.a(LED_GREEN.o)
 .text.LED_GREEN_SetInterruptMode
                0x00000000       0x44 .\CortexM0\ARM_GCC_541\Debug\Slave.a(LED_GREEN.o)
 .text.LED_GREEN_ClearInterrupt
                0x00000000       0x30 .\CortexM0\ARM_GCC_541\Debug\Slave.a(LED_GREEN.o)
 .text          0x00000000        0x0 .\CortexM0\ARM_GCC_541\Debug\Slave.a(LED_BLUE.o)
 .data          0x00000000        0x0 .\CortexM0\ARM_GCC_541\Debug\Slave.a(LED_BLUE.o)
 .bss           0x00000000        0x0 .\CortexM0\ARM_GCC_541\Debug\Slave.a(LED_BLUE.o)
 .text.LED_BLUE_SetDriveMode
                0x00000000       0x30 .\CortexM0\ARM_GCC_541\Debug\Slave.a(LED_BLUE.o)
 .text.LED_BLUE_Read
                0x00000000       0x1c .\CortexM0\ARM_GCC_541\Debug\Slave.a(LED_BLUE.o)
 .text.LED_BLUE_ReadDataReg
                0x00000000       0x1c .\CortexM0\ARM_GCC_541\Debug\Slave.a(LED_BLUE.o)
 .text.LED_BLUE_SetInterruptMode
                0x00000000       0x44 .\CortexM0\ARM_GCC_541\Debug\Slave.a(LED_BLUE.o)
 .text.LED_BLUE_ClearInterrupt
                0x00000000       0x30 .\CortexM0\ARM_GCC_541\Debug\Slave.a(LED_BLUE.o)
 .text          0x00000000        0x0 .\CortexM0\ARM_GCC_541\Debug\Slave.a(I2CS.o)
 .data          0x00000000        0x0 .\CortexM0\ARM_GCC_541\Debug\Slave.a(I2CS.o)
 .text.I2CS_Stop
                0x00000000       0x34 .\CortexM0\ARM_GCC_541\Debug\Slave.a(I2CS.o)
 .text.I2CS_SetRxFifoLevel
                0x00000000       0x34 .\CortexM0\ARM_GCC_541\Debug\Slave.a(I2CS.o)
 .text.I2CS_SetTxFifoLevel
                0x00000000       0x34 .\CortexM0\ARM_GCC_541\Debug\Slave.a(I2CS.o)
 .text.I2CS_SetCustomInterruptHandler
                0x00000000       0x1c .\CortexM0\ARM_GCC_541\Debug\Slave.a(I2CS.o)
 .text.I2CS_ScbModeStop
                0x00000000       0x10 .\CortexM0\ARM_GCC_541\Debug\Slave.a(I2CS.o)
 .text          0x00000000        0x0 .\CortexM0\ARM_GCC_541\Debug\Slave.a(I2CS_I2C.o)
 .data          0x00000000        0x0 .\CortexM0\ARM_GCC_541\Debug\Slave.a(I2CS_I2C.o)
 .bss           0x00000000        0x0 .\CortexM0\ARM_GCC_541\Debug\Slave.a(I2CS_I2C.o)
 .text.I2CS_I2CStop
                0x00000000       0x14 .\CortexM0\ARM_GCC_541\Debug\Slave.a(I2CS_I2C.o)
 .text          0x00000000        0x0 .\CortexM0\ARM_GCC_541\Debug\Slave.a(I2CS_I2C_SLAVE.o)
 .data          0x00000000        0x0 .\CortexM0\ARM_GCC_541\Debug\Slave.a(I2CS_I2C_SLAVE.o)
 .bss           0x00000000        0x0 .\CortexM0\ARM_GCC_541\Debug\Slave.a(I2CS_I2C_SLAVE.o)
 .text.I2CS_I2CSlaveSetAddressMask
                0x00000000       0x38 .\CortexM0\ARM_GCC_541\Debug\Slave.a(I2CS_I2C_SLAVE.o)
 .text.I2CS_I2CSlaveGetReadBufSize
                0x00000000       0x14 .\CortexM0\ARM_GCC_541\Debug\Slave.a(I2CS_I2C_SLAVE.o)
 .text          0x00000000        0x0 .\CortexM0\ARM_GCC_541\Debug\Slave.a(CyLib.o)
 .bss           0x00000000       0x18 .\CortexM0\ARM_GCC_541\Debug\Slave.a(CyLib.o)
 .text.CySysClkImoStart
                0x00000000       0x1c .\CortexM0\ARM_GCC_541\Debug\Slave.a(CyLib.o)
 .text.CySysClkImoStop
                0x00000000       0x1c .\CortexM0\ARM_GCC_541\Debug\Slave.a(CyLib.o)
 .text.CySysClkWriteHfclkDirect
                0x00000000       0x48 .\CortexM0\ARM_GCC_541\Debug\Slave.a(CyLib.o)
 .text.CySysEnablePumpClock
                0x00000000       0x50 .\CortexM0\ARM_GCC_541\Debug\Slave.a(CyLib.o)
 .text.CySysClkGetSysclkSource
                0x00000000       0x34 .\CortexM0\ARM_GCC_541\Debug\Slave.a(CyLib.o)
 .text.CySysClkWriteSysclkDiv
                0x00000000       0x48 .\CortexM0\ARM_GCC_541\Debug\Slave.a(CyLib.o)
 .text.CySysLvdEnable
                0x00000000       0x64 .\CortexM0\ARM_GCC_541\Debug\Slave.a(CyLib.o)
 .text.CySysLvdDisable
                0x00000000       0x2c .\CortexM0\ARM_GCC_541\Debug\Slave.a(CyLib.o)
 .text.CySysLvdGetInterruptSource
                0x00000000       0x18 .\CortexM0\ARM_GCC_541\Debug\Slave.a(CyLib.o)
 .text.CySysLvdClearInterrupt
                0x00000000       0x14 .\CortexM0\ARM_GCC_541\Debug\Slave.a(CyLib.o)
 .text.CySysGetResetReason
                0x00000000       0x30 .\CortexM0\ARM_GCC_541\Debug\Slave.a(CyLib.o)
 .text.CyDisableInts
                0x00000000       0x24 .\CortexM0\ARM_GCC_541\Debug\Slave.a(CyLib.o)
 .text.CyEnableInts
                0x00000000       0x1c .\CortexM0\ARM_GCC_541\Debug\Slave.a(CyLib.o)
 .text.CyIntSetSysVector
                0x00000000       0x48 .\CortexM0\ARM_GCC_541\Debug\Slave.a(CyLib.o)
 .text.CyIntGetSysVector
                0x00000000       0x34 .\CortexM0\ARM_GCC_541\Debug\Slave.a(CyLib.o)
 .text.CyIntGetVector
                0x00000000       0x38 .\CortexM0\ARM_GCC_541\Debug\Slave.a(CyLib.o)
 .text.CyIntGetPriority
                0x00000000       0x58 .\CortexM0\ARM_GCC_541\Debug\Slave.a(CyLib.o)
 .text.CyIntGetState
                0x00000000       0x30 .\CortexM0\ARM_GCC_541\Debug\Slave.a(CyLib.o)
 .text.CyIntSetPending
                0x00000000       0x2c .\CortexM0\ARM_GCC_541\Debug\Slave.a(CyLib.o)
 .text.CyIntClearPending
                0x00000000       0x2c .\CortexM0\ARM_GCC_541\Debug\Slave.a(CyLib.o)
 .text.CySoftwareReset
                0x00000000       0x24 .\CortexM0\ARM_GCC_541\Debug\Slave.a(CyLib.o)
 .text.CyDelay  0x00000000       0x4c .\CortexM0\ARM_GCC_541\Debug\Slave.a(CyLib.o)
 .text.CyDelayFreq
                0x00000000       0x84 .\CortexM0\ARM_GCC_541\Debug\Slave.a(CyLib.o)
 .text.CySysTickStart
                0x00000000       0x24 .\CortexM0\ARM_GCC_541\Debug\Slave.a(CyLib.o)
 .text.CySysTickInit
                0x00000000       0x5c .\CortexM0\ARM_GCC_541\Debug\Slave.a(CyLib.o)
 .text.CySysTickEnable
                0x00000000       0x20 .\CortexM0\ARM_GCC_541\Debug\Slave.a(CyLib.o)
 .text.CySysTickStop
                0x00000000       0x1c .\CortexM0\ARM_GCC_541\Debug\Slave.a(CyLib.o)
 .text.CySysTickEnableInterrupt
                0x00000000       0x1c .\CortexM0\ARM_GCC_541\Debug\Slave.a(CyLib.o)
 .text.CySysTickDisableInterrupt
                0x00000000       0x1c .\CortexM0\ARM_GCC_541\Debug\Slave.a(CyLib.o)
 .text.CySysTickSetReload
                0x00000000       0x20 .\CortexM0\ARM_GCC_541\Debug\Slave.a(CyLib.o)
 .text.CySysTickGetReload
                0x00000000       0x18 .\CortexM0\ARM_GCC_541\Debug\Slave.a(CyLib.o)
 .text.CySysTickGetValue
                0x00000000       0x18 .\CortexM0\ARM_GCC_541\Debug\Slave.a(CyLib.o)
 .text.CySysTickGetCountFlag
                0x00000000       0x18 .\CortexM0\ARM_GCC_541\Debug\Slave.a(CyLib.o)
 .text.CySysTickClear
                0x00000000       0x14 .\CortexM0\ARM_GCC_541\Debug\Slave.a(CyLib.o)
 .text.CySysTickSetCallback
                0x00000000       0x2c .\CortexM0\ARM_GCC_541\Debug\Slave.a(CyLib.o)
 .text.CySysTickGetCallback
                0x00000000       0x1c .\CortexM0\ARM_GCC_541\Debug\Slave.a(CyLib.o)
 .text.CySysTickServiceCallbacks
                0x00000000       0x44 .\CortexM0\ARM_GCC_541\Debug\Slave.a(CyLib.o)
 .text.CyGetUniqueId
                0x00000000       0xc0 .\CortexM0\ARM_GCC_541\Debug\Slave.a(CyLib.o)
 .text          0x00000000        0x0 .\CortexM0\ARM_GCC_541\Debug\Slave.a(StripLights.o)
 .data          0x00000000        0x0 .\CortexM0\ARM_GCC_541\Debug\Slave.a(StripLights.o)
 .bss           0x00000000       0x20 .\CortexM0\ARM_GCC_541\Debug\Slave.a(StripLights.o)
 .rodata        0x00000000      0x2e0 .\CortexM0\ARM_GCC_541\Debug\Slave.a(StripLights.o)
 .text.StripLights_Start
                0x00000000       0x9c .\CortexM0\ARM_GCC_541\Debug\Slave.a(StripLights.o)
 .text.StripLights_SetCriticalFuncs
                0x00000000       0x28 .\CortexM0\ARM_GCC_541\Debug\Slave.a(StripLights.o)
 .text.StripLights_TriggerWaitDelay
                0x00000000       0x84 .\CortexM0\ARM_GCC_541\Debug\Slave.a(StripLights.o)
 .text.StripLights_TriggerWait
                0x00000000       0x48 .\CortexM0\ARM_GCC_541\Debug\Slave.a(StripLights.o)
 .text.StripLights_Trigger
                0x00000000       0xb0 .\CortexM0\ARM_GCC_541\Debug\Slave.a(StripLights.o)
 .text.StripLights_Ready
                0x00000000       0x28 .\CortexM0\ARM_GCC_541\Debug\Slave.a(StripLights.o)
 .text.StripLights_Stop
                0x00000000       0x14 .\CortexM0\ARM_GCC_541\Debug\Slave.a(StripLights.o)
 .text.StripLights_getColor
                0x00000000       0x20 .\CortexM0\ARM_GCC_541\Debug\Slave.a(StripLights.o)
 .text.StripLights_ColorInc
                0x00000000       0x48 .\CortexM0\ARM_GCC_541\Debug\Slave.a(StripLights.o)
 .text.StripLights_FISR
                0x00000000       0xbc .\CortexM0\ARM_GCC_541\Debug\Slave.a(StripLights.o)
 .text.StripLights_CISR
                0x00000000       0xd4 .\CortexM0\ARM_GCC_541\Debug\Slave.a(StripLights.o)
 .text.StripLights_DisplayClear
                0x00000000       0x20 .\CortexM0\ARM_GCC_541\Debug\Slave.a(StripLights.o)
 .text.StripLights_MemClear
                0x00000000       0x50 .\CortexM0\ARM_GCC_541\Debug\Slave.a(StripLights.o)
 .text.StripLights_WriteColor
                0x00000000       0x4c .\CortexM0\ARM_GCC_541\Debug\Slave.a(StripLights.o)
 .text.StripLights_Pixel
                0x00000000       0x5c .\CortexM0\ARM_GCC_541\Debug\Slave.a(StripLights.o)
 .text.StripLights_GetPixel
                0x00000000       0x60 .\CortexM0\ARM_GCC_541\Debug\Slave.a(StripLights.o)
 .text.StripLights_DrawCircle
                0x00000000      0x150 .\CortexM0\ARM_GCC_541\Debug\Slave.a(StripLights.o)
 .text.StripLights_DrawLine
                0x00000000      0x104 .\CortexM0\ARM_GCC_541\Debug\Slave.a(StripLights.o)
 .text.StripLights_DrawRect
                0x00000000       0xb8 .\CortexM0\ARM_GCC_541\Debug\Slave.a(StripLights.o)
 .text.StripLights_Dim
                0x00000000       0x88 .\CortexM0\ARM_GCC_541\Debug\Slave.a(StripLights.o)
 .text.StripLights_Bplot8
                0x00000000       0x94 .\CortexM0\ARM_GCC_541\Debug\Slave.a(StripLights.o)
 .text.StripLights_Bplot32
                0x00000000       0x94 .\CortexM0\ARM_GCC_541\Debug\Slave.a(StripLights.o)
 .text.StripLights_RgbBlend
                0x00000000       0xb8 .\CortexM0\ARM_GCC_541\Debug\Slave.a(StripLights.o)
 COMMON         0x00000000       0xc0 .\CortexM0\ARM_GCC_541\Debug\Slave.a(StripLights.o)
 .text          0x00000000        0x0 .\CortexM0\ARM_GCC_541\Debug\Slave.a(StripLights_fonts.o)
 .data          0x00000000        0x0 .\CortexM0\ARM_GCC_541\Debug\Slave.a(StripLights_fonts.o)
 .bss           0x00000000        0x0 .\CortexM0\ARM_GCC_541\Debug\Slave.a(StripLights_fonts.o)
 .rodata        0x00000000      0x1e0 .\CortexM0\ARM_GCC_541\Debug\Slave.a(StripLights_fonts.o)
 .text.StripLights_SetFont
                0x00000000       0x60 .\CortexM0\ARM_GCC_541\Debug\Slave.a(StripLights_fonts.o)
 .text.StripLights_PrintString
                0x00000000       0xf4 .\CortexM0\ARM_GCC_541\Debug\Slave.a(StripLights_fonts.o)
 .text.StripLights_PutChar
                0x00000000       0xdc .\CortexM0\ARM_GCC_541\Debug\Slave.a(StripLights_fonts.o)
 COMMON         0x00000000       0x10 .\CortexM0\ARM_GCC_541\Debug\Slave.a(StripLights_fonts.o)
 .text          0x00000000        0x0 .\CortexM0\ARM_GCC_541\Debug\Slave.a(StripLights_cisr.o)
 .data          0x00000000        0x0 .\CortexM0\ARM_GCC_541\Debug\Slave.a(StripLights_cisr.o)
 .bss           0x00000000        0x0 .\CortexM0\ARM_GCC_541\Debug\Slave.a(StripLights_cisr.o)
 .text.StripLights_cisr_Start
                0x00000000       0x24 .\CortexM0\ARM_GCC_541\Debug\Slave.a(StripLights_cisr.o)
 .text.StripLights_cisr_StartEx
                0x00000000       0x28 .\CortexM0\ARM_GCC_541\Debug\Slave.a(StripLights_cisr.o)
 .text.StripLights_cisr_Stop
                0x00000000       0x1c .\CortexM0\ARM_GCC_541\Debug\Slave.a(StripLights_cisr.o)
 .text.StripLights_cisr_Interrupt
                0x00000000        0xc .\CortexM0\ARM_GCC_541\Debug\Slave.a(StripLights_cisr.o)
 .text.StripLights_cisr_SetVector
                0x00000000       0x1c .\CortexM0\ARM_GCC_541\Debug\Slave.a(StripLights_cisr.o)
 .text.StripLights_cisr_GetVector
                0x00000000       0x14 .\CortexM0\ARM_GCC_541\Debug\Slave.a(StripLights_cisr.o)
 .text.StripLights_cisr_SetPriority
                0x00000000       0x50 .\CortexM0\ARM_GCC_541\Debug\Slave.a(StripLights_cisr.o)
 .text.StripLights_cisr_GetPriority
                0x00000000       0x2c .\CortexM0\ARM_GCC_541\Debug\Slave.a(StripLights_cisr.o)
 .text.StripLights_cisr_Enable
                0x00000000       0x14 .\CortexM0\ARM_GCC_541\Debug\Slave.a(StripLights_cisr.o)
 .text.StripLights_cisr_GetState
                0x00000000       0x1c .\CortexM0\ARM_GCC_541\Debug\Slave.a(StripLights_cisr.o)
 .text.StripLights_cisr_Disable
                0x00000000       0x14 .\CortexM0\ARM_GCC_541\Debug\Slave.a(StripLights_cisr.o)
 .text.StripLights_cisr_SetPending
                0x00000000       0x14 .\CortexM0\ARM_GCC_541\Debug\Slave.a(StripLights_cisr.o)
 .text.StripLights_cisr_ClearPending
                0x00000000       0x14 .\CortexM0\ARM_GCC_541\Debug\Slave.a(StripLights_cisr.o)
 .text          0x00000000        0x0 .\CortexM0\ARM_GCC_541\Debug\Slave.a(StripLights_fisr.o)
 .data          0x00000000        0x0 .\CortexM0\ARM_GCC_541\Debug\Slave.a(StripLights_fisr.o)
 .bss           0x00000000        0x0 .\CortexM0\ARM_GCC_541\Debug\Slave.a(StripLights_fisr.o)
 .text.StripLights_fisr_Start
                0x00000000       0x24 .\CortexM0\ARM_GCC_541\Debug\Slave.a(StripLights_fisr.o)
 .text.StripLights_fisr_StartEx
                0x00000000       0x28 .\CortexM0\ARM_GCC_541\Debug\Slave.a(StripLights_fisr.o)
 .text.StripLights_fisr_Stop
                0x00000000       0x1c .\CortexM0\ARM_GCC_541\Debug\Slave.a(StripLights_fisr.o)
 .text.StripLights_fisr_Interrupt
                0x00000000        0xc .\CortexM0\ARM_GCC_541\Debug\Slave.a(StripLights_fisr.o)
 .text.StripLights_fisr_SetVector
                0x00000000       0x1c .\CortexM0\ARM_GCC_541\Debug\Slave.a(StripLights_fisr.o)
 .text.StripLights_fisr_GetVector
                0x00000000       0x14 .\CortexM0\ARM_GCC_541\Debug\Slave.a(StripLights_fisr.o)
 .text.StripLights_fisr_SetPriority
                0x00000000       0x50 .\CortexM0\ARM_GCC_541\Debug\Slave.a(StripLights_fisr.o)
 .text.StripLights_fisr_GetPriority
                0x00000000       0x2c .\CortexM0\ARM_GCC_541\Debug\Slave.a(StripLights_fisr.o)
 .text.StripLights_fisr_Enable
                0x00000000       0x14 .\CortexM0\ARM_GCC_541\Debug\Slave.a(StripLights_fisr.o)
 .text.StripLights_fisr_GetState
                0x00000000       0x20 .\CortexM0\ARM_GCC_541\Debug\Slave.a(StripLights_fisr.o)
 .text.StripLights_fisr_Disable
                0x00000000       0x14 .\CortexM0\ARM_GCC_541\Debug\Slave.a(StripLights_fisr.o)
 .text.StripLights_fisr_SetPending
                0x00000000       0x14 .\CortexM0\ARM_GCC_541\Debug\Slave.a(StripLights_fisr.o)
 .text.StripLights_fisr_ClearPending
                0x00000000       0x14 .\CortexM0\ARM_GCC_541\Debug\Slave.a(StripLights_fisr.o)
 .text          0x00000000        0x0 .\CortexM0\ARM_GCC_541\Debug\Slave.a(Button.o)
 .data          0x00000000        0x0 .\CortexM0\ARM_GCC_541\Debug\Slave.a(Button.o)
 .bss           0x00000000        0x0 .\CortexM0\ARM_GCC_541\Debug\Slave.a(Button.o)
 .text.Button_SetDriveMode
                0x00000000       0x30 .\CortexM0\ARM_GCC_541\Debug\Slave.a(Button.o)
 .text.Button_Write
                0x00000000       0x48 .\CortexM0\ARM_GCC_541\Debug\Slave.a(Button.o)
 .text.Button_ReadDataReg
                0x00000000       0x1c .\CortexM0\ARM_GCC_541\Debug\Slave.a(Button.o)
 .text.Button_SetInterruptMode
                0x00000000       0x44 .\CortexM0\ARM_GCC_541\Debug\Slave.a(Button.o)
 .text.Button_ClearInterrupt
                0x00000000       0x30 .\CortexM0\ARM_GCC_541\Debug\Slave.a(Button.o)
 .data          0x00000000        0x0 .\CortexM0\ARM_GCC_541\Debug\Slave.a(CyBootAsmGnu.o)
 .bss           0x00000000        0x0 .\CortexM0\ARM_GCC_541\Debug\Slave.a(CyBootAsmGnu.o)
 .text          0x00000000        0x0 .\CortexM0\ARM_GCC_541\Debug\Slave.a(I2CS_I2C_INT.o)
 .data          0x00000000        0x0 .\CortexM0\ARM_GCC_541\Debug\Slave.a(I2CS_I2C_INT.o)
 .bss           0x00000000        0x0 .\CortexM0\ARM_GCC_541\Debug\Slave.a(I2CS_I2C_INT.o)
 .text          0x00000000      0x114 c:/program files (x86)/cypress/psoc creator/4.1/psoc creator/import/gnu/arm/5.4.1/bin/../lib/gcc/arm-none-eabi/5.4.1/armv6-m\libgcc.a(_udivsi3.o)
 .data          0x00000000        0x0 c:/program files (x86)/cypress/psoc creator/4.1/psoc creator/import/gnu/arm/5.4.1/bin/../lib/gcc/arm-none-eabi/5.4.1/armv6-m\libgcc.a(_udivsi3.o)
 .bss           0x00000000        0x0 c:/program files (x86)/cypress/psoc creator/4.1/psoc creator/import/gnu/arm/5.4.1/bin/../lib/gcc/arm-none-eabi/5.4.1/armv6-m\libgcc.a(_udivsi3.o)
 .text          0x00000000        0x4 c:/program files (x86)/cypress/psoc creator/4.1/psoc creator/import/gnu/arm/5.4.1/bin/../lib/gcc/arm-none-eabi/5.4.1/armv6-m\libgcc.a(_dvmd_tls.o)
 .data          0x00000000        0x0 c:/program files (x86)/cypress/psoc creator/4.1/psoc creator/import/gnu/arm/5.4.1/bin/../lib/gcc/arm-none-eabi/5.4.1/armv6-m\libgcc.a(_dvmd_tls.o)
 .bss           0x00000000        0x0 c:/program files (x86)/cypress/psoc creator/4.1/psoc creator/import/gnu/arm/5.4.1/bin/../lib/gcc/arm-none-eabi/5.4.1/armv6-m\libgcc.a(_dvmd_tls.o)
 .text          0x00000000        0x0 c:/program files (x86)/cypress/psoc creator/4.1/psoc creator/import/gnu/arm/5.4.1/bin/../lib/gcc/arm-none-eabi/5.4.1/../../../../arm-none-eabi/lib/armv6-m\libg_nano.a(lib_a-errno.o)
 .data          0x00000000        0x0 c:/program files (x86)/cypress/psoc creator/4.1/psoc creator/import/gnu/arm/5.4.1/bin/../lib/gcc/arm-none-eabi/5.4.1/../../../../arm-none-eabi/lib/armv6-m\libg_nano.a(lib_a-errno.o)
 .bss           0x00000000        0x0 c:/program files (x86)/cypress/psoc creator/4.1/psoc creator/import/gnu/arm/5.4.1/bin/../lib/gcc/arm-none-eabi/5.4.1/../../../../arm-none-eabi/lib/armv6-m\libg_nano.a(lib_a-errno.o)
 .text          0x00000000        0x0 c:/program files (x86)/cypress/psoc creator/4.1/psoc creator/import/gnu/arm/5.4.1/bin/../lib/gcc/arm-none-eabi/5.4.1/../../../../arm-none-eabi/lib/armv6-m\libg_nano.a(lib_a-exit.o)
 .data          0x00000000        0x0 c:/program files (x86)/cypress/psoc creator/4.1/psoc creator/import/gnu/arm/5.4.1/bin/../lib/gcc/arm-none-eabi/5.4.1/../../../../arm-none-eabi/lib/armv6-m\libg_nano.a(lib_a-exit.o)
 .bss           0x00000000        0x0 c:/program files (x86)/cypress/psoc creator/4.1/psoc creator/import/gnu/arm/5.4.1/bin/../lib/gcc/arm-none-eabi/5.4.1/../../../../arm-none-eabi/lib/armv6-m\libg_nano.a(lib_a-exit.o)
 .text.exit     0x00000000       0x2c c:/program files (x86)/cypress/psoc creator/4.1/psoc creator/import/gnu/arm/5.4.1/bin/../lib/gcc/arm-none-eabi/5.4.1/../../../../arm-none-eabi/lib/armv6-m\libg_nano.a(lib_a-exit.o)
 .text          0x00000000        0x0 c:/program files (x86)/cypress/psoc creator/4.1/psoc creator/import/gnu/arm/5.4.1/bin/../lib/gcc/arm-none-eabi/5.4.1/../../../../arm-none-eabi/lib/armv6-m\libg_nano.a(lib_a-impure.o)
 .data          0x00000000        0x0 c:/program files (x86)/cypress/psoc creator/4.1/psoc creator/import/gnu/arm/5.4.1/bin/../lib/gcc/arm-none-eabi/5.4.1/../../../../arm-none-eabi/lib/armv6-m\libg_nano.a(lib_a-impure.o)
 .bss           0x00000000        0x0 c:/program files (x86)/cypress/psoc creator/4.1/psoc creator/import/gnu/arm/5.4.1/bin/../lib/gcc/arm-none-eabi/5.4.1/../../../../arm-none-eabi/lib/armv6-m\libg_nano.a(lib_a-impure.o)
 .rodata._global_impure_ptr
                0x00000000        0x4 c:/program files (x86)/cypress/psoc creator/4.1/psoc creator/import/gnu/arm/5.4.1/bin/../lib/gcc/arm-none-eabi/5.4.1/../../../../arm-none-eabi/lib/armv6-m\libg_nano.a(lib_a-impure.o)
 .text          0x00000000        0x0 c:/program files (x86)/cypress/psoc creator/4.1/psoc creator/import/gnu/arm/5.4.1/bin/../lib/gcc/arm-none-eabi/5.4.1/../../../../arm-none-eabi/lib/armv6-m\libg_nano.a(lib_a-init.o)
 .data          0x00000000        0x0 c:/program files (x86)/cypress/psoc creator/4.1/psoc creator/import/gnu/arm/5.4.1/bin/../lib/gcc/arm-none-eabi/5.4.1/../../../../arm-none-eabi/lib/armv6-m\libg_nano.a(lib_a-init.o)
 .bss           0x00000000        0x0 c:/program files (x86)/cypress/psoc creator/4.1/psoc creator/import/gnu/arm/5.4.1/bin/../lib/gcc/arm-none-eabi/5.4.1/../../../../arm-none-eabi/lib/armv6-m\libg_nano.a(lib_a-init.o)
 .text          0x00000000        0x0 c:/program files (x86)/cypress/psoc creator/4.1/psoc creator/import/gnu/arm/5.4.1/bin/../lib/gcc/arm-none-eabi/5.4.1/../../../../arm-none-eabi/lib/armv6-m\libg_nano.a(lib_a-memcpy-stub.o)
 .data          0x00000000        0x0 c:/program files (x86)/cypress/psoc creator/4.1/psoc creator/import/gnu/arm/5.4.1/bin/../lib/gcc/arm-none-eabi/5.4.1/../../../../arm-none-eabi/lib/armv6-m\libg_nano.a(lib_a-memcpy-stub.o)
 .bss           0x00000000        0x0 c:/program files (x86)/cypress/psoc creator/4.1/psoc creator/import/gnu/arm/5.4.1/bin/../lib/gcc/arm-none-eabi/5.4.1/../../../../arm-none-eabi/lib/armv6-m\libg_nano.a(lib_a-memcpy-stub.o)
 .text.memcpy   0x00000000       0x12 c:/program files (x86)/cypress/psoc creator/4.1/psoc creator/import/gnu/arm/5.4.1/bin/../lib/gcc/arm-none-eabi/5.4.1/../../../../arm-none-eabi/lib/armv6-m\libg_nano.a(lib_a-memcpy-stub.o)
 .text          0x00000000        0x0 c:/program files (x86)/cypress/psoc creator/4.1/psoc creator/import/gnu/arm/5.4.1/bin/../lib/gcc/arm-none-eabi/5.4.1/../../../../arm-none-eabi/lib/armv6-m\libg_nano.a(lib_a-memset.o)
 .data          0x00000000        0x0 c:/program files (x86)/cypress/psoc creator/4.1/psoc creator/import/gnu/arm/5.4.1/bin/../lib/gcc/arm-none-eabi/5.4.1/../../../../arm-none-eabi/lib/armv6-m\libg_nano.a(lib_a-memset.o)
 .bss           0x00000000        0x0 c:/program files (x86)/cypress/psoc creator/4.1/psoc creator/import/gnu/arm/5.4.1/bin/../lib/gcc/arm-none-eabi/5.4.1/../../../../arm-none-eabi/lib/armv6-m\libg_nano.a(lib_a-memset.o)
 .text          0x00000000        0x0 c:/program files (x86)/cypress/psoc creator/4.1/psoc creator/import/gnu/arm/5.4.1/bin/../lib/gcc/arm-none-eabi/5.4.1/armv6-m/crtend.o
 .data          0x00000000        0x0 c:/program files (x86)/cypress/psoc creator/4.1/psoc creator/import/gnu/arm/5.4.1/bin/../lib/gcc/arm-none-eabi/5.4.1/armv6-m/crtend.o
 .bss           0x00000000        0x0 c:/program files (x86)/cypress/psoc creator/4.1/psoc creator/import/gnu/arm/5.4.1/bin/../lib/gcc/arm-none-eabi/5.4.1/armv6-m/crtend.o
 .text          0x00000000        0x0 c:/program files (x86)/cypress/psoc creator/4.1/psoc creator/import/gnu/arm/5.4.1/bin/../lib/gcc/arm-none-eabi/5.4.1/armv6-m/crtn.o
 .data          0x00000000        0x0 c:/program files (x86)/cypress/psoc creator/4.1/psoc creator/import/gnu/arm/5.4.1/bin/../lib/gcc/arm-none-eabi/5.4.1/armv6-m/crtn.o
 .bss           0x00000000        0x0 c:/program files (x86)/cypress/psoc creator/4.1/psoc creator/import/gnu/arm/5.4.1/bin/../lib/gcc/arm-none-eabi/5.4.1/armv6-m/crtn.o

Memory Configuration

Name             Origin             Length             Attributes
rom              0x00000000         0x00008000         xr
ram              0x20000000         0x00001000         xrw
*default*        0x00000000         0xffffffff

Linker script and memory map

LOAD c:/program files (x86)/cypress/psoc creator/4.1/psoc creator/import/gnu/arm/5.4.1/bin/../lib/gcc/arm-none-eabi/5.4.1/armv6-m/crti.o
LOAD c:/program files (x86)/cypress/psoc creator/4.1/psoc creator/import/gnu/arm/5.4.1/bin/../lib/gcc/arm-none-eabi/5.4.1/armv6-m/crtbegin.o
LOAD c:/program files (x86)/cypress/psoc creator/4.1/psoc creator/import/gnu/arm/5.4.1/bin/../lib/gcc/arm-none-eabi/5.4.1/../../../../arm-none-eabi/lib/armv6-m/crt0.o
START GROUP
LOAD .\CortexM0\ARM_GCC_541\Debug\main.o
LOAD .\CortexM0\ARM_GCC_541\Debug\cyfitter_cfg.o
LOAD .\CortexM0\ARM_GCC_541\Debug\cymetadata.o
LOAD .\CortexM0\ARM_GCC_541\Debug\Cm0Start.o
LOAD .\CortexM0\ARM_GCC_541\Debug\Slave.a
LOAD C:\Program Files (x86)\Cypress\PSoC Creator\4.1\PSoC Creator\psoc\content\cycomponentlibrary\CyComponentLibrary.cylib\CortexM0\ARM_GCC_541\Debug\CyComponentLibrary.a
END GROUP
START GROUP
LOAD c:/program files (x86)/cypress/psoc creator/4.1/psoc creator/import/gnu/arm/5.4.1/bin/../lib/gcc/arm-none-eabi/5.4.1/armv6-m\libgcc.a
LOAD c:/program files (x86)/cypress/psoc creator/4.1/psoc creator/import/gnu/arm/5.4.1/bin/../lib/gcc/arm-none-eabi/5.4.1/../../../../arm-none-eabi/lib/armv6-m\libg_nano.a
LOAD c:/program files (x86)/cypress/psoc creator/4.1/psoc creator/import/gnu/arm/5.4.1/bin/../lib/gcc/arm-none-eabi/5.4.1/../../../../arm-none-eabi/lib/armv6-m\libc_nano.a
END GROUP
START GROUP
LOAD c:/program files (x86)/cypress/psoc creator/4.1/psoc creator/import/gnu/arm/5.4.1/bin/../lib/gcc/arm-none-eabi/5.4.1/armv6-m\libgcc.a
LOAD c:/program files (x86)/cypress/psoc creator/4.1/psoc creator/import/gnu/arm/5.4.1/bin/../lib/gcc/arm-none-eabi/5.4.1/../../../../arm-none-eabi/lib/armv6-m\libc_nano.a
END GROUP
LOAD c:/program files (x86)/cypress/psoc creator/4.1/psoc creator/import/gnu/arm/5.4.1/bin/../lib/gcc/arm-none-eabi/5.4.1/armv6-m/crtend.o
LOAD c:/program files (x86)/cypress/psoc creator/4.1/psoc creator/import/gnu/arm/5.4.1/bin/../lib/gcc/arm-none-eabi/5.4.1/armv6-m/crtn.o
START GROUP
LOAD c:/program files (x86)/cypress/psoc creator/4.1/psoc creator/import/gnu/arm/5.4.1/bin/../lib/gcc/arm-none-eabi/5.4.1/armv6-m\libgcc.a
LOAD c:/program files (x86)/cypress/psoc creator/4.1/psoc creator/import/gnu/arm/5.4.1/bin/../lib/gcc/arm-none-eabi/5.4.1/../../../../arm-none-eabi/lib/armv6-m\libc.a
LOAD c:/program files (x86)/cypress/psoc creator/4.1/psoc creator/import/gnu/arm/5.4.1/bin/../lib/gcc/arm-none-eabi/5.4.1/../../../../arm-none-eabi/lib/armv6-m\libnosys.a
END GROUP
                0x00000000                CY_APPL_ORIGIN = 0x0
                0x00000080                CY_FLASH_ROW_SIZE = 0x80
                0x00000001                CY_APPL_NUM = 0x1
                0x00000001                CY_APPL_MAX = 0x1
                0x00000040                CY_METADATA_SIZE = 0x40
                0x00000000                CY_APPL_LOADABLE = 0x0
                0x00000000                CY_CHECKSUM_EXCLUDE_SIZE = ALIGN (0x0, CY_FLASH_ROW_SIZE)
                0x00000000                CY_APP_FOR_STACK_AND_COPIER = 0x0
                [!provide]                PROVIDE (__cy_heap_start, _end)
                0x00000001                PROVIDE (__cy_region_num, ((__cy_regions_end - __cy_regions) / 0x10))
                0x20001000                PROVIDE (__cy_stack, (ORIGIN (ram) + LENGTH (ram)))
                [!provide]                PROVIDE (__cy_heap_end, (__cy_stack - 0x400))

.cybootloader   0x00000000        0x0
 *(.cybootloader)
                0x00000000                appl1_start = CY_APPL_ORIGIN?CY_APPL_ORIGIN:ALIGN (CY_FLASH_ROW_SIZE)
                0x00003f80                appl2_start = (appl1_start + ALIGN ((((LENGTH (rom) - appl1_start) - (0x2 * CY_FLASH_ROW_SIZE)) / 0x2), CY_FLASH_ROW_SIZE))
                0x00000000                appl_start = (CY_APPL_NUM == 0x1)?appl1_start:appl2_start
                0x00000001                cy_project_type_bootloader = (appl_start == 0x0)?0x1:0x0
                0x00000000                cy_project_type_app_for_stack_and_copier = (CY_APP_FOR_STACK_AND_COPIER == 0x1)?0x1:0x0

.text           0x00000000     0x1408
 CREATE_OBJECT_SYMBOLS
                0x00000000                PROVIDE (__cy_interrupt_vector, RomVectors)
 *(.romvectors)
 .romvectors    0x00000000       0x10 .\CortexM0\ARM_GCC_541\Debug\Cm0Start.o
                0x00000000                RomVectors
                0x00000001                ASSERT ((. != __cy_interrupt_vector), No interrupt vector)
                0x00000001                ASSERT (CY_APPL_ORIGIN?(SIZEOF (.cybootloader) <= CY_APPL_ORIGIN):0x1, Wrong image location)
                0x00000010                PROVIDE (__cy_reset, Reset)
 *(.text.Reset)
 .text.Reset    0x00000010        0x8 .\CortexM0\ARM_GCC_541\Debug\Cm0Start.o
                0x00000010                Reset
                0x00000001                ASSERT ((. != __cy_reset), No reset code)
 *(.psocinit)
 .psocinit      0x00000018      0x22c .\CortexM0\ARM_GCC_541\Debug\cyfitter_cfg.o
                0x000000a4                cyfitter_cfg
                0x00000244                . = MAX (., 0x100)
 *(.text .text.* .gnu.linkonce.t.*)
 .text          0x00000244       0x60 c:/program files (x86)/cypress/psoc creator/4.1/psoc creator/import/gnu/arm/5.4.1/bin/../lib/gcc/arm-none-eabi/5.4.1/armv6-m/crtbegin.o
 .text.main     0x000002a4      0x128 .\CortexM0\ARM_GCC_541\Debug\main.o
                0x000002a4                main
 .text.ExecuteCommand
                0x000003cc       0xe4 .\CortexM0\ARM_GCC_541\Debug\main.o
                0x000003cc                ExecuteCommand
 .text.CYMEMZERO
                0x000004b0       0x20 .\CortexM0\ARM_GCC_541\Debug\cyfitter_cfg.o
 .text.cfg_write_bytes32
                0x000004d0       0x84 .\CortexM0\ARM_GCC_541\Debug\cyfitter_cfg.o
 .text.AnalogSetDefault
                0x00000554        0xc .\CortexM0\ARM_GCC_541\Debug\cyfitter_cfg.o
 .text.IntDefaultHandler
                0x00000560       0x14 .\CortexM0\ARM_GCC_541\Debug\Cm0Start.o
                0x00000560                IntDefaultHandler
 .text.Start_c  0x00000574       0x98 .\CortexM0\ARM_GCC_541\Debug\Cm0Start.o
                0x00000574                Start_c
 .text.initialize_psoc
                0x0000060c       0x64 .\CortexM0\ARM_GCC_541\Debug\Cm0Start.o
                0x0000060c                initialize_psoc
 .text.LED_RED_Write
                0x00000670       0x50 .\CortexM0\ARM_GCC_541\Debug\Slave.a(LED_RED.o)
                0x00000670                LED_RED_Write
 .text.LED_GREEN_Write
                0x000006c0       0x50 .\CortexM0\ARM_GCC_541\Debug\Slave.a(LED_GREEN.o)
                0x000006c0                LED_GREEN_Write
 .text.LED_BLUE_Write
                0x00000710       0x50 .\CortexM0\ARM_GCC_541\Debug\Slave.a(LED_BLUE.o)
                0x00000710                LED_BLUE_Write
 .text.I2CS_Init
                0x00000760       0x10 .\CortexM0\ARM_GCC_541\Debug\Slave.a(I2CS.o)
                0x00000760                I2CS_Init
 .text.I2CS_Enable
                0x00000770       0x24 .\CortexM0\ARM_GCC_541\Debug\Slave.a(I2CS.o)
                0x00000770                I2CS_Enable
 .text.I2CS_Start
                0x00000794       0x24 .\CortexM0\ARM_GCC_541\Debug\Slave.a(I2CS.o)
                0x00000794                I2CS_Start
 .text.I2CS_ScbEnableIntr
                0x000007b8       0x10 .\CortexM0\ARM_GCC_541\Debug\Slave.a(I2CS.o)
 .text.I2CS_ScbModePostEnable
                0x000007c8        0xc .\CortexM0\ARM_GCC_541\Debug\Slave.a(I2CS.o)
 .text.I2CS_I2CSlaveNackGeneration
                0x000007d4       0x54 .\CortexM0\ARM_GCC_541\Debug\Slave.a(I2CS.o)
                0x000007d4                I2CS_I2CSlaveNackGeneration
 .text.I2CS_I2CInit
                0x00000828       0xf8 .\CortexM0\ARM_GCC_541\Debug\Slave.a(I2CS_I2C.o)
                0x00000828                I2CS_I2CInit
 .text.I2CS_I2CSlaveStatus
                0x00000920       0x14 .\CortexM0\ARM_GCC_541\Debug\Slave.a(I2CS_I2C_SLAVE.o)
                0x00000920                I2CS_I2CSlaveStatus
 .text.I2CS_I2CSlaveClearReadStatus
                0x00000934       0x40 .\CortexM0\ARM_GCC_541\Debug\Slave.a(I2CS_I2C_SLAVE.o)
                0x00000934                I2CS_I2CSlaveClearReadStatus
 .text.I2CS_I2CSlaveClearWriteStatus
                0x00000974       0x40 .\CortexM0\ARM_GCC_541\Debug\Slave.a(I2CS_I2C_SLAVE.o)
                0x00000974                I2CS_I2CSlaveClearWriteStatus
 .text.I2CS_I2CSlaveSetAddress
                0x000009b4       0x38 .\CortexM0\ARM_GCC_541\Debug\Slave.a(I2CS_I2C_SLAVE.o)
                0x000009b4                I2CS_I2CSlaveSetAddress
 .text.I2CS_I2CSlaveInitReadBuf
                0x000009ec       0x4c .\CortexM0\ARM_GCC_541\Debug\Slave.a(I2CS_I2C_SLAVE.o)
                0x000009ec                I2CS_I2CSlaveInitReadBuf
 .text.I2CS_I2CSlaveInitWriteBuf
                0x00000a38       0x44 .\CortexM0\ARM_GCC_541\Debug\Slave.a(I2CS_I2C_SLAVE.o)
                0x00000a38                I2CS_I2CSlaveInitWriteBuf
 .text.I2CS_I2CSlaveGetWriteBufSize
                0x00000a7c       0x14 .\CortexM0\ARM_GCC_541\Debug\Slave.a(I2CS_I2C_SLAVE.o)
                0x00000a7c                I2CS_I2CSlaveGetWriteBufSize
 .text.I2CS_I2CSlaveClearReadBuf
                0x00000a90       0x14 .\CortexM0\ARM_GCC_541\Debug\Slave.a(I2CS_I2C_SLAVE.o)
                0x00000a90                I2CS_I2CSlaveClearReadBuf
 .text.I2CS_I2CSlaveClearWriteBuf
                0x00000aa4       0x14 .\CortexM0\ARM_GCC_541\Debug\Slave.a(I2CS_I2C_SLAVE.o)
                0x00000aa4                I2CS_I2CSlaveClearWriteBuf
 .text.CySysClkWriteImoFreq
                0x00000ab8      0x1ec .\CortexM0\ARM_GCC_541\Debug\Slave.a(CyLib.o)
                0x00000ab8                CySysClkWriteImoFreq
 .text.CyIntSetVector
                0x00000ca4       0x4c .\CortexM0\ARM_GCC_541\Debug\Slave.a(CyLib.o)
                0x00000ca4                CyIntSetVector
 .text.CyIntSetPriority
                0x00000cf0       0xa8 .\CortexM0\ARM_GCC_541\Debug\Slave.a(CyLib.o)
                0x00000cf0                CyIntSetPriority
 .text.CyIntEnable
                0x00000d98       0x2c .\CortexM0\ARM_GCC_541\Debug\Slave.a(CyLib.o)
                0x00000d98                CyIntEnable
 .text.CyIntDisable
                0x00000dc4       0x2c .\CortexM0\ARM_GCC_541\Debug\Slave.a(CyLib.o)
                0x00000dc4                CyIntDisable
 .text.CyHalt   0x00000df0       0x18 .\CortexM0\ARM_GCC_541\Debug\Slave.a(CyLib.o)
                0x00000df0                CyHalt
 .text.CyDelayUs
                0x00000e08       0x28 .\CortexM0\ARM_GCC_541\Debug\Slave.a(CyLib.o)
                0x00000e08                CyDelayUs
 .text.Button_Read
                0x00000e30       0x1c .\CortexM0\ARM_GCC_541\Debug\Slave.a(Button.o)
                0x00000e30                Button_Read
 *fill*         0x00000e4c        0x4 
 .text          0x00000e50       0x24 .\CortexM0\ARM_GCC_541\Debug\Slave.a(CyBootAsmGnu.o)
                0x00000e50                CyDelayCycles
                0x00000e64                CyEnterCriticalSection
                0x00000e6c                CyExitCriticalSection
 .text.I2CS_I2C_ISR
                0x00000e74      0x52c .\CortexM0\ARM_GCC_541\Debug\Slave.a(I2CS_I2C_INT.o)
                0x00000e74                I2CS_I2C_ISR
 .text.__errno  0x000013a0        0xc c:/program files (x86)/cypress/psoc creator/4.1/psoc creator/import/gnu/arm/5.4.1/bin/../lib/gcc/arm-none-eabi/5.4.1/../../../../arm-none-eabi/lib/armv6-m\libg_nano.a(lib_a-errno.o)
                0x000013a0                __errno
 .text.__libc_init_array
                0x000013ac       0x4c c:/program files (x86)/cypress/psoc creator/4.1/psoc creator/import/gnu/arm/5.4.1/bin/../lib/gcc/arm-none-eabi/5.4.1/../../../../arm-none-eabi/lib/armv6-m\libg_nano.a(lib_a-init.o)
                0x000013ac                __libc_init_array
 .text.memset   0x000013f8       0x10 c:/program files (x86)/cypress/psoc creator/4.1/psoc creator/import/gnu/arm/5.4.1/bin/../lib/gcc/arm-none-eabi/5.4.1/../../../../arm-none-eabi/lib/armv6-m\libg_nano.a(lib_a-memset.o)
                0x000013f8                memset
 *(.plt)
 *(.gnu.warning)
 *(.glue_7t)
 .glue_7t       0x00001408        0x0 linker stubs
 *(.glue_7)
 .glue_7        0x00001408        0x0 linker stubs
 *(.vfp11_veneer)
 .vfp11_veneer  0x00001408        0x0 linker stubs
 *(.bootloader)
 *(.ARM.extab* .gnu.linkonce.armextab.*)
 *(.gcc_except_table)

.v4_bx          0x00001408        0x0
 .v4_bx         0x00001408        0x0 linker stubs

.iplt           0x00001408        0x0
 .iplt          0x00001408        0x0 c:/program files (x86)/cypress/psoc creator/4.1/psoc creator/import/gnu/arm/5.4.1/bin/../lib/gcc/arm-none-eabi/5.4.1/armv6-m/crtbegin.o

.eh_frame_hdr
 *(.eh_frame_hdr)

.eh_frame       0x00001408        0x4
 *(.eh_frame)
 .eh_frame      0x00001408        0x0 c:/program files (x86)/cypress/psoc creator/4.1/psoc creator/import/gnu/arm/5.4.1/bin/../lib/gcc/arm-none-eabi/5.4.1/armv6-m/crtbegin.o
 .eh_frame      0x00001408        0x4 c:/program files (x86)/cypress/psoc creator/4.1/psoc creator/import/gnu/arm/5.4.1/bin/../lib/gcc/arm-none-eabi/5.4.1/armv6-m/crtend.o
                [!provide]                PROVIDE (__exidx_start, .)

.ARM.exidx
 *(.ARM.exidx* .gnu.linkonce.armexidx.*)
                0x0000140c                __exidx_end = .

.rodata         0x0000140c      0x224
 *(.rodata .rodata.* .gnu.linkonce.r.*)
 .rodata        0x0000140c       0x20 .\CortexM0\ARM_GCC_541\Debug\main.o
 .rodata        0x0000142c      0x19e .\CortexM0\ARM_GCC_541\Debug\cyfitter_cfg.o
 *fill*         0x000015ca        0x2 
 .rodata        0x000015cc       0x2e .\CortexM0\ARM_GCC_541\Debug\Slave.a(CyLib.o)
                0x000015cc                cyImoFreqMhz2Reg
 .rodata.str1.1
                0x000015fa        0x2 c:/program files (x86)/cypress/psoc creator/4.1/psoc creator/import/gnu/arm/5.4.1/bin/../lib/gcc/arm-none-eabi/5.4.1/../../../../arm-none-eabi/lib/armv6-m\libg_nano.a(lib_a-impure.o)
                0x000015fc                . = ALIGN (0x4)
 *(.init)
 .init          0x000015fc        0x4 c:/program files (x86)/cypress/psoc creator/4.1/psoc creator/import/gnu/arm/5.4.1/bin/../lib/gcc/arm-none-eabi/5.4.1/armv6-m/crti.o
                0x000015fc                _init
 .init          0x00001600        0x8 c:/program files (x86)/cypress/psoc creator/4.1/psoc creator/import/gnu/arm/5.4.1/bin/../lib/gcc/arm-none-eabi/5.4.1/armv6-m/crtn.o
                0x00001608                . = ALIGN (0x4)
                0x00001608                __preinit_array_start = .
 *(.preinit_array)
                0x00001608                __preinit_array_end = .
                0x00001608                . = ALIGN (0x4)
                0x00001608                __init_array_start = .
 *(SORT(.init_array.*))
 *(.init_array)
 .init_array    0x00001608        0x4 c:/program files (x86)/cypress/psoc creator/4.1/psoc creator/import/gnu/arm/5.4.1/bin/../lib/gcc/arm-none-eabi/5.4.1/armv6-m/crtbegin.o
 .init_array    0x0000160c        0x4 .\CortexM0\ARM_GCC_541\Debug\Cm0Start.o
                0x00001610                __init_array_end = .
                0x00001610                . = ALIGN (0x4)
 *(.fini)
 .fini          0x00001610        0x4 c:/program files (x86)/cypress/psoc creator/4.1/psoc creator/import/gnu/arm/5.4.1/bin/../lib/gcc/arm-none-eabi/5.4.1/armv6-m/crti.o
                0x00001610                _fini
 .fini          0x00001614        0x8 c:/program files (x86)/cypress/psoc creator/4.1/psoc creator/import/gnu/arm/5.4.1/bin/../lib/gcc/arm-none-eabi/5.4.1/armv6-m/crtn.o
                0x0000161c                . = ALIGN (0x4)
                0x0000161c                __fini_array_start = .
 *(.fini_array)
 .fini_array    0x0000161c        0x4 c:/program files (x86)/cypress/psoc creator/4.1/psoc creator/import/gnu/arm/5.4.1/bin/../lib/gcc/arm-none-eabi/5.4.1/armv6-m/crtbegin.o
 *(SORT(.fini_array.*))
                0x00001620                __fini_array_end = .
                0x00001620                . = ALIGN (0x4)
 *crtbegin.o(.ctors)
 *(EXCLUDE_FILE(*crtend.o) .ctors)
 *(SORT(.ctors.*))
 *crtend.o(.ctors)
                0x00001620                . = ALIGN (0x4)
 *crtbegin.o(.dtors)
 *(EXCLUDE_FILE(*crtend.o) .dtors)
 *(SORT(.dtors.*))
 *crtend.o(.dtors)
                0x00001620                . = ALIGN (0x4)
                0x00001620                __cy_regions = .
                0x00001620        0x4 LONG 0x1630 __cy_region_init_ram
                0x00001624        0x4 LONG 0x200000c8 __cy_region_start_data
                0x00001628        0x4 LONG 0xa0 __cy_region_init_size_ram
                0x0000162c        0x4 LONG 0x70 __cy_region_zero_size_ram
                0x00001630                __cy_regions_end = .
                0x00001630                . = ALIGN (0x8)
                0x00001630                _etext = .

.cy_checksum_exclude
                0x00001630        0x0
 *(.cy_checksum_exclude)

.ramvectors     0x20000000       0xc0
                0x20000000                __cy_region_start_ram = .
 *(.ramvectors)
 .ramvectors    0x20000000       0xc0 .\CortexM0\ARM_GCC_541\Debug\Cm0Start.o
                0x20000000                CyRamVectors

.noinit         0x200000c0        0x4
 *(.noinit)
 .noinit        0x200000c0        0x4 .\CortexM0\ARM_GCC_541\Debug\Cm0Start.o

.data           0x200000c8       0xa0 load address 0x00001630
                0x200000c8                __cy_region_start_data = .
 *(.jcr)
 .jcr           0x200000c8        0x0 c:/program files (x86)/cypress/psoc creator/4.1/psoc creator/import/gnu/arm/5.4.1/bin/../lib/gcc/arm-none-eabi/5.4.1/armv6-m/crtbegin.o
 .jcr           0x200000c8        0x4 c:/program files (x86)/cypress/psoc creator/4.1/psoc creator/import/gnu/arm/5.4.1/bin/../lib/gcc/arm-none-eabi/5.4.1/armv6-m/crtend.o
 *(.got.plt)
 *(.got)
 *(.shdata)
 *(.data .data.* .gnu.linkonce.d.*)
 .data          0x200000cc       0x20 .\CortexM0\ARM_GCC_541\Debug\main.o
                0x200000cc                i2cReadBuffer
 .data          0x200000ec       0x14 .\CortexM0\ARM_GCC_541\Debug\Slave.a(CyLib.o)
                0x200000ec                cydelayFreqHz
                0x200000f0                cydelayFreqKhz
                0x200000f4                cydelayFreqMhz
                0x200000f8                cydelay32kMs
                0x200000fc                CySysClkPumpConfig
 .data.impure_data
                0x20000100       0x60 c:/program files (x86)/cypress/psoc creator/4.1/psoc creator/import/gnu/arm/5.4.1/bin/../lib/gcc/arm-none-eabi/5.4.1/../../../../arm-none-eabi/lib/armv6-m\libg_nano.a(lib_a-impure.o)
 .data._impure_ptr
                0x20000160        0x4 c:/program files (x86)/cypress/psoc creator/4.1/psoc creator/import/gnu/arm/5.4.1/bin/../lib/gcc/arm-none-eabi/5.4.1/../../../../arm-none-eabi/lib/armv6-m\libg_nano.a(lib_a-impure.o)
                0x20000160                _impure_ptr
                0x20000168                . = ALIGN (0x8)
 *fill*         0x20000164        0x4 
 *(.ram)
                0x20000168                _edata = .

.igot.plt       0x20000168        0x0 load address 0x000016d0
 .igot.plt      0x20000168        0x0 c:/program files (x86)/cypress/psoc creator/4.1/psoc creator/import/gnu/arm/5.4.1/bin/../lib/gcc/arm-none-eabi/5.4.1/armv6-m/crtbegin.o

.bss            0x20000168       0x70 load address 0x000016d0
                0x20000168                PROVIDE (__bss_start__, .)
 *(.shbss)
 *(.bss .bss.* .gnu.linkonce.b.*)
 .bss           0x20000168       0x1c c:/program files (x86)/cypress/psoc creator/4.1/psoc creator/import/gnu/arm/5.4.1/bin/../lib/gcc/arm-none-eabi/5.4.1/armv6-m/crtbegin.o
 .bss           0x20000184        0x1 .\CortexM0\ARM_GCC_541\Debug\main.o
                0x20000184                buttonStatus
 *fill*         0x20000185        0x3 
 .bss           0x20000188        0x8 .\CortexM0\ARM_GCC_541\Debug\Slave.a(I2CS.o)
                0x20000188                I2CS_initVar
                0x2000018c                I2CS_customIntrHandler
 *(COMMON)
 COMMON         0x20000190       0x20 .\CortexM0\ARM_GCC_541\Debug\main.o
                0x20000190                i2cWriteBuffer
 COMMON         0x200001b0        0x1 .\CortexM0\ARM_GCC_541\Debug\Slave.a(I2CS_I2C.o)
                0x200001b0                I2CS_state
 *fill*         0x200001b1        0x3 
 COMMON         0x200001b4       0x21 .\CortexM0\ARM_GCC_541\Debug\Slave.a(I2CS_I2C_SLAVE.o)
                0x200001b4                I2CS_slRdBufIndex
                0x200001b8                I2CS_slWrBufIndex
                0x200001bc                I2CS_slWrBufSize
                0x200001c0                I2CS_slRdBufSize
                0x200001c4                I2CS_slRdBufPtr
                0x200001c8                I2CS_slStatus
                0x200001cc                I2CS_slRdBufIndexTmp
                0x200001d0                I2CS_slWrBufPtr
                0x200001d4                I2CS_slOverFlowCount
                0x200001d8                . = ALIGN (0x8)
 *fill*         0x200001d5        0x3 
 *(.ram.b)
                0x200001d8                _end = .
                0x200001d8                __end = .
                0x200001d8                PROVIDE (end, .)
                0x200001d8                PROVIDE (__bss_end__, .)
                0x00001630                __cy_region_init_ram = LOADADDR (.data)
                0x000000a0                __cy_region_init_size_ram = (_edata - ADDR (.data))
                0x00000070                __cy_region_zero_size_ram = (_end - _edata)

.heap           0x200001d8      0x100 load address 0x000016d0
                0x200001d8                . = _end
                0x200002d8                . = (. + 0x100)
 *fill*         0x200001d8      0x100 
                0x200002d8                __cy_heap_limit = .

.stack          0x20000c00      0x400
                0x20000c00                __cy_stack_limit = .
                0x20001000                . = (. + 0x400)
 *fill*         0x20000c00      0x400 
                0x00000001                ASSERT ((__cy_stack_limit >= __cy_heap_limit), region RAM overflowed with stack)
                0x00000000                cy_checksum_exclude_size = (CY_APPL_LOADABLE == 0x1)?SIZEOF (.cy_checksum_exclude):0x0
                0x00000001                ASSERT ((cy_checksum_exclude_size <= CY_CHECKSUM_EXCLUDE_SIZE), CY_BOOT: Section .cy_checksum_exclude size exceedes specified limit.)
                0x00007fc0                cyloadermeta_start = (cy_project_type_bootloader || cy_project_type_app_for_stack_and_copier)?(LENGTH (rom) - CY_METADATA_SIZE):0xf0000000

.cyloadermeta
 *(.cyloadermeta)
                0x00007fc0                cyloadablemeta_start = cy_project_type_app_for_stack_and_copier?((LENGTH (rom) - CY_FLASH_ROW_SIZE) - CY_METADATA_SIZE):((LENGTH (rom) - (CY_FLASH_ROW_SIZE * (CY_APPL_NUM - 0x1))) - CY_METADATA_SIZE)

.cyloadablemeta
 *(.cyloadablemeta)

.cyflashprotect
                0x90400000       0x20
 *(.cyflashprotect)
 .cyflashprotect
                0x90400000       0x20 .\CortexM0\ARM_GCC_541\Debug\cymetadata.o
                0x90400000                cy_meta_flashprotect

.cymeta         0x90500000        0xc
 *(.cymeta)
 .cymeta        0x90500000        0xc .\CortexM0\ARM_GCC_541\Debug\cymetadata.o
                0x90500000                cy_metadata

.cychipprotect  0x90600000        0x1
 *(.cychipprotect)
 .cychipprotect
                0x90600000        0x1 .\CortexM0\ARM_GCC_541\Debug\cymetadata.o
                0x90600000                cy_meta_chipprotect

.rel.dyn        0x000016d0        0x0 load address 0x90600004
 .rel.iplt      0x000016d0        0x0 c:/program files (x86)/cypress/psoc creator/4.1/psoc creator/import/gnu/arm/5.4.1/bin/../lib/gcc/arm-none-eabi/5.4.1/armv6-m/crtbegin.o

.stab
 *(.stab)

.stabstr
 *(.stabstr)

.debug
 *(.debug)

.line
 *(.line)

.debug_srcinfo
 *(.debug_srcinfo)

.debug_sfnames
 *(.debug_sfnames)

.debug_aranges  0x00000000      0x6c8
 *(.debug_aranges)
 .debug_aranges
                0x00000000       0x30 .\CortexM0\ARM_GCC_541\Debug\main.o
 .debug_aranges
                0x00000030       0x50 .\CortexM0\ARM_GCC_541\Debug\cyfitter_cfg.o
 .debug_aranges
                0x00000080       0x18 .\CortexM0\ARM_GCC_541\Debug\cymetadata.o
 .debug_aranges
                0x00000098       0x48 .\CortexM0\ARM_GCC_541\Debug\Cm0Start.o
 .debug_aranges
                0x000000e0       0x48 .\CortexM0\ARM_GCC_541\Debug\Slave.a(LED_RED.o)
 .debug_aranges
                0x00000128       0x48 .\CortexM0\ARM_GCC_541\Debug\Slave.a(LED_GREEN.o)
 .debug_aranges
                0x00000170       0x48 .\CortexM0\ARM_GCC_541\Debug\Slave.a(LED_BLUE.o)
 .debug_aranges
                0x000001b8       0x70 .\CortexM0\ARM_GCC_541\Debug\Slave.a(I2CS.o)
 .debug_aranges
                0x00000228       0x28 .\CortexM0\ARM_GCC_541\Debug\Slave.a(I2CS_I2C.o)
 .debug_aranges
                0x00000250       0x70 .\CortexM0\ARM_GCC_541\Debug\Slave.a(I2CS_I2C_SLAVE.o)
 .debug_aranges
                0x000002c0      0x180 .\CortexM0\ARM_GCC_541\Debug\Slave.a(CyLib.o)
 .debug_aranges
                0x00000440       0xd0 .\CortexM0\ARM_GCC_541\Debug\Slave.a(StripLights.o)
 .debug_aranges
                0x00000510       0x30 .\CortexM0\ARM_GCC_541\Debug\Slave.a(StripLights_fonts.o)
 .debug_aranges
                0x00000540       0x80 .\CortexM0\ARM_GCC_541\Debug\Slave.a(StripLights_cisr.o)
 .debug_aranges
                0x000005c0       0x80 .\CortexM0\ARM_GCC_541\Debug\Slave.a(StripLights_fisr.o)
 .debug_aranges
                0x00000640       0x48 .\CortexM0\ARM_GCC_541\Debug\Slave.a(Button.o)
 .debug_aranges
                0x00000688       0x20 .\CortexM0\ARM_GCC_541\Debug\Slave.a(CyBootAsmGnu.o)
 .debug_aranges
                0x000006a8       0x20 .\CortexM0\ARM_GCC_541\Debug\Slave.a(I2CS_I2C_INT.o)

.debug_pubnames
 *(.debug_pubnames)

.debug_info     0x00000000     0x30a7
 *(.debug_info .gnu.linkonce.wi.*)
 .debug_info    0x00000000      0x1ee .\CortexM0\ARM_GCC_541\Debug\main.o
 .debug_info    0x000001ee      0x35e .\CortexM0\ARM_GCC_541\Debug\cyfitter_cfg.o
 .debug_info    0x0000054c       0xf8 .\CortexM0\ARM_GCC_541\Debug\cymetadata.o
 .debug_info    0x00000644      0x312 .\CortexM0\ARM_GCC_541\Debug\Cm0Start.o
 .debug_info    0x00000956      0x19a .\CortexM0\ARM_GCC_541\Debug\Slave.a(LED_RED.o)
 .debug_info    0x00000af0      0x19a .\CortexM0\ARM_GCC_541\Debug\Slave.a(LED_GREEN.o)
 .debug_info    0x00000c8a      0x19a .\CortexM0\ARM_GCC_541\Debug\Slave.a(LED_BLUE.o)
 .debug_info    0x00000e24      0x1fd .\CortexM0\ARM_GCC_541\Debug\Slave.a(I2CS.o)
 .debug_info    0x00001021      0x11d .\CortexM0\ARM_GCC_541\Debug\Slave.a(I2CS_I2C.o)
 .debug_info    0x0000113e      0x2e5 .\CortexM0\ARM_GCC_541\Debug\Slave.a(I2CS_I2C_SLAVE.o)
 .debug_info    0x00001423      0x8ef .\CortexM0\ARM_GCC_541\Debug\Slave.a(CyLib.o)
 .debug_info    0x00001d12      0x8dd .\CortexM0\ARM_GCC_541\Debug\Slave.a(StripLights.o)
 .debug_info    0x000025ef      0x272 .\CortexM0\ARM_GCC_541\Debug\Slave.a(StripLights_fonts.o)
 .debug_info    0x00002861      0x24d .\CortexM0\ARM_GCC_541\Debug\Slave.a(StripLights_cisr.o)
 .debug_info    0x00002aae      0x24d .\CortexM0\ARM_GCC_541\Debug\Slave.a(StripLights_fisr.o)
 .debug_info    0x00002cfb      0x19a .\CortexM0\ARM_GCC_541\Debug\Slave.a(Button.o)
 .debug_info    0x00002e95       0x91 .\CortexM0\ARM_GCC_541\Debug\Slave.a(CyBootAsmGnu.o)
 .debug_info    0x00002f26      0x181 .\CortexM0\ARM_GCC_541\Debug\Slave.a(I2CS_I2C_INT.o)

.debug_abbrev   0x00000000     0x11bf
 *(.debug_abbrev)
 .debug_abbrev  0x00000000      0x107 .\CortexM0\ARM_GCC_541\Debug\main.o
 .debug_abbrev  0x00000107      0x18a .\CortexM0\ARM_GCC_541\Debug\cyfitter_cfg.o
 .debug_abbrev  0x00000291       0x5d .\CortexM0\ARM_GCC_541\Debug\cymetadata.o
 .debug_abbrev  0x000002ee      0x1c8 .\CortexM0\ARM_GCC_541\Debug\Cm0Start.o
 .debug_abbrev  0x000004b6       0xaa .\CortexM0\ARM_GCC_541\Debug\Slave.a(LED_RED.o)
 .debug_abbrev  0x00000560       0xaa .\CortexM0\ARM_GCC_541\Debug\Slave.a(LED_GREEN.o)
 .debug_abbrev  0x0000060a       0xaa .\CortexM0\ARM_GCC_541\Debug\Slave.a(LED_BLUE.o)
 .debug_abbrev  0x000006b4       0xf3 .\CortexM0\ARM_GCC_541\Debug\Slave.a(I2CS.o)
 .debug_abbrev  0x000007a7       0x90 .\CortexM0\ARM_GCC_541\Debug\Slave.a(I2CS_I2C.o)
 .debug_abbrev  0x00000837      0x121 .\CortexM0\ARM_GCC_541\Debug\Slave.a(I2CS_I2C_SLAVE.o)
 .debug_abbrev  0x00000958      0x1a7 .\CortexM0\ARM_GCC_541\Debug\Slave.a(CyLib.o)
 .debug_abbrev  0x00000aff      0x1cc .\CortexM0\ARM_GCC_541\Debug\Slave.a(StripLights.o)
 .debug_abbrev  0x00000ccb       0xda .\CortexM0\ARM_GCC_541\Debug\Slave.a(StripLights_fonts.o)
 .debug_abbrev  0x00000da5      0x16a .\CortexM0\ARM_GCC_541\Debug\Slave.a(StripLights_cisr.o)
 .debug_abbrev  0x00000f0f      0x16a .\CortexM0\ARM_GCC_541\Debug\Slave.a(StripLights_fisr.o)
 .debug_abbrev  0x00001079       0xaa .\CortexM0\ARM_GCC_541\Debug\Slave.a(Button.o)
 .debug_abbrev  0x00001123       0x14 .\CortexM0\ARM_GCC_541\Debug\Slave.a(CyBootAsmGnu.o)
 .debug_abbrev  0x00001137       0x88 .\CortexM0\ARM_GCC_541\Debug\Slave.a(I2CS_I2C_INT.o)

.debug_line     0x00000000     0x18fd
 *(.debug_line)
 .debug_line    0x00000000      0x10c .\CortexM0\ARM_GCC_541\Debug\main.o
 .debug_line    0x0000010c      0x19c .\CortexM0\ARM_GCC_541\Debug\cyfitter_cfg.o
 .debug_line    0x000002a8      0x141 .\CortexM0\ARM_GCC_541\Debug\cymetadata.o
 .debug_line    0x000003e9      0x1cf .\CortexM0\ARM_GCC_541\Debug\Cm0Start.o
 .debug_line    0x000005b8       0xbf .\CortexM0\ARM_GCC_541\Debug\Slave.a(LED_RED.o)
 .debug_line    0x00000677       0xc1 .\CortexM0\ARM_GCC_541\Debug\Slave.a(LED_GREEN.o)
 .debug_line    0x00000738       0xc0 .\CortexM0\ARM_GCC_541\Debug\Slave.a(LED_BLUE.o)
 .debug_line    0x000007f8      0x13c .\CortexM0\ARM_GCC_541\Debug\Slave.a(I2CS.o)
 .debug_line    0x00000934       0x9c .\CortexM0\ARM_GCC_541\Debug\Slave.a(I2CS_I2C.o)
 .debug_line    0x000009d0      0x134 .\CortexM0\ARM_GCC_541\Debug\Slave.a(I2CS_I2C_SLAVE.o)
 .debug_line    0x00000b04      0x47a .\CortexM0\ARM_GCC_541\Debug\Slave.a(CyLib.o)
 .debug_line    0x00000f7e      0x37d .\CortexM0\ARM_GCC_541\Debug\Slave.a(StripLights.o)
 .debug_line    0x000012fb       0xf2 .\CortexM0\ARM_GCC_541\Debug\Slave.a(StripLights_fonts.o)
 .debug_line    0x000013ed      0x14f .\CortexM0\ARM_GCC_541\Debug\Slave.a(StripLights_cisr.o)
 .debug_line    0x0000153c      0x15f .\CortexM0\ARM_GCC_541\Debug\Slave.a(StripLights_fisr.o)
 .debug_line    0x0000169b       0xbe .\CortexM0\ARM_GCC_541\Debug\Slave.a(Button.o)
 .debug_line    0x00001759       0x69 .\CortexM0\ARM_GCC_541\Debug\Slave.a(CyBootAsmGnu.o)
 .debug_line    0x000017c2      0x13b .\CortexM0\ARM_GCC_541\Debug\Slave.a(I2CS_I2C_INT.o)

.debug_frame    0x00000000     0x1540
 *(.debug_frame)
 .debug_frame   0x00000000       0x74 .\CortexM0\ARM_GCC_541\Debug\main.o
 .debug_frame   0x00000074       0xe8 .\CortexM0\ARM_GCC_541\Debug\cyfitter_cfg.o
 .debug_frame   0x0000015c       0xc8 .\CortexM0\ARM_GCC_541\Debug\Cm0Start.o
 .debug_frame   0x00000224       0xc8 .\CortexM0\ARM_GCC_541\Debug\Slave.a(LED_RED.o)
 .debug_frame   0x000002ec       0xc8 .\CortexM0\ARM_GCC_541\Debug\Slave.a(LED_GREEN.o)
 .debug_frame   0x000003b4       0xc8 .\CortexM0\ARM_GCC_541\Debug\Slave.a(LED_BLUE.o)
 .debug_frame   0x0000047c      0x150 .\CortexM0\ARM_GCC_541\Debug\Slave.a(I2CS.o)
 .debug_frame   0x000005cc       0x48 .\CortexM0\ARM_GCC_541\Debug\Slave.a(I2CS_I2C.o)
 .debug_frame   0x00000614      0x15c .\CortexM0\ARM_GCC_541\Debug\Slave.a(I2CS_I2C_SLAVE.o)
 .debug_frame   0x00000770      0x588 .\CortexM0\ARM_GCC_541\Debug\Slave.a(CyLib.o)
 .debug_frame   0x00000cf8      0x2e0 .\CortexM0\ARM_GCC_541\Debug\Slave.a(StripLights.o)
 .debug_frame   0x00000fd8       0x74 .\CortexM0\ARM_GCC_541\Debug\Slave.a(StripLights_fonts.o)
 .debug_frame   0x0000104c      0x190 .\CortexM0\ARM_GCC_541\Debug\Slave.a(StripLights_cisr.o)
 .debug_frame   0x000011dc      0x190 .\CortexM0\ARM_GCC_541\Debug\Slave.a(StripLights_fisr.o)
 .debug_frame   0x0000136c       0xc8 .\CortexM0\ARM_GCC_541\Debug\Slave.a(Button.o)
 .debug_frame   0x00001434       0x30 .\CortexM0\ARM_GCC_541\Debug\Slave.a(I2CS_I2C_INT.o)
 .debug_frame   0x00001464       0x20 c:/program files (x86)/cypress/psoc creator/4.1/psoc creator/import/gnu/arm/5.4.1/bin/../lib/gcc/arm-none-eabi/5.4.1/armv6-m\libgcc.a(_udivsi3.o)
 .debug_frame   0x00001484       0x20 c:/program files (x86)/cypress/psoc creator/4.1/psoc creator/import/gnu/arm/5.4.1/bin/../lib/gcc/arm-none-eabi/5.4.1/../../../../arm-none-eabi/lib/armv6-m\libg_nano.a(lib_a-errno.o)
 .debug_frame   0x000014a4       0x28 c:/program files (x86)/cypress/psoc creator/4.1/psoc creator/import/gnu/arm/5.4.1/bin/../lib/gcc/arm-none-eabi/5.4.1/../../../../arm-none-eabi/lib/armv6-m\libg_nano.a(lib_a-exit.o)
 .debug_frame   0x000014cc       0x2c c:/program files (x86)/cypress/psoc creator/4.1/psoc creator/import/gnu/arm/5.4.1/bin/../lib/gcc/arm-none-eabi/5.4.1/../../../../arm-none-eabi/lib/armv6-m\libg_nano.a(lib_a-init.o)
 .debug_frame   0x000014f8       0x28 c:/program files (x86)/cypress/psoc creator/4.1/psoc creator/import/gnu/arm/5.4.1/bin/../lib/gcc/arm-none-eabi/5.4.1/../../../../arm-none-eabi/lib/armv6-m\libg_nano.a(lib_a-memcpy-stub.o)
 .debug_frame   0x00001520       0x20 c:/program files (x86)/cypress/psoc creator/4.1/psoc creator/import/gnu/arm/5.4.1/bin/../lib/gcc/arm-none-eabi/5.4.1/../../../../arm-none-eabi/lib/armv6-m\libg_nano.a(lib_a-memset.o)

.debug_str      0x00000000     0x17c5
 *(.debug_str)
 .debug_str     0x00000000      0x250 .\CortexM0\ARM_GCC_541\Debug\main.o
                                0x290 (size before relaxing)
 .debug_str     0x00000250      0x115 .\CortexM0\ARM_GCC_541\Debug\cyfitter_cfg.o
                                0x2c1 (size before relaxing)
 .debug_str     0x00000365       0x63 .\CortexM0\ARM_GCC_541\Debug\cymetadata.o
                                0x1c9 (size before relaxing)
 .debug_str     0x000003c8      0x119 .\CortexM0\ARM_GCC_541\Debug\Cm0Start.o
                                0x2cf (size before relaxing)
 .debug_str     0x000004e1       0xbe .\CortexM0\ARM_GCC_541\Debug\Slave.a(LED_RED.o)
                                0x245 (size before relaxing)
 .debug_str     0x0000059f       0xa3 .\CortexM0\ARM_GCC_541\Debug\Slave.a(LED_GREEN.o)
                                0x253 (size before relaxing)
 .debug_str     0x00000642       0x9c .\CortexM0\ARM_GCC_541\Debug\Slave.a(LED_BLUE.o)
                                0x24c (size before relaxing)
 .debug_str     0x000006de      0x12c .\CortexM0\ARM_GCC_541\Debug\Slave.a(I2CS.o)
                                0x2bb (size before relaxing)
 .debug_str     0x0000080a       0x8e .\CortexM0\ARM_GCC_541\Debug\Slave.a(I2CS_I2C.o)
                                0x21d (size before relaxing)
 .debug_str     0x00000898      0x1cc .\CortexM0\ARM_GCC_541\Debug\Slave.a(I2CS_I2C_SLAVE.o)
                                0x3b1 (size before relaxing)
 .debug_str     0x00000a64      0x4cd .\CortexM0\ARM_GCC_541\Debug\Slave.a(CyLib.o)
                                0x68a (size before relaxing)
 .debug_str     0x00000f31      0x3ac .\CortexM0\ARM_GCC_541\Debug\Slave.a(StripLights.o)
                                0x546 (size before relaxing)
 .debug_str     0x000012dd      0x102 .\CortexM0\ARM_GCC_541\Debug\Slave.a(StripLights_fonts.o)
                                0x296 (size before relaxing)
 .debug_str     0x000013df      0x18f .\CortexM0\ARM_GCC_541\Debug\Slave.a(StripLights_cisr.o)
                                0x358 (size before relaxing)
 .debug_str     0x0000156e      0x180 .\CortexM0\ARM_GCC_541\Debug\Slave.a(StripLights_fisr.o)
                                0x358 (size before relaxing)
 .debug_str     0x000016ee       0x8e .\CortexM0\ARM_GCC_541\Debug\Slave.a(Button.o)
                                0x23e (size before relaxing)
 .debug_str     0x0000177c       0x49 .\CortexM0\ARM_GCC_541\Debug\Slave.a(I2CS_I2C_INT.o)
                                0x2a5 (size before relaxing)

.debug_loc
 *(.debug_loc)

.debug_macinfo
 *(.debug_macinfo)

.debug_ranges   0x00000000      0x590
 *(.debug_ranges)
 .debug_ranges  0x00000000       0x20 .\CortexM0\ARM_GCC_541\Debug\main.o
 .debug_ranges  0x00000020       0x40 .\CortexM0\ARM_GCC_541\Debug\cyfitter_cfg.o
 .debug_ranges  0x00000060       0x38 .\CortexM0\ARM_GCC_541\Debug\Cm0Start.o
 .debug_ranges  0x00000098       0x38 .\CortexM0\ARM_GCC_541\Debug\Slave.a(LED_RED.o)
 .debug_ranges  0x000000d0       0x38 .\CortexM0\ARM_GCC_541\Debug\Slave.a(LED_GREEN.o)
 .debug_ranges  0x00000108       0x38 .\CortexM0\ARM_GCC_541\Debug\Slave.a(LED_BLUE.o)
 .debug_ranges  0x00000140       0x60 .\CortexM0\ARM_GCC_541\Debug\Slave.a(I2CS.o)
 .debug_ranges  0x000001a0       0x18 .\CortexM0\ARM_GCC_541\Debug\Slave.a(I2CS_I2C.o)
 .debug_ranges  0x000001b8       0x60 .\CortexM0\ARM_GCC_541\Debug\Slave.a(I2CS_I2C_SLAVE.o)
 .debug_ranges  0x00000218      0x170 .\CortexM0\ARM_GCC_541\Debug\Slave.a(CyLib.o)
 .debug_ranges  0x00000388       0xc0 .\CortexM0\ARM_GCC_541\Debug\Slave.a(StripLights.o)
 .debug_ranges  0x00000448       0x20 .\CortexM0\ARM_GCC_541\Debug\Slave.a(StripLights_fonts.o)
 .debug_ranges  0x00000468       0x70 .\CortexM0\ARM_GCC_541\Debug\Slave.a(StripLights_cisr.o)
 .debug_ranges  0x000004d8       0x70 .\CortexM0\ARM_GCC_541\Debug\Slave.a(StripLights_fisr.o)
 .debug_ranges  0x00000548       0x38 .\CortexM0\ARM_GCC_541\Debug\Slave.a(Button.o)
 .debug_ranges  0x00000580       0x10 .\CortexM0\ARM_GCC_541\Debug\Slave.a(I2CS_I2C_INT.o)

.comment        0x00000000       0x6e
 .comment       0x00000000       0x6e .\CortexM0\ARM_GCC_541\Debug\main.o
                                 0x6f (size before relaxing)
 .comment       0x0000006e       0x6f .\CortexM0\ARM_GCC_541\Debug\cyfitter_cfg.o
 .comment       0x0000006e       0x6f .\CortexM0\ARM_GCC_541\Debug\cymetadata.o
 .comment       0x0000006e       0x6f .\CortexM0\ARM_GCC_541\Debug\Cm0Start.o
 .comment       0x0000006e       0x6f .\CortexM0\ARM_GCC_541\Debug\Slave.a(LED_RED.o)
 .comment       0x0000006e       0x6f .\CortexM0\ARM_GCC_541\Debug\Slave.a(LED_GREEN.o)
 .comment       0x0000006e       0x6f .\CortexM0\ARM_GCC_541\Debug\Slave.a(LED_BLUE.o)
 .comment       0x0000006e       0x6f .\CortexM0\ARM_GCC_541\Debug\Slave.a(I2CS.o)
 .comment       0x0000006e       0x6f .\CortexM0\ARM_GCC_541\Debug\Slave.a(I2CS_I2C.o)
 .comment       0x0000006e       0x6f .\CortexM0\ARM_GCC_541\Debug\Slave.a(I2CS_I2C_SLAVE.o)
 .comment       0x0000006e       0x6f .\CortexM0\ARM_GCC_541\Debug\Slave.a(CyLib.o)
 .comment       0x0000006e       0x6f .\CortexM0\ARM_GCC_541\Debug\Slave.a(StripLights.o)
 .comment       0x0000006e       0x6f .\CortexM0\ARM_GCC_541\Debug\Slave.a(StripLights_fonts.o)
 .comment       0x0000006e       0x6f .\CortexM0\ARM_GCC_541\Debug\Slave.a(StripLights_cisr.o)
 .comment       0x0000006e       0x6f .\CortexM0\ARM_GCC_541\Debug\Slave.a(StripLights_fisr.o)
 .comment       0x0000006e       0x6f .\CortexM0\ARM_GCC_541\Debug\Slave.a(Button.o)
 .comment       0x0000006e       0x6f .\CortexM0\ARM_GCC_541\Debug\Slave.a(I2CS_I2C_INT.o)

.debug_weaknames
 *(.debug_weaknames)

.debug_funcnames
 *(.debug_funcnames)

.debug_typenames
 *(.debug_typenames)

.debug_varnames
 *(.debug_varnames)

.note.gnu.arm.ident
 *(.note.gnu.arm.ident)

.ARM.attributes
                0x00000000       0x28
 *(.ARM.attributes)
 .ARM.attributes
                0x00000000       0x1e c:/program files (x86)/cypress/psoc creator/4.1/psoc creator/import/gnu/arm/5.4.1/bin/../lib/gcc/arm-none-eabi/5.4.1/armv6-m/crti.o
 .ARM.attributes
                0x0000001e       0x2c c:/program files (x86)/cypress/psoc creator/4.1/psoc creator/import/gnu/arm/5.4.1/bin/../lib/gcc/arm-none-eabi/5.4.1/armv6-m/crtbegin.o
 .ARM.attributes
                0x0000004a       0x1b c:/program files (x86)/cypress/psoc creator/4.1/psoc creator/import/gnu/arm/5.4.1/bin/../lib/gcc/arm-none-eabi/5.4.1/../../../../arm-none-eabi/lib/armv6-m/crt0.o
 .ARM.attributes
                0x00000065       0x31 .\CortexM0\ARM_GCC_541\Debug\main.o
 .ARM.attributes
                0x00000096       0x31 .\CortexM0\ARM_GCC_541\Debug\cyfitter_cfg.o
 .ARM.attributes
                0x000000c7       0x31 .\CortexM0\ARM_GCC_541\Debug\cymetadata.o
 .ARM.attributes
                0x000000f8       0x31 .\CortexM0\ARM_GCC_541\Debug\Cm0Start.o
 .ARM.attributes
                0x00000129       0x31 .\CortexM0\ARM_GCC_541\Debug\Slave.a(LED_RED.o)
 .ARM.attributes
                0x0000015a       0x31 .\CortexM0\ARM_GCC_541\Debug\Slave.a(LED_GREEN.o)
 .ARM.attributes
                0x0000018b       0x31 .\CortexM0\ARM_GCC_541\Debug\Slave.a(LED_BLUE.o)
 .ARM.attributes
                0x000001bc       0x31 .\CortexM0\ARM_GCC_541\Debug\Slave.a(I2CS.o)
 .ARM.attributes
                0x000001ed       0x31 .\CortexM0\ARM_GCC_541\Debug\Slave.a(I2CS_I2C.o)
 .ARM.attributes
                0x0000021e       0x31 .\CortexM0\ARM_GCC_541\Debug\Slave.a(I2CS_I2C_SLAVE.o)
 .ARM.attributes
                0x0000024f       0x31 .\CortexM0\ARM_GCC_541\Debug\Slave.a(CyLib.o)
 .ARM.attributes
                0x00000280       0x31 .\CortexM0\ARM_GCC_541\Debug\Slave.a(StripLights.o)
 .ARM.attributes
                0x000002b1       0x31 .\CortexM0\ARM_GCC_541\Debug\Slave.a(StripLights_fonts.o)
 .ARM.attributes
                0x000002e2       0x31 .\CortexM0\ARM_GCC_541\Debug\Slave.a(StripLights_cisr.o)
 .ARM.attributes
                0x00000313       0x31 .\CortexM0\ARM_GCC_541\Debug\Slave.a(StripLights_fisr.o)
 .ARM.attributes
                0x00000344       0x31 .\CortexM0\ARM_GCC_541\Debug\Slave.a(Button.o)
 .ARM.attributes
                0x00000375       0x21 .\CortexM0\ARM_GCC_541\Debug\Slave.a(CyBootAsmGnu.o)
 .ARM.attributes
                0x00000396       0x31 .\CortexM0\ARM_GCC_541\Debug\Slave.a(I2CS_I2C_INT.o)
 .ARM.attributes
                0x000003c7       0x1e c:/program files (x86)/cypress/psoc creator/4.1/psoc creator/import/gnu/arm/5.4.1/bin/../lib/gcc/arm-none-eabi/5.4.1/armv6-m\libgcc.a(_udivsi3.o)
 .ARM.attributes
                0x000003e5       0x1e c:/program files (x86)/cypress/psoc creator/4.1/psoc creator/import/gnu/arm/5.4.1/bin/../lib/gcc/arm-none-eabi/5.4.1/armv6-m\libgcc.a(_dvmd_tls.o)
 .ARM.attributes
                0x00000403       0x2c c:/program files (x86)/cypress/psoc creator/4.1/psoc creator/import/gnu/arm/5.4.1/bin/../lib/gcc/arm-none-eabi/5.4.1/../../../../arm-none-eabi/lib/armv6-m\libg_nano.a(lib_a-errno.o)
 .ARM.attributes
                0x0000042f       0x2c c:/program files (x86)/cypress/psoc creator/4.1/psoc creator/import/gnu/arm/5.4.1/bin/../lib/gcc/arm-none-eabi/5.4.1/../../../../arm-none-eabi/lib/armv6-m\libg_nano.a(lib_a-exit.o)
 .ARM.attributes
                0x0000045b       0x2c c:/program files (x86)/cypress/psoc creator/4.1/psoc creator/import/gnu/arm/5.4.1/bin/../lib/gcc/arm-none-eabi/5.4.1/../../../../arm-none-eabi/lib/armv6-m\libg_nano.a(lib_a-impure.o)
 .ARM.attributes
                0x00000487       0x2c c:/program files (x86)/cypress/psoc creator/4.1/psoc creator/import/gnu/arm/5.4.1/bin/../lib/gcc/arm-none-eabi/5.4.1/../../../../arm-none-eabi/lib/armv6-m\libg_nano.a(lib_a-init.o)
 .ARM.attributes
                0x000004b3       0x2c c:/program files (x86)/cypress/psoc creator/4.1/psoc creator/import/gnu/arm/5.4.1/bin/../lib/gcc/arm-none-eabi/5.4.1/../../../../arm-none-eabi/lib/armv6-m\libg_nano.a(lib_a-memcpy-stub.o)
 .ARM.attributes
                0x000004df       0x2c c:/program files (x86)/cypress/psoc creator/4.1/psoc creator/import/gnu/arm/5.4.1/bin/../lib/gcc/arm-none-eabi/5.4.1/../../../../arm-none-eabi/lib/armv6-m\libg_nano.a(lib_a-memset.o)
 .ARM.attributes
                0x0000050b       0x2c c:/program files (x86)/cypress/psoc creator/4.1/psoc creator/import/gnu/arm/5.4.1/bin/../lib/gcc/arm-none-eabi/5.4.1/armv6-m/crtend.o
 .ARM.attributes
                0x00000537       0x1e c:/program files (x86)/cypress/psoc creator/4.1/psoc creator/import/gnu/arm/5.4.1/bin/../lib/gcc/arm-none-eabi/5.4.1/armv6-m/crtn.o

/DISCARD/
 *(.note.GNU-stack)
OUTPUT(C:\Users\James Sun\Documents\Git\Whackamole\Whackamole\Slave.cydsn\CortexM0\ARM_GCC_541\Debug\Slave.elf elf32-littlearm)
